I/ActivityManager(  593): Killing 1424:com.android.mms/u0a41 (adj 15): empty #17
D/CountryDetector(  593): No listener is left
I/ActivityManager(  593): Resuming delayed broadcast
I/ActivityManager(  593): Start proc org.mozilla.fennec for broadcast org.mozilla.fennec/org.mozilla.gecko.background.announcements.AnnouncementsBroadcastReceiver: pid=1835 uid=10087 gids={50087, 3003, 1028, 1015}
I/ActivityManager(  593): Killing 1210:com.google.android.apps.walletnfcrel/u0a65 (adj 15): empty #17
I/ActivityManager(  593): Delay finish: org.mozilla.fennec/org.mozilla.gecko.background.healthreport.HealthReportBroadcastReceiver
I/ActivityManager(  593): Resuming delayed broadcast
I/ActivityManager(  593): Killing 1457:com.android.cellbroadcastreceiver/u0a8 (adj 15): empty #17
I/ActivityManager(  593): Delay finish: com.android.vending/com.google.android.finsky.widget.recommendation.RecommendedWidgetProvider
I/ActivityManager(  593): Resuming delayed broadcast
I/ActivityManager(  593): Start proc com.google.android.music:main for broadcast com.google.android.music/.store.MediaStoreImportService$Receiver: pid=1864 uid=10042 gids={50042, 3003, 1028, 1015}
I/ActivityManager(  593): Start proc com.google.android.videos for service com.google.android.videos/.store.VideoUserContentService: pid=1891 uid=10061 gids={50061, 3003, 1028, 1015, 3002}
I/ActivityManager(  593): Delay finish: com.google.android.music/.store.MediaStoreImportService$Receiver
I/ActivityManager(  593): Resuming delayed broadcast
I/ActivityManager(  593): Start proc com.android.mms for broadcast com.android.mms/.transaction.SmsReceiver: pid=1906 uid=10041 gids={50041, 3003, 1028, 1015}
D/CountryDetector(  593): The first listener is added
I/ActivityManager(  593): Delay finish: com.android.mms/.transaction.SmsReceiver
I/ActivityManager(  593): Resuming delayed broadcast
I/ActivityManager(  593): Killing 956:com.android.printspooler/u0a113 (adj 15): empty #17
I/ActivityManager(  593): Delay finish: com.google.android.calendar/com.android.calendar.alerts.AlertReceiver
I/ActivityManager(  593): Resuming delayed broadcast
I/ActivityManager(  593): Delay finish: com.google.android.music/.store.MediaStoreImportService$Receiver
I/ActivityManager(  593): Resuming delayed broadcast
I/ActivityManager(  593): Start proc com.google.android.setupwizard for broadcast com.google.android.setupwizard/.MobileConnectivityChangeReceiver: pid=1963 uid=10052 gids={50052, 3003}
I/ActivityManager(  593): Start proc com.google.android.apps.walletnfcrel for broadcast com.google.android.apps.walletnfcrel/com.google.android.apps.wallet.util.WalletNetworkAccessReceiver: pid=1979 uid=10065 gids={50065, 3003, 1028}
I/ActivityManager(  593): Killing 1510:com.google.android.apps.genie.geniewidget/u0a21 (adj 15): empty #17
I/ActivityManager(  593): Start proc com.google.android.apps.magazines for service com.google.android.apps.magazines/com.google.apps.dots.android.newsstand.service.MagazinesUserContentService: pid=2003 uid=10038 gids={50038, 3003, 1028, 1015}
--------- beginning of /dev/log/main
E/BooksSync( 1612): Sync error
E/BooksSync( 1612): com.google.android.apps.books.net.HttpHelper$TokenExpiredException: com.google.api.client.http.HttpResponseException: 401: Unauthorized
E/BooksSync( 1612): URL: https://www.googleapis.com/books/v1/myconfig/syncVolumeLicenses?cpksver=2%3Di6eHPUIWM7E&nonce=7614964242423793956&features=RENTALS&key=AIzaSyCuLL2piIVBGOtu196oSi3-ndISBYPOjCU&source=ge-android-app
E/BooksSync( 1612): Headers:
E/BooksSync( 1612): accept-encoding: [gzip]
E/BooksSync( 1612): user-agent: [BooksAndroid Dalvik/1.6.0 (Linux; U; Android 4.4.2; Nexus 4 Build/KOT49H) com.google.android.apps.books/3.1.33 (30133) Safari/]
E/BooksSync( 1612): gdata-version: 2
E/BooksSync( 1612): 
E/BooksSync( 1612): 	at com.google.android.apps.books.net.HttpHelper.wrapExceptionBasedOnStatus(HttpHelper.java:209)
E/BooksSync( 1612): 	at com.google.android.apps.books.api.ApiaryClientImpl.executeOnce(ApiaryClientImpl.java:223)
E/BooksSync( 1612): 	at com.google.android.apps.books.api.ApiaryClientImpl.execute(ApiaryClientImpl.java:146)
E/BooksSync( 1612): 	at com.google.android.apps.books.net.NetworkBooksServer.syncVolumeLicenses(NetworkBooksServer.java:227)
E/BooksSync( 1612): 	at com.google.android.apps.books.sync.MyEbooksFetcher.fetch(MyEbooksFetcher.java:113)
E/BooksSync( 1612): 	at com.google.android.apps.books.sync.MyEbooksFetcher.fetch(MyEbooksFetcher.java:41)
E/BooksSync( 1612): 	at com.google.android.apps.books.sync.FetchDispatcher.ensure(FetchDispatcher.java:99)
E/BooksSync( 1612): 	at com.google.android.apps.books.service.BooksContentFetcher.ensureMyEbooksVolumes(BooksContentFetcher.java:118)
E/BooksSync( 1612): 	at com.google.android.apps.books.service.SyncAdapter.tryEnsureMyEbooksVolumes(SyncAdapter.java:437)
E/BooksSync( 1612): 	at com.google.android.apps.books.service.SyncAdapter.onPerformSync(SyncAdapter.java:235)
E/BooksSync( 1612): 	at android.content.AbstractThreadedSyncAdapter$SyncThread.run(AbstractThreadedSyncAdapter.java:259)
E/BooksSync( 1612): Caused by: com.google.api.client.http.HttpResponseException: 401 Unauthorized
E/BooksSync( 1612): {
E/BooksSync( 1612):  "error": {
E/BooksSync( 1612):   "errors": [
E/BooksSync( 1612):    {
E/BooksSync( 1612):     "domain": "global",
E/BooksSync( 1612):     "reason": "required",
E/BooksSync( 1612):     "message": "Login Required",
E/BooksSync( 1612):     "locationType": "header",
E/BooksSync( 1612):     "location": "Authorization"
E/BooksSync( 1612):    }
E/BooksSync( 1612):   ],
E/BooksSync( 1612):   "code": 401,
E/BooksSync( 1612):   "message": "Login Required"
E/BooksSync( 1612):  }
E/BooksSync( 1612): }
E/BooksSync( 1612): 
E/BooksSync( 1612): 	at com.google.api.client.http.HttpRequest.execute(HttpRequest.java:1054)
E/BooksSync( 1612): 	at com.google.android.apps.books.api.ApiaryClientImpl.executeOnce(ApiaryClientImpl.java:192)
E/BooksSync( 1612): 	... 9 more
I/BooksSync( 1612): Finished books sync
I/ActivityManager(  593): Killing 780:android.process.acore/u0a0 (adj 15): empty #17
D/SyncManager(  593): failed sync operation austin.ok@gmail.com u0 (com.google), com.google.android.apps.books, POLL, latestRunTime 25003, reason: AccountsUpdated, SyncResult: stats [ numIoExceptions: 1]
I/ActivityManager(  593): Killing 1548:com.google.android.exchange/u0a17 (adj 15): empty #17
W/GLSActivity(  909): com.google.android.gms.auth.UserRecoverableNotifiedException: User intervention required. Notification has been pushed.
W/GLSActivity(  909): 	at com.google.android.gms.auth.GoogleAuthUtil.a(Unknown Source)
W/GLSActivity(  909): 	at com.google.android.gms.auth.GoogleAuthUtil.getTokenWithNotification(Unknown Source)
W/GLSActivity(  909): 	at com.google.android.gsf.loginservice.GoogleLoginService$AccountAuthenticatorImpl.getAuthToken(GoogleLoginService.java:296)
W/GLSActivity(  909): 	at android.accounts.AbstractAccountAuthenticator$Transport.getAuthToken(AbstractAccountAuthenticator.java:196)
W/GLSActivity(  909): 	at android.accounts.IAccountAuthenticator$Stub.onTransact(IAccountAuthenticator.java:113)
W/GLSActivity(  909): 	at android.os.Binder.execTransact(Binder.java:404)
W/GLSActivity(  909): 	at dalvik.system.NativeStart.run(Native Method)
I/iu.UploadsManager( 1285): End new media; added: 0, uploading: 0, time: 78 ms
D/dalvikvm(  909): GC_CONCURRENT freed 346K, 6% free 9808K/10420K, paused 1ms+2ms, total 25ms
W/GLSActivity(  909): [apc] Status from wire: BadAuthentication status: BAD_AUTHENTICATION
I/GLSUser (  909): GLS error: BadAuthentication austin.ok@gmail.com oauth2:https://www.googleapis.com/auth/android_video https://www.googleapis.com/auth/youtube https://www.googleapis.com/auth/pos
W/GLSActivity(  909): [apc] Status from wire: BadAuthentication status: BAD_AUTHENTICATION
W/GLSUser (  909): GoogleAccountDataService.getToken()
W/GLSActivity(  909): [apc] Status from wire: BadAuthentication status: BAD_AUTHENTICATION
I/GLSUser (  909): GLS error: BadAuthentication austin.ok@gmail.com SID
D/dalvikvm( 1979): GC_CONCURRENT freed 275K, 4% free 9303K/9612K, paused 4ms+9ms, total 34ms
W/GLSActivity(  909): [apc] Status from wire: BadAuthentication status: BAD_AUTHENTICATION
V/WebViewChromium( 2003): Binding Chromium to the background looper Looper (main, tid 1) {42998b00}
I/chromium( 2003): [INFO:library_loader_hooks.cc(112)] Chromium logging enabled: level = 0, default verbosity = 0
I/BrowserProcessMain( 2003): Initializing chromium process, renderers=0
D/dalvikvm(  909): GC_FOR_ALLOC freed 206K, 7% free 9736K/10420K, paused 17ms, total 17ms
W/chromium( 2003): [WARNING:proxy_service.cc(888)] PAC support disabled because there is no system implementation
W/GLSActivity(  909): com.google.android.gms.auth.UserRecoverableNotifiedException: User intervention required. Notification has been pushed.
W/GLSActivity(  909): 	at com.google.android.gms.auth.GoogleAuthUtil.a(Unknown Source)
W/GLSActivity(  909): 	at com.google.android.gms.auth.GoogleAuthUtil.getTokenWithNotification(Unknown Source)
W/GLSActivity(  909): 	at com.google.android.gsf.loginservice.GoogleLoginService$AccountAuthenticatorImpl.getAuthToken(GoogleLoginService.java:296)
W/GLSActivity(  909): 	at android.accounts.AbstractAccountAuthenticator$Transport.getAuthToken(AbstractAccountAuthenticator.java:196)
W/GLSActivity(  909): 	at android.accounts.IAccountAuthenticator$Stub.onTransact(IAccountAuthenticator.java:113)
W/GLSActivity(  909): 	at android.os.Binder.execTransact(Binder.java:404)
W/GLSActivity(  909): 	at dalvik.system.NativeStart.run(Native Method)
I/Adreno-EGL( 2003): <qeglDrvAPI_eglInitialize:320>: EGL 1.4 QUALCOMM Build: I0404c4692afb8623f95c43aeb6d5e13ed4b30ddbDate: 11/06/13
I/iu.UploadsManager( 1285): End new media; added: 0, uploading: 0, time: 54 ms
D/dalvikvm( 1633): GC_CONCURRENT freed 286K, 4% free 9087K/9408K, paused 4ms+3ms, total 48ms
E/PlayMovies( 1891): GmsAccountManagerWrapper.blockingGetAuthTokenInternal:65 Cannot get user auth
E/PlayMovies( 1891): com.google.android.gms.auth.UserRecoverableNotifiedException: User intervention required. Notification has been pushed.
E/PlayMovies( 1891): 	at com.google.android.gms.auth.GoogleAuthUtil.a(Unknown Source)
E/PlayMovies( 1891): 	at com.google.android.gms.auth.GoogleAuthUtil.getTokenWithNotification(Unknown Source)
E/PlayMovies( 1891): 	at com.google.android.videos.accounts.GmsAccountManagerWrapper.blockingGetAuthTokenInternal(GmsAccountManagerWrapper.java:60)
E/PlayMovies( 1891): 	at com.google.android.videos.accounts.AccountManagerWrapper.blockingGetAuthToken(AccountManagerWrapper.java:154)
E/PlayMovies( 1891): 	at com.google.android.videos.async.AuthenticatingRequester.getAuthToken(AuthenticatingRequester.java:57)
E/PlayMovies( 1891): 	at com.google.android.videos.async.AuthenticatingRequester.request(AuthenticatingRequester.java:36)
E/PlayMovies( 1891): 	at com.google.android.videos.async.AuthenticatingRequester.request(AuthenticatingRequester.java:25)
E/PlayMovies( 1891): 	at com.google.android.videos.async.AsyncRequester$1.run(AsyncRequester.java:41)
E/PlayMovies( 1891): 	at java.util.concurrent.ThreadPoolExecutor.runWorker(ThreadPoolExecutor.java:1112)
E/PlayMovies( 1891): 	at java.util.concurrent.ThreadPoolExecutor$Worker.run(ThreadPoolExecutor.java:587)
E/PlayMovies( 1891): 	at com.google.android.videos.utils.PriorityThreadFactory$1.run(PriorityThreadFactory.java:42)
E/PlayMovies( 1891): 	at java.lang.Thread.run(Thread.java:841)
I/iu.UploadsManager( 1285): End new media; added: 0, uploading: 0, time: 26 ms
W/GAV2    ( 2003): Thread[main,5,main]: Need to call initialize() and be in fallback mode to start dispatch.
I/MediaSyncManager( 1285): [AllPhotos Large] downloaded: 0, duration: 1.508 seconds
D/dalvikvm( 2003): GC_CONCURRENT freed 264K, 4% free 9167K/9456K, paused 1ms+3ms, total 24ms
E/DowngradeSafeSQLiteOpenHelper( 1979): old version: 35 new version: 35
D/dalvikvm(  909): GC_CONCURRENT freed 374K, 7% free 9755K/10420K, paused 2ms+1ms, total 17ms
D/dalvikvm(  909): WAIT_FOR_CONCURRENT_GC blocked 3ms
I/ActivityManager(  593): Killing 1583:com.google.android.talk/u0a58 (adj 15): empty #17
D/dalvikvm(  909): GC_FOR_ALLOC freed 31K, 7% free 9761K/10420K, paused 19ms, total 20ms
I/dalvikvm-heap(  909): Grow heap (frag case) to 9.703MB for 81936-byte allocation
D/dalvikvm( 1979): GC_CONCURRENT freed 193K, 3% free 9514K/9740K, paused 2ms+2ms, total 20ms
D/dalvikvm(  909): GC_FOR_ALLOC freed 37K, 7% free 9803K/10504K, paused 22ms, total 22ms
D/dalvikvm(  909): GC_FOR_ALLOC freed <1K, 7% free 9845K/10504K, paused 14ms, total 14ms
I/dalvikvm-heap(  909): Grow heap (frag case) to 9.787MB for 83898-byte allocation
D/dalvikvm(  909): GC_FOR_ALLOC freed <1K, 7% free 9926K/10588K, paused 14ms, total 14ms
D/dalvikvm(  909): GC_FOR_ALLOC freed 194K, 8% free 9793K/10588K, paused 16ms, total 16ms
D/GCM     (  909): GcmService start Intent { act=android.net.conn.CONNECTIVITY_CHANGE flg=0x4000010 cmp=com.google.android.gms/.gcm.GcmService (has extras) } android.net.conn.CONNECTIVITY_CHANGE
I/ActivityManager(  593): Start proc com.android.chrome for broadcast com.android.chrome/com.google.android.apps.chrome.precache.PrecacheServiceLauncher: pid=2043 uid=10010 gids={50010, 3003, 1028, 1015}
D/dalvikvm( 2003): GC_CONCURRENT freed 251K, 3% free 9430K/9712K, paused 8ms+2ms, total 34ms
D/dalvikvm( 2003): WAIT_FOR_CONCURRENT_GC blocked 6ms
I/NSApplication( 2003): Starting up...
I/CheckinTask(  909): Sending checkin request (15380 bytes)
D/dalvikvm( 2003): GC_CONCURRENT freed 310K, 4% free 9528K/9872K, paused 2ms+2ms, total 15ms
W/GAV2    ( 1612): Thread[GAThread,5,main]: Service unavailable (code=1), will retry.
W/ActivityManager(  593): Unable to start service Intent { act=com.google.android.gms.analytics.service.START cmp=com.google.android.gms/.analytics.service.AnalyticsService (has extras) } U=0: not found
I/GAV2    ( 1612): Thread[GAThread,5,main]: No campaign data found.
I/Icing   (  981): Indexing 06A91C1C780F80EA617A05C156390942EB433E1D from com.google.android.music
I/iu.Environment( 1285): update connectivity state; isNetworkMetered? false, isRoaming? false, isBackgroundDataAllowed? true
D/YouTube ( 1663): apps.youtube.app.prefetch.PrefetchService$DeviceStateReceiver.onReceive:533 Got device state change intent: android.net.conn.CONNECTIVITY_CHANGE
D/dalvikvm(  909): GC_CONCURRENT freed 329K, 7% free 9898K/10588K, paused 2ms+3ms, total 25ms
D/YouTube ( 1663): apps.youtube.app.prefetch.PrefetchService.onStartCommand:166 PrefetchService started at 24 Apr 2014 19:46:13 GMT
D/YouTube ( 1663): apps.youtube.app.prefetch.PrefetchService.q_:245 Download snapshot restored
D/GCM     (  909): Connected
D/YouTube ( 1663): apps.youtube.app.prefetch.PrefetchService.onDestroy:215 PrefetchService destroyed at 24 Apr 2014 19:46:13 GMT
D/dalvikvm( 1285): GC_FOR_ALLOC freed 944K, 8% free 22517K/24336K, paused 24ms, total 24ms
V/AlarmClock( 1473): AlarmInitReceiver android.intent.action.TIME_SET
I/AlarmClock( 1473): Displaying next alarm time: ''
V/AlarmClock( 1473): AlarmInitReceiver finished
I/GCM     (  909): GCM message com.google.android.gsf.gtalkservice 
W/ActivityThread(  909): ClassLoader.loadClass: The class loader returned by Thread.getContextClassLoader() may fail for processes that host multiple applications. You should explicitly specify a context class loader. For example: Thread.setContextClassLoader(getClass().getClassLoader());
I/ActivityManager(  593): Start proc com.google.android.talk for broadcast com.google.android.talk/com.google.android.apps.babel.realtimechat.RealTimeChatService$AlarmReceiver: pid=2075 uid=10058 gids={50058, 3003, 1028, 1015, 3002}
D/dalvikvm(  828): GC_CONCURRENT freed 340K, 4% free 9374K/9744K, paused 1ms+3ms, total 28ms
I/Icing   (  981): Indexing done 06A91C1C780F80EA617A05C156390942EB433E1D
D/GCM     (  909): Message class ino
I/ActivityManager(  593): Killing 1300:com.android.providers.calendar/u0a7 (adj 15): empty #17
D/dalvikvm(  593): GC_EXPLICIT freed 1324K, 11% free 18007K/20072K, paused 3ms+6ms, total 77ms
D/dalvikvm( 2075): GC_CONCURRENT freed 314K, 4% free 9161K/9508K, paused 4ms+2ms, total 24ms
W/Settings( 2075): Setting airplane_mode_on has moved from android.provider.Settings.System to android.provider.Settings.Global, returning read-only value.
I/MmsConfig( 2075): MmsConfig.init: mnc/mcc: 310/0
I/Babel   ( 2075): ### loadDeviceMmsSettings from API: mUserAgent=Nexus4, mUaProfUrl=http://gsm.lge.com/html/gsm/20130914.xml
V/MmsConfig( 2075): tag: bool value: enabledMMS - true
V/MmsConfig( 2075): tag: int value: maxMessageSize - 307200
V/MmsConfig( 2075): tag: int value: maxImageHeight - 480
V/MmsConfig( 2075): tag: int value: maxImageWidth - 640
V/MmsConfig( 2075): tag: int value: recipientLimit - -1
V/MmsConfig( 2075): tag: bool value: enableMultipartSMS - true
V/MmsConfig( 2075): tag: int value: smsToMmsTextThreshold - -1
V/MmsConfig( 2075): tag: int value: maxMessageTextSize - -1
I/Babel   ( 2075): ### loadMmsSettings: mUserAgent=Nexus4, mUaProfUrl=http://gsm.lge.com/html/gsm/20130914.xml
I/ActivityManager(  593): Delay finish: com.google.android.talk/com.google.android.apps.babel.realtimechat.RealTimeChatService$AlarmReceiver
D/dalvikvm( 2075): GC_CONCURRENT freed 363K, 5% free 9185K/9580K, paused 2ms+2ms, total 15ms
W/GLSUser (  909): GoogleAccountDataService.getToken()
D/dalvikvm(  909): GC_CONCURRENT freed 501K, 8% free 9815K/10588K, paused 2ms+2ms, total 20ms
W/GLSActivity(  909): [apc] Status from wire: BadAuthentication status: BAD_AUTHENTICATION
I/GLSUser (  909): GLS error: BadAuthentication austin.ok@gmail.com AndroidCheckInServer
W/GLSActivity(  909): [apc] Status from wire: BadAuthentication status: BAD_AUTHENTICATION
W/GLSActivity(  909): com.google.android.gms.auth.UserRecoverableNotifiedException: User intervention required. Notification has been pushed.
W/GLSActivity(  909): 	at com.google.android.gms.auth.GoogleAuthUtil.a(Unknown Source)
W/GLSActivity(  909): 	at com.google.android.gms.auth.GoogleAuthUtil.getTokenWithNotification(Unknown Source)
W/GLSActivity(  909): 	at com.google.android.gsf.loginservice.GoogleLoginService$AccountAuthenticatorImpl.getAuthToken(GoogleLoginService.java:296)
W/GLSActivity(  909): 	at android.accounts.AbstractAccountAuthenticator$Transport.getAuthToken(AbstractAccountAuthenticator.java:196)
W/GLSActivity(  909): 	at android.accounts.IAccountAuthenticator$Stub.onTransact(IAccountAuthenticator.java:113)
W/GLSActivity(  909): 	at android.os.Binder.execTransact(Binder.java:404)
W/GLSActivity(  909): 	at dalvik.system.NativeStart.run(Native Method)
W/GLSUser (  909): GoogleAccountDataService.getToken()
W/GLSActivity(  909): [apc] Status from wire: BadAuthentication status: BAD_AUTHENTICATION
I/GLSUser (  909): GLS error: BadAuthentication austin.ok@gmail.com SID
W/GLSActivity(  909): [apc] Status from wire: BadAuthentication status: BAD_AUTHENTICATION
W/GLSActivity(  909): com.google.android.gms.auth.UserRecoverableNotifiedException: User intervention required. Notification has been pushed.
W/GLSActivity(  909): 	at com.google.android.gms.auth.GoogleAuthUtil.a(Unknown Source)
W/GLSActivity(  909): 	at com.google.android.gms.auth.GoogleAuthUtil.getTokenWithNotification(Unknown Source)
W/GLSActivity(  909): 	at com.google.android.gsf.loginservice.GoogleLoginService$AccountAuthenticatorImpl.getAuthToken(GoogleLoginService.java:296)
W/GLSActivity(  909): 	at android.accounts.AbstractAccountAuthenticator$Transport.getAuthToken(AbstractAccountAuthenticator.java:196)
W/GLSActivity(  909): 	at android.accounts.IAccountAuthenticator$Stub.onTransact(IAccountAuthenticator.java:113)
W/GLSActivity(  909): 	at android.os.Binder.execTransact(Binder.java:404)
W/GLSActivity(  909): 	at dalvik.system.NativeStart.run(Native Method)
I/ActivityManager(  593): Resuming delayed broadcast
I/ActivityManager(  593): Delay finish: com.google.android.talk/com.google.android.apps.babel.realtimechat.RealTimeChatService$AlarmReceiver
I/CheckinTask(  909): Checkin success: https://android.clients.google.com/checkin (1 requests sent)
D/ConnectivityService(  593): handleInetConditionHoldEnd: net=1, condition=100, published condition=0
I/MediaSyncManager( 1285): [Highlights Large] downloaded: 0, duration: 0.895 seconds
D/dalvikvm(  909): GC_CONCURRENT freed 428K, 8% free 9784K/10588K, paused 3ms+2ms, total 24ms
D/dalvikvm( 2075): GC_CONCURRENT freed 309K, 4% free 9278K/9620K, paused 1ms+2ms, total 15ms
I/ActivityManager(  593): Resuming delayed broadcast
I/ActivityManager(  593): Delay finish: com.google.android.music/.store.MediaStoreImportService$Receiver
I/MediaStoreImporter( 1864): Update: incremental Added music: 0 Updated music: 0 Deleted music: 0 Created playlists: 0 Updated playlists: 0 Deleted playlists: 0 Inserted playlist items: 0 Deleted playlist items: 0 Removed orphaned playlist items: 0
I/ActivityManager(  593): Resuming delayed broadcast
I/ActivityManager(  593): Delay finish: com.google.android.gm/.MailIntentReceiver
I/ActivityManager(  593): Resuming delayed broadcast
D/dalvikvm( 1864): GC_CONCURRENT freed 206K, 3% free 9666K/9956K, paused 1ms+2ms, total 15ms
I/ActivityManager(  593): Killing 1735:com.google.android.inputmethod.pinyin/u0a28 (adj 15): empty #17
I/ActivityManager(  593): Delay finish: com.google.android.talk/com.google.android.apps.babel.realtimechat.RealTimeChatService$AlarmReceiver
W/GLSUser (  909): GoogleAccountDataService.getToken()
D/dalvikvm( 2075): GC_CONCURRENT freed 271K, 4% free 9402K/9704K, paused 1ms+2ms, total 16ms
W/GLSActivity(  909): [apc] Status from wire: BadAuthentication status: BAD_AUTHENTICATION
I/GLSUser (  909): GLS error: BadAuthentication austin.ok@gmail.com oauth2:https://www.googleapis.com/auth/chat https://www.googleapis.com/auth/plus.me https://www.googleapis.com/auth/hangouts https://www.googleapis.com/auth/chat.native
W/GLSActivity(  909): [apc] Status from wire: BadAuthentication status: BAD_AUTHENTICATION
E/Babel   ( 2075): UserRecoverableAuthException.
E/Babel   ( 2075): com.google.android.gms.auth.UserRecoverableAuthException: BadAuthentication
E/Babel   ( 2075): 	at com.google.android.gms.auth.GoogleAuthUtil.getToken(Unknown Source)
E/Babel   ( 2075): 	at com.google.android.apps.babel.util.AccountsUtil.a(SourceFile:190)
E/Babel   ( 2075): 	at com.google.android.apps.babel.network.d.H(SourceFile:70)
E/Babel   ( 2075): 	at com.google.android.apps.babel.realtimechat.RealTimeChatService.i(SourceFile:2538)
E/Babel   ( 2075): 	at com.google.android.apps.babel.realtimechat.RealTimeChatService.t(SourceFile:2654)
E/Babel   ( 2075): 	at com.google.android.apps.babel.realtimechat.RealTimeChatService.onHandleIntent(SourceFile:611)
E/Babel   ( 2075): 	at android.app.IntentService$ServiceHandler.handleMessage(IntentService.java:65)
E/Babel   ( 2075): 	at android.os.Handler.dispatchMessage(Handler.java:102)
E/Babel   ( 2075): 	at android.os.Looper.loop(Looper.java:136)
E/Babel   ( 2075): 	at android.os.HandlerThread.run(HandlerThread.java:61)
E/Babel   ( 2075): invalidateAuthTokenForAccountSetup
E/Babel   ( 2075): com.google.android.apps.babel.util.AccountsUtil$BabelAuthException
E/Babel   ( 2075): 	at com.google.android.apps.babel.util.AccountsUtil.a(SourceFile:200)
E/Babel   ( 2075): 	at com.google.android.apps.babel.network.d.H(SourceFile:70)
E/Babel   ( 2075): 	at com.google.android.apps.babel.realtimechat.RealTimeChatService.i(SourceFile:2538)
E/Babel   ( 2075): 	at com.google.android.apps.babel.realtimechat.RealTimeChatService.t(SourceFile:2654)
E/Babel   ( 2075): 	at com.google.android.apps.babel.realtimechat.RealTimeChatService.onHandleIntent(SourceFile:611)
E/Babel   ( 2075): 	at android.app.IntentService$ServiceHandler.handleMessage(IntentService.java:65)
E/Babel   ( 2075): 	at android.os.Handler.dispatchMessage(Handler.java:102)
E/Babel   ( 2075): 	at android.os.Looper.loop(Looper.java:136)
E/Babel   ( 2075): 	at android.os.HandlerThread.run(HandlerThread.java:61)
E/Babel   ( 2075): Account registration failedRedacted-19
E/Babel   ( 2075): com.google.android.apps.babel.util.AccountsUtil$BabelAuthException
E/Babel   ( 2075): 	at com.google.android.apps.babel.util.AccountsUtil.a(SourceFile:200)
E/Babel   ( 2075): 	at com.google.android.apps.babel.network.d.H(SourceFile:70)
E/Babel   ( 2075): 	at com.google.android.apps.babel.realtimechat.RealTimeChatService.i(SourceFile:2538)
E/Babel   ( 2075): 	at com.google.android.apps.babel.realtimechat.RealTimeChatService.t(SourceFile:2654)
E/Babel   ( 2075): 	at com.google.android.apps.babel.realtimechat.RealTimeChatService.onHandleIntent(SourceFile:611)
E/Babel   ( 2075): 	at android.app.IntentService$ServiceHandler.handleMessage(IntentService.java:65)
E/Babel   ( 2075): 	at android.os.Handler.dispatchMessage(Handler.java:102)
E/Babel   ( 2075): 	at android.os.Looper.loop(Looper.java:136)
E/Babel   ( 2075): 	at android.os.HandlerThread.run(HandlerThread.java:61)
I/Babel   ( 2075): Account setup failed with error state:106 account:Redacted-19
I/Babel   ( 2075): Account sign in complete with state 106account: Redacted-19
I/ActivityManager(  593): Resuming delayed broadcast
I/ActivityManager(  593): Start proc com.android.providers.calendar for broadcast com.android.providers.calendar/.CalendarProviderBroadcastReceiver: pid=2109 uid=10007 gids={50007, 3003, 1028, 1015}
I/CalendarProvider2( 2109): Created com.android.providers.calendar.CalendarAlarmManager@429b5728(com.android.providers.calendar.CalendarProvider2@429ad3f8)
I/ActivityManager(  593): Delay finish: com.android.providers.calendar/.CalendarProviderBroadcastReceiver
W/GAV2    ( 1748): Thread[GAThread,5,main]: Service unavailable (code=1), will retry.
W/ActivityManager(  593): Unable to start service Intent { act=com.google.android.gms.analytics.service.START cmp=com.google.android.gms/.analytics.service.AnalyticsService (has extras) } U=0: not found
I/GAV2    ( 1748): Thread[GAThread,5,main]: No campaign data found.
I/CalendarProvider2( 2109): Sending notification intent: Intent { act=android.intent.action.PROVIDER_CHANGED dat=content://com.android.calendar }
W/ContentResolver( 2109): Failed to get type for: content://com.android.calendar (Unknown URL content://com.android.calendar)
I/ActivityManager(  593): Resuming delayed broadcast
I/ActivityManager(  593): Delay finish: com.google.android.gm/.GmailReceiver
I/ActivityManager(  593): Resuming delayed broadcast
I/ActivityManager(  593): Delay finish: com.google.android.gm/.GmailReceiver
I/NotifUtils( 1748): Validating Notification, mapSize: 0 getAttention: true ignoreUnobtrusive: false
I/NotifUtils( 1748): validateNotifications - cancelling account 1162682561 / folder -317575340
I/ActivityManager(  593): Resuming delayed broadcast
I/ActivityManager(  593): Delay finish: com.google.android.gm/.GmailReceiver
D/dalvikvm( 1748): GC_CONCURRENT freed 385K, 5% free 9641K/10056K, paused 1ms+1ms, total 22ms
I/ActivityManager(  593): Resuming delayed broadcast
I/ActivityManager(  593): Delay finish: com.google.android.gm/.GmailReceiver
I/ActivityManager(  593): Resuming delayed broadcast
I/ActivityManager(  593): Delay finish: com.google.android.gm/.GmailReceiver
I/ActivityManager(  593): Resuming delayed broadcast
I/ActivityManager(  593): Delay finish: org.mozilla.fennec/org.mozilla.gecko.background.healthreport.HealthReportBroadcastReceiver
I/GeckoHealth( 1835): fennec :: HealthReportBroadcastService :: Registering HealthReportUploadService.
I/GeckoHealth( 1835): fennec :: BackgroundService :: Setting inexact repeating alarm for interval 3600000
I/GeckoHealth( 1835): fennec :: HealthReportBroadcastService :: Registering HealthReportPruneService.
I/GeckoHealth( 1835): fennec :: BackgroundService :: Setting inexact repeating alarm for interval 86400000
I/ActivityManager(  593): Resuming delayed broadcast
I/ActivityManager(  593): Delay finish: org.mozilla.fennec/org.mozilla.gecko.background.healthreport.HealthReportBroadcastReceiver
I/ActivityManager(  593): Resuming delayed broadcast
I/GeckoAnnounce( 1835): fennec :: AnnounceBrSvc :: Registering AnnouncementsService.
I/GeckoAnnounce( 1835): fennec :: BackgroundService :: Setting inexact repeating alarm for interval 43200000
W/GAV2    ( 1774): Thread[GAThread,5,main]: Service unavailable (code=1), will retry.
I/GAV2    ( 1774): Thread[GAThread,5,main]: No campaign data found.
I/ActivityManager(  593): Delay finish: org.mozilla.fennec/org.mozilla.gecko.background.announcements.AnnouncementsBroadcastReceiver
W/ActivityManager(  593): Unable to start service Intent { act=com.google.android.gms.analytics.service.START cmp=com.google.android.gms/.analytics.service.AnalyticsService (has extras) } U=0: not found
I/ActivityManager(  593): Resuming delayed broadcast
I/ActivityManager(  593): Killing 1194:com.google.android.partnersetup/u0a27 (adj 15): empty #17
I/ActivityManager(  593): Delay finish: com.google.android.gms/.playlog.uploader.UploaderAlarmReceiver
I/ActivityManager(  593): Resuming delayed broadcast
I/ActivityManager(  593): Delay finish: com.android.mms/.transaction.SmsReceiver
V/SmsReceiverService( 1906): onStart: #1 mResultCode: -1 = Activity.RESULT_OK
I/ActivityManager(  593): Resuming delayed broadcast
D/AlertReceiver( 1633): onReceive: a=android.intent.action.PROVIDER_CHANGED Intent { act=android.intent.action.PROVIDER_CHANGED dat=content://com.android.calendar flg=0x10 cmp=com.google.android.calendar/com.android.calendar.alerts.AlertReceiver }
I/ActivityManager(  593): Delay finish: com.google.android.gms/.playlog.uploader.UploaderAlarmReceiver
W/Uploader(  981): No account for auth token provided
D/dalvikvm(  981): GC_CONCURRENT freed 415K, 5% free 9586K/10016K, paused 2ms+5ms, total 25ms
W/GAV2    ( 1285): Thread[Service Reconnect,5,main]: Service unavailable (code=1), using local store.
W/ActivityManager(  593): Unable to start service Intent { act=com.google.android.gms.analytics.service.START cmp=com.google.android.gms/.analytics.service.AnalyticsService (has extras) } U=0: not found
D/dalvikvm( 1285): GC_FOR_ALLOC freed 3868K, 16% free 22860K/27064K, paused 18ms, total 18ms
D/dalvikvm(  981): GC_CONCURRENT freed 294K, 5% free 9689K/10096K, paused 3ms+3ms, total 20ms
W/ActivityThread(  981): ClassLoader.loadClass: The class loader returned by Thread.getContextClassLoader() may fail for processes that host multiple applications. You should explicitly specify a context class loader. For example: Thread.setContextClassLoader(getClass().getClassLoader());
W/Uploader(  981): No account for auth token provided
W/Uploader(  981): No account for auth token provided
I/ActivityManager(  593): Resuming delayed broadcast
I/ActivityManager(  593): Delay finish: com.google.android.music/.leanback.AutoCacheSchedulingService$EnablingReceiver
W/ContextImpl( 1864): Implicit intents with startService are not safe: Intent { act=com.google.android.music.NETWORK_MONITOR_SERVICE } android.content.ContextWrapper.bindService:517 com.google.android.music.utils.SafeServiceConnection$ServiceConnectionImp.bindService:98 com.google.android.music.utils.SafeServiceConnection.bindService:259 
W/ContextImpl( 1864): Implicit intents with startService are not safe: Intent { act=com.google.android.music.NETWORK_MONITOR_SERVICE } android.content.ContextWrapper.bindService:517 com.google.android.music.utils.SafeServiceConnection$ServiceConnectionImp.bindService:98 com.google.android.music.utils.SafeServiceConnection.bindService:259 
D/CacheService( 1864): onCreate
D/CacheService( 1864): onBind
I/MusicLeanback( 1864): Conditions not met for autocaching.
I/MusicLeanback( 1864): Stop autocaching.
D/CacheService( 1864): onDestroy
I/ActivityManager(  593): Resuming delayed broadcast
D/AlertService( 1633): Beginning updateAlertNotification
D/AlertService( 1633): No fired or scheduled alerts
D/AlertService( 1633): Scheduling next alarm with AlarmScheduler. sEventReminderReceived: null
D/AlarmScheduler( 1633): Query result count for events starting within 1 week: 5
D/AlertService( 1633): 0 Action = android.intent.action.PROVIDER_CHANGED
D/dalvikvm( 1285): GC_FOR_ALLOC freed 4305K, 17% free 22857K/27512K, paused 20ms, total 20ms
W/GAV2    ( 2003): Thread[GAThread,5,main]: Service unavailable (code=1), will retry.
W/ActivityManager(  593): Unable to start service Intent { act=com.google.android.gms.analytics.service.START cmp=com.google.android.gms/.analytics.service.AnalyticsService (has extras) } U=0: not found
I/GAV2    ( 2003): Thread[GAThread,5,main]: No campaign data found.
W/MagazinesUserContentService( 2003): No magazines data available yet; we'll fetch it, and tell you when it's ready
D/Finsky  ( 1532): [127] ConsumptionAppServiceConn.getDataFromService: Error fetching data from service for backend=[6]
D/CaptivePortalTracker(  593): DelayedCaptiveCheckState{ when=-5ms what=2 arg1=1 target=com.android.internal.util.StateMachine$SmHandler }
D/ConnectivityService(  593): setProvNotificationVisible: E visible=false networkType=1 extraInfo=null url=null
I/ActivityManager(  593): Killing 1490:com.google.android.email/u0a16 (adj 15): empty #17
I/ActivityManager(  593): Killing 1774:com.google.android.googlequicksearchbox:search/u0a59 (adj 15): empty #18
I/ActivityManager(  593): Killing 1532:com.android.vending/u0a50 (adj 15): empty #17
W/GAV2    ( 1612): Thread[Service Reconnect,5,main]: Service unavailable (code=1), using local store.
W/ActivityManager(  593): Unable to start service Intent { act=com.google.android.gms.analytics.service.START cmp=com.google.android.gms/.analytics.service.AnalyticsService (has extras) } U=0: not found
D/CaptivePortalTracker(  593): Checking http://74.125.239.96/generate_204
W/ActivityThread(  593): ClassLoader.loadClass: The class loader returned by Thread.getContextClassLoader() may fail for processes that host multiple applications. You should explicitly specify a context class loader. For example: Thread.setContextClassLoader(getClass().getClassLoader());
D/YouTube ( 1663): apps.youtube.common.e.j.e:170 Scheduling task com.google.android.apps.youtube.datalib.offline.p with ScheduledExecutorService for repeating execution.
D/YouTube ( 1663): apps.youtube.common.e.j.e:170 Scheduling task com.google.android.apps.youtube.datalib.offline.r with ScheduledExecutorService for repeating execution.
D/dalvikvm(  593): GC_CONCURRENT freed 1954K, 10% free 18221K/20212K, paused 4ms+6ms, total 78ms
D/CaptivePortalTracker(  593): Don't send network conditions - lacking user consent.
D/CaptivePortalTracker(  593): isCaptivePortal: ret=false rspCode=204
D/CaptivePortalTracker(  593): Not captive network NetworkInfo: type: WIFI[], state: CONNECTED/CONNECTED, reason: (unspecified), extra: "okweefee2", roaming: false, failover: false, isAvailable: true, isConnectedToProvisioningNetwork: false
D/CaptivePortalTracker(  593): notifyPortalCheckCompleted: captive=false ni=NetworkInfo: type: WIFI[], state: CONNECTED/CONNECTED, reason: (unspecified), extra: "okweefee2", roaming: false, failover: false, isAvailable: true, isConnectedToProvisioningNetwork: false
D/ConnectivityService(  593): captivePortalCheckCompleted: ni=NetworkInfo: type: WIFI[], state: CONNECTED/CONNECTED, reason: (unspecified), extra: "okweefee2", roaming: false, failover: false, isAvailable: true, isConnectedToProvisioningNetwork: false captive=false
D/dalvikvm( 1285): GC_FOR_ALLOC freed 4302K, 17% free 22857K/27512K, paused 18ms, total 18ms
W/GAV2    ( 1748): Thread[Service Reconnect,5,main]: Service unavailable (code=1), using local store.
W/ActivityManager(  593): Unable to start service Intent { act=com.google.android.gms.analytics.service.START cmp=com.google.android.gms/.analytics.service.AnalyticsService (has extras) } U=0: not found
I/MediaSyncManager( 1285): [AllPhotos Thumbnail] downloaded: 0, duration: 7.138 seconds
D/dalvikvm( 1285): GC_FOR_ALLOC freed 4304K, 17% free 22859K/27512K, paused 18ms, total 18ms
D/AlertService( 1633): Beginning updateAlertNotification
D/AlertService( 1633): No fired or scheduled alerts
D/AlertService( 1633): Scheduling next alarm with AlarmScheduler. sEventReminderReceived: null
D/AlarmScheduler( 1633): Query result count for events starting within 1 week: 5
I/ActivityManager(  593): Start proc android.process.acore for broadcast com.android.providers.contacts/.PackageIntentReceiver: pid=2166 uid=10000 gids={50000, 3003, 1028, 1015}
I/InputReader(  593): Reconfiguring input devices.  changes=0x00000010
I/PackageManager(  593):   Action: "android.intent.action.SENDTO"
I/PackageManager(  593):   Category: "android.intent.category.DEFAULT"
I/PackageManager(  593):   Scheme: "sms"
I/PackageManager(  593): Adding preferred activity ComponentInfo{com.android.mms/com.android.mms.ui.ComposeMessageActivity} for user 0 :
D/dalvikvm(  856): GC_CONCURRENT freed 304K, 4% free 9394K/9724K, paused 2ms+2ms, total 34ms
I/PackageManager(  593):   Action: "android.intent.action.SENDTO"
I/PackageManager(  593):   Category: "android.intent.category.DEFAULT"
I/PackageManager(  593):   Scheme: "smsto"
I/PackageManager(  593): Adding preferred activity ComponentInfo{com.android.mms/com.android.mms.ui.ComposeMessageActivity} for user 0 :
I/PackageManager(  593):   Action: "android.intent.action.SENDTO"
I/PackageManager(  593):   Category: "android.intent.category.DEFAULT"
I/PackageManager(  593):   Scheme: "mms"
I/PackageManager(  593): Adding preferred activity ComponentInfo{com.android.mms/com.android.mms.ui.ComposeMessageActivity} for user 0 :
I/PackageManager(  593):   Action: "android.intent.action.SENDTO"
I/PackageManager(  593):   Category: "android.intent.category.DEFAULT"
I/PackageManager(  593):   Scheme: "mmsto"
I/PackageManager(  593): Adding preferred activity ComponentInfo{com.android.mms/com.android.mms.ui.ComposeMessageActivity} for user 0 :
I/PackageManager(  593):   Action: "android.intent.action.SENDTO"
I/PackageManager(  593):   Category: "android.intent.category.DEFAULT"
I/PackageManager(  593):   Scheme: "sms"
I/PackageManager(  593): Adding preferred activity ComponentInfo{com.android.mms/com.android.mms.ui.ComposeMessageActivity} for user 0 :
I/PackageManager(  593):   Action: "android.intent.action.SENDTO"
I/PackageManager(  593):   Category: "android.intent.category.DEFAULT"
I/PackageManager(  593):   Scheme: "smsto"
I/PackageManager(  593): Adding preferred activity ComponentInfo{com.android.mms/com.android.mms.ui.ComposeMessageActivity} for user 0 :
I/PackageManager(  593):   Action: "android.intent.action.SENDTO"
I/PackageManager(  593):   Category: "android.intent.category.DEFAULT"
I/PackageManager(  593):   Scheme: "mms"
I/PackageManager(  593): Adding preferred activity ComponentInfo{com.android.mms/com.android.mms.ui.ComposeMessageActivity} for user 0 :
I/PackageManager(  593):   Action: "android.intent.action.SENDTO"
I/PackageManager(  593):   Category: "android.intent.category.DEFAULT"
I/PackageManager(  593):   Scheme: "mmsto"
D/dalvikvm( 2166): GC_CONCURRENT freed 260K, 4% free 9233K/9524K, paused 2ms+1ms, total 23ms
D/dalvikvm( 2166): WAIT_FOR_CONCURRENT_GC blocked 3ms
D/dalvikvm( 2166): WAIT_FOR_CONCURRENT_GC blocked 3ms
I/PackageManager(  593): Adding preferred activity ComponentInfo{com.android.mms/com.android.mms.ui.ComposeMessageActivity} for user 0 :
I/ActivityManager(  593): Killing 1963:com.google.android.setupwizard/u0a52 (adj 15): empty #17
W/GAV2    ( 2003): Thread[Service Reconnect,5,main]: Service unavailable (code=1), using local store.
W/ActivityManager(  593): Unable to start service Intent { act=com.google.android.gms.analytics.service.START cmp=com.google.android.gms/.analytics.service.AnalyticsService (has extras) } U=0: not found
I/ActivityManager(  593): Start proc com.android.vending for broadcast com.android.vending/com.google.android.finsky.receivers.PackageMonitorReceiver$RegisteredReceiver: pid=2192 uid=10050 gids={50050, 3003, 1028, 1015}
I/ContactLocale( 2166): AddressBook Labels [en_US]: [, A, B, C, D, E, F, G, H, I, J, K, L, M, N, O, P, Q, R, S, T, U, V, W, X, Y, Z, , , , , , , , , , , , , , , , , , , , , , , , , , , , , , , , , , , , , , , , , , , , , , , , , , , , , , , , , , , , , , , , , , , , , , , , , , , , , , , , , , , , , , , , , , , , , , , , , , , , , , , , , , , , , , , , , , , , , , , , , , , , , , , , , , , , , , , , , , , , , , , , , , , , , , , , , , , , , , , , , , , , , , , , , , , , , , , , , , , , , , #, ]
D/dalvikvm(  909): GC_EXPLICIT freed 172K, 6% free 9797K/10332K, paused 2ms+3ms, total 25ms
D/Finsky  ( 2192): [1] FinskyApp.onCreate: Initializing network with DFE https://android.clients.google.com/fdfe/
D/dalvikvm( 2192): GC_CONCURRENT freed 242K, 3% free 9161K/9436K, paused 3ms+2ms, total 20ms
D/Finsky  ( 2192): [1] DailyHygiene.goMakeHygieneIfDirty: Dirty, need more hygiene.
W/Settings( 2192): Setting download_manager_max_bytes_over_mobile has moved from android.provider.Settings.Secure to android.provider.Settings.Global.
W/Settings( 2192): Setting download_manager_recommended_max_bytes_over_mobile has moved from android.provider.Settings.Secure to android.provider.Settings.Global.
D/dalvikvm( 2192): GC_CONCURRENT freed 275K, 4% free 9358K/9664K, paused 1ms+3ms, total 16ms
D/Finsky  ( 2192): [1] 2.run: Loaded library for account: [pVxx30TkuUFCG_ZgUUt-fj2RLnk]
D/Finsky  ( 2192): [1] 2.run: Finished loading 1 libraries.
D/Finsky  ( 2192): [1] GmsCoreHelper.cleanupNlp: result=false type=4
W/Finsky  ( 2192): [1] WidgetUtils.parseSparseIntArray: Invalid tuple: map=, tuple=
W/Finsky  ( 2192): [1] WidgetUtils.parseSparseIntArray: Invalid tuple: map=, tuple=
W/Finsky  ( 2192): [1] WidgetUtils.parseSparseIntArray: Invalid tuple: map=, tuple=
W/Finsky  ( 2192): [1] WidgetUtils.parseSparseIntArray: Invalid tuple: map=, tuple=
I/ActivityManager(  593): Delay finish: com.android.vending/com.google.android.finsky.widget.consumption.NowPlayingWidgetProvider
D/Finsky  ( 2192): [1] RestoreTracker.stopServiceIfDone: Restore complete with 0 success and 0 failed.
I/ActivityManager(  593): Resuming delayed broadcast
I/ActivityManager(  593): Delay finish: com.google.android.gms/.app.receiver.SystemBroadcastReceiver
D/PackageBroadcastService(  981): Received broadcast action=android.intent.action.PACKAGE_CHANGED and uri=com.google.android.videos
I/ActivityManager(  593): Resuming delayed broadcast
I/ActivityManager(  593): Start proc com.google.android.googlequicksearchbox:search for broadcast com.google.android.googlequicksearchbox/com.google.android.search.core.summons.icing.InternalIcingCorporaProvider$CorporaChangedReceiver: pid=2232 uid=10059 gids={50059, 3003, 1028, 3002, 1015}
D/dalvikvm( 1285): GC_FOR_ALLOC freed 4308K, 17% free 22861K/27512K, paused 29ms, total 29ms
I/ActivityManager(  593): Waited long enough for: ServiceRecord{431e00a0 u0 com.google.android.calendar/com.android.calendar.alerts.InitAlarmsService}
I/PeopleContactsSync(  981): CP2 sync disabled
I/ActivityManager(  593): Killing 1979:com.google.android.apps.walletnfcrel/u0a65 (adj 15): empty #17
D/dalvikvm(  981): GC_CONCURRENT freed 334K, 4% free 9746K/10132K, paused 3ms+2ms, total 19ms
I/Icing.InternalIcingCorporaProvider( 2232): Updating corpora: A: com.google.android.videos, C: MAYBE
I/ActivityManager(  593): Start proc com.google.android.partnersetup for content provider com.google.android.partnersetup/.RlzAppProvider: pid=2250 uid=10027 gids={50027, 3003}
D/dalvikvm( 2232): GC_CONCURRENT freed 206K, 3% free 9199K/9440K, paused 5ms+4ms, total 31ms
I/ActivityManager(  593): Killing 1891:com.google.android.videos/u0a61 (adj 15): empty #17
D/dalvikvm( 2232): GC_CONCURRENT freed 241K, 3% free 9370K/9644K, paused 2ms+1ms, total 16ms
D/dalvikvm(  981): GC_CONCURRENT freed 408K, 5% free 9737K/10180K, paused 1ms+2ms, total 17ms
D/Finsky  ( 2192): [181] FetchConsumptionDataService.onHandleIntent: Starting ServiceConnection to consumption app: com.google.android.apps.books
D/Finsky  ( 2192): [182] ConsumptionAppServiceConn.getDataFromService: retrieved 0 documents from [1]
D/Finsky  ( 2192): [1] ConsumptionAppDataCache.setConsumptionAppData: data didn't change for backend=[1], ignoring!
D/Finsky  ( 2192): [181] FetchConsumptionDataService.onHandleIntent: Starting ServiceConnection to consumption app: com.google.android.videos
I/ActivityManager(  593): Start proc com.google.android.videos for service com.google.android.videos/.store.VideoUserContentService: pid=2272 uid=10061 gids={50061, 3003, 1028, 1015, 3002}
I/Icing.InternalIcingCorporaProvider( 2232): UpdateCorporaTask done [took 443 ms] updated apps [took 443 ms] 
D/dalvikvm( 2272): GC_CONCURRENT freed 277K, 4% free 9170K/9480K, paused 1ms+3ms, total 22ms
D/PlayMovies( 2272): PersistentCache.cleanup:103 Cache is below limit, no need to shrink: [size=0, limit=5242880]
D/dalvikvm( 2272): GC_CONCURRENT freed 270K, 4% free 9359K/9660K, paused 2ms+3ms, total 16ms
I/MediaRouter( 2272): Found default route: MediaRouter.RouteInfo{ uniqueId=android/.support.v7.media.SystemMediaRouteProvider:DEFAULT_ROUTE, name=Phone, description=null, enabled=true, connecting=false, playbackType=0, playbackStream=3, volumeHandling=1, volume=11, volumeMax=15, presentationDisplayId=-1, extras=null, providerPackageName=android }
D/PlayMovies( 2272): MediaRouteManager.restoreRoute:197 sessionRestore routeId: 
D/PlayMovies( 2272): MediaRouteManager.onRouteSelected:151 routeInfo: MediaRouter.RouteInfo{ uniqueId=android/.support.v7.media.SystemMediaRouteProvider:DEFAULT_ROUTE, name=Phone, description=null, enabled=true, connecting=false, playbackType=0, playbackStream=3, volumeHandling=1, volume=11, volumeMax=15, presentationDisplayId=-1, extras=null, providerPackageName=android }
W/GLSUser (  909): GoogleAccountDataService.getToken()
W/GLSActivity(  909): [apc] Status from wire: BadAuthentication status: BAD_AUTHENTICATION
I/GLSUser (  909): GLS error: BadAuthentication austin.ok@gmail.com androidmarket
W/GLSActivity(  909): [apc] Status from wire: BadAuthentication status: BAD_AUTHENTICATION
W/Finsky  ( 2192): [1] LibraryUpdateListener.onErrorResponse: Library replication failed: com.android.volley.AuthFailureError: User needs to (re)enter credentials.
D/dalvikvm( 2272): GC_CONCURRENT freed 303K, 4% free 9472K/9808K, paused 2ms+4ms, total 18ms
D/Finsky  ( 2192): [1] CheckWifiAndAutoUpdate.cancelCheck: Cancelling auto-update wifi check.
D/PlayMovies( 2272): TransferService.onCreate:52 creating transfer service
D/dalvikvm( 2192): GC_CONCURRENT freed 272K, 4% free 9600K/9904K, paused 3ms+2ms, total 25ms
D/dalvikvm( 2192): WAIT_FOR_CONCURRENT_GC blocked 8ms
D/Finsky  ( 2192): [182] ConsumptionAppServiceConn.getDataFromService: retrieved 0 documents from [4]
D/Finsky  ( 2192): [1] ConsumptionAppDataCache.setConsumptionAppData: data didn't change for backend=[4], ignoring!
D/PlayMovies( 2272): MediaRouteManager.onRouteAdded:138 new route added android/.support.v7.media.SystemMediaRouteProvider:DEFAULT_ROUTE
D/PlayMovies( 2272): MediaRouteManager.onRouteSelected:151 routeInfo: MediaRouter.RouteInfo{ uniqueId=android/.support.v7.media.SystemMediaRouteProvider:DEFAULT_ROUTE, name=Phone, description=null, enabled=true, connecting=false, playbackType=0, playbackStream=3, volumeHandling=1, volume=11, volumeMax=15, presentationDisplayId=-1, extras=null, providerPackageName=android }
D/Finsky  ( 2192): [181] FetchConsumptionDataService.onHandleIntent: Starting ServiceConnection to consumption app: com.google.android.music
D/Finsky  ( 2192): [182] ConsumptionAppServiceConn.getDataFromService: retrieved 0 documents from [2]
D/Finsky  ( 2192): [1] ConsumptionAppDataCache.setConsumptionAppData: data didn't change for backend=[2], ignoring!
D/Finsky  ( 2192): [181] FetchConsumptionDataService.onHandleIntent: Starting ServiceConnection to consumption app: com.google.android.apps.magazines
W/GLSUser (  909): GoogleAccountDataService.getToken()
W/GLSActivity(  909): [apc] Status from wire: BadAuthentication status: BAD_AUTHENTICATION
I/GLSUser (  909): GLS error: BadAuthentication austin.ok@gmail.com oauth2:https://www.googleapis.com/auth/android_video https://www.googleapis.com/auth/youtube https://www.googleapis.com/auth/pos
W/GLSActivity(  909): [apc] Status from wire: BadAuthentication status: BAD_AUTHENTICATION
D/dalvikvm(  909): GC_FOR_ALLOC freed 282K, 6% free 9794K/10372K, paused 16ms, total 16ms
I/dalvikvm-heap(  909): Grow heap (frag case) to 9.692MB for 36880-byte allocation
D/dalvikvm(  593): GC_CONCURRENT freed 2136K, 11% free 18309K/20480K, paused 4ms+6ms, total 80ms
D/dalvikvm(  909): GC_FOR_ALLOC freed 5K, 6% free 9824K/10412K, paused 16ms, total 16ms
D/dalvikvm(  673): GC_CONCURRENT freed 2173K, 19% free 12806K/15784K, paused 2ms+2ms, total 20ms
E/PlayMovies( 2272): GmsAccountManagerWrapper.blockingGetAuthTokenInternal:65 Cannot get user auth
E/PlayMovies( 2272): com.google.android.gms.auth.UserRecoverableNotifiedException: User intervention required. Notification has been pushed.
E/PlayMovies( 2272): 	at com.google.android.gms.auth.GoogleAuthUtil.a(Unknown Source)
E/PlayMovies( 2272): 	at com.google.android.gms.auth.GoogleAuthUtil.getTokenWithNotification(Unknown Source)
E/PlayMovies( 2272): 	at com.google.android.videos.accounts.GmsAccountManagerWrapper.blockingGetAuthTokenInternal(GmsAccountManagerWrapper.java:60)
E/PlayMovies( 2272): 	at com.google.android.videos.accounts.AccountManagerWrapper.blockingGetAuthToken(AccountManagerWrapper.java:154)
E/PlayMovies( 2272): 	at com.google.android.videos.async.AuthenticatingRequester.getAuthToken(AuthenticatingRequester.java:57)
E/PlayMovies( 2272): 	at com.google.android.videos.async.AuthenticatingRequester.request(AuthenticatingRequester.java:36)
E/PlayMovies( 2272): 	at com.google.android.videos.async.AuthenticatingRequester.request(AuthenticatingRequester.java:25)
E/PlayMovies( 2272): 	at com.google.android.videos.async.AsyncRequester$1.run(AsyncRequester.java:41)
E/PlayMovies( 2272): 	at java.util.concurrent.ThreadPoolExecutor.runWorker(ThreadPoolExecutor.java:1112)
