E/EsSyncAdapterService( 1285): 	at gil.h(PG:148)
E/EsSyncAdapterService( 1285): 	at gil.n(PG:120)
E/EsSyncAdapterService( 1285): 	at com.google.android.apps.plus.service.EsSyncAdapterService.h(PG:529)
E/EsSyncAdapterService( 1285): 	... 4 more
E/EsSyncAdapterService( 1285): Caused by: android.accounts.AuthenticatorException: Cannot get Oath2 token from GMS
E/EsSyncAdapterService( 1285): 	at gau.a(PG:22)
E/EsSyncAdapterService( 1285): 	at gic.a(PG:88)
E/EsSyncAdapterService( 1285): 	at gie.a(PG:57)
E/EsSyncAdapterService( 1285): 	... 9 more
E/EsSyncAdapterService( 1285): Caused by: fii: User intervention required. Notification has been pushed.
E/EsSyncAdapterService( 1285): 	at fif.b(Unknown Source)
E/EsSyncAdapterService( 1285): 	at fif.b(Unknown Source)
E/EsSyncAdapterService( 1285): 	at gau.a(PG:19)
E/EsSyncAdapterService( 1285): 	... 11 more
D/SyncManager(  593): failed sync operation austin.ok@gmail.com u0 (com.google), com.google.android.apps.plus.content.EsProvider, PERIODIC, latestRunTime 147166, reason: Periodic, SyncResult: stats [ numIoExceptions: 2]
D/audio_hw_primary(  176): select_devices: out_snd_device(2: speaker) in_snd_device(0: )
D/ACDB-LOADER(  176): ACDB -> send_afe_cal
D/android.widget.GridLayout(  882): horizontal constraints: x1-x0>=350, x2-x1>=390, x2-x0<=736 are inconsistent; permanently removing: x2-x0<=736. 
D/android.widget.GridLayout(  882): horizontal constraints: x1-x0>=350, x2-x1>=390, x2-x0<=736 are inconsistent; permanently removing: x2-x0<=736. 
D/android.widget.GridLayout(  882): horizontal constraints: x1-x0>=350, x2-x1>=390, x2-x0<=736 are inconsistent; permanently removing: x2-x0<=736. 
D/dalvikvm( 1285): GC_CONCURRENT freed 6418K, 19% free 29478K/36144K, paused 2ms+14ms, total 80ms
W/GLSUser (  909): GoogleAccountDataService.getToken()
W/GLSActivity(  909): [apc] Status from wire: BadAuthentication status: BAD_AUTHENTICATION
I/GLSUser (  909): GLS error: BadAuthentication austin.ok@gmail.com print
W/GLSActivity(  909): [apc] Status from wire: BadAuthentication status: BAD_AUTHENTICATION
D/dalvikvm(  909): GC_FOR_ALLOC freed 363K, 7% free 9764K/10472K, paused 15ms, total 15ms
W/GLSActivity(  909): com.google.android.gms.auth.UserRecoverableNotifiedException: User intervention required. Notification has been pushed.
W/GLSActivity(  909): 	at com.google.android.gms.auth.GoogleAuthUtil.a(Unknown Source)
W/GLSActivity(  909): 	at com.google.android.gms.auth.GoogleAuthUtil.getTokenWithNotification(Unknown Source)
W/GLSActivity(  909): 	at com.google.android.gsf.loginservice.GoogleLoginService$AccountAuthenticatorImpl.getAuthToken(GoogleLoginService.java:296)
W/GLSActivity(  909): 	at android.accounts.AbstractAccountAuthenticator$Transport.getAuthToken(AbstractAccountAuthenticator.java:196)
W/GLSActivity(  909): 	at android.accounts.IAccountAuthenticator$Stub.onTransact(IAccountAuthenticator.java:113)
W/GLSActivity(  909): 	at android.os.Binder.execTransact(Binder.java:404)
W/GLSActivity(  909): 	at dalvik.system.NativeStart.run(Native Method)
E/BooksAccountManager( 1612): Authentication error
E/BooksAccountManager( 1612): android.accounts.AuthenticatorException: User intervention required. Notification has been pushed.
E/BooksAccountManager( 1612): 	at android.accounts.AccountManager.convertErrorToException(AccountManager.java:1726)
E/BooksAccountManager( 1612): 	at android.accounts.AccountManager.access$400(AccountManager.java:144)
E/BooksAccountManager( 1612): 	at android.accounts.AccountManager$AmsTask$Response.onError(AccountManager.java:1572)
E/BooksAccountManager( 1612): 	at android.accounts.IAccountManagerResponse$Stub.onTransact(IAccountManagerResponse.java:69)
E/BooksAccountManager( 1612): 	at android.os.Binder.execTransact(Binder.java:404)
E/BooksAccountManager( 1612): 	at dalvik.system.NativeStart.run(Native Method)
E/HttpHelper( 1612): null auth token
W/ApiaryClient( 1612): Error response from books API: {
W/ApiaryClient( 1612):  "error": {
W/ApiaryClient( 1612):   "errors": [
W/ApiaryClient( 1612):    {
W/ApiaryClient( 1612):     "domain": "global",
W/ApiaryClient( 1612):     "reason": "required",
W/ApiaryClient( 1612):     "message": "Login Required",
W/ApiaryClient( 1612):     "locationType": "header",
W/ApiaryClient( 1612):     "location": "Authorization"
W/ApiaryClient( 1612):    }
W/ApiaryClient( 1612):   ],
W/ApiaryClient( 1612):   "code": 401,
W/ApiaryClient( 1612):   "message": "Login Required"
W/ApiaryClient( 1612):  }
W/ApiaryClient( 1612): }
W/ApiaryClient( 1612): errCount = 2: com.google.android.apps.books.net.HttpHelper$TokenExpiredException: com.google.api.client.http.HttpResponseException: 401: Unauthorized
W/ApiaryClient( 1612): URL: https://www.googleapis.com/books/v1/myconfig/syncVolumeLicenses?cpksver=2%3Di6eHPUIWM7E&nonce=-1162775319243977381&features=RENTALS&key=AIzaSyCuLL2piIVBGOtu196oSi3-ndISBYPOjCU&source=ge-android-app
W/ApiaryClient( 1612): Headers:
W/ApiaryClient( 1612): accept-encoding: [gzip]
W/ApiaryClient( 1612): user-agent: [BooksAndroid Dalvik/1.6.0 (Linux; U; Android 4.4.2; Nexus 4 Build/KOT49H) com.google.android.apps.books/3.1.33 (30133) Safari/]
W/ApiaryClient( 1612): gdata-version: 2
I/ActivityManager(  593): START u0 {act=android.intent.action.MAIN cat=[android.intent.category.LAUNCHER] flg=0x10200000 cmp=com.testmanifest.deltron3030.p9e0be02021ec689fade96642d8a5a3fe/org.mozilla.android.synthapk.LauncherActivity} from pid 882
D/dalvikvm(  593): GC_FOR_ALLOC freed 1079K, 17% free 18973K/22748K, paused 69ms, total 69ms
I/dalvikvm-heap(  593): Grow heap (frag case) to 18.925MB for 380496-byte allocation
D/dalvikvm(  593): GC_FOR_ALLOC freed 9K, 17% free 19334K/23120K, paused 63ms, total 63ms
D/dalvikvm( 3332): Late-enabling CheckJNI
I/ActivityManager(  593): Start proc com.testmanifest.deltron3030.p9e0be02021ec689fade96642d8a5a3fe for activity com.testmanifest.deltron3030.p9e0be02021ec689fade96642d8a5a3fe/org.mozilla.android.synthapk.LauncherActivity: pid=3332 uid=10040 gids={50040}
I/ActivityManager(  593): START u0 {act=android.intent.action.VIEW cat=[android.intent.category.DEFAULT] typ=application/webapp cmp=org.mozilla.fennec/org.mozilla.gecko.webapp.Dispatcher (has extras)} from pid 3332
I/ActivityManager(  593): START u0 {act=android.intent.action.VIEW cat=[android.intent.category.DEFAULT] typ=application/webapp cmp=org.mozilla.fennec/.WebApps$WebApp0 (has extras)} from pid 1835
I/ActivityManager(  593): Start proc org.mozilla.fennec:org.mozilla.fennec.Webapp0 for activity org.mozilla.fennec/.WebApps$WebApp0: pid=3349 uid=10087 gids={50087, 3003, 1028, 1015}
W/GLSUser (  909): GoogleAccountDataService.getToken()
D/dalvikvm(  174): GC_EXPLICIT freed 43K, 1% free 8980K/9056K, paused 2ms+2ms, total 26ms
W/GLSActivity(  909): [apc] Status from wire: BadAuthentication status: BAD_AUTHENTICATION
I/GLSUser (  909): GLS error: BadAuthentication austin.ok@gmail.com print
W/GLSActivity(  909): [apc] Status from wire: BadAuthentication status: BAD_AUTHENTICATION
D/dalvikvm(  174): GC_EXPLICIT freed <1K, 1% free 8980K/9056K, paused 1ms+2ms, total 33ms
D/dalvikvm(  174): GC_EXPLICIT freed <1K, 1% free 8980K/9056K, paused 2ms+2ms, total 18ms
W/GLSActivity(  909): com.google.android.gms.auth.UserRecoverableNotifiedException: User intervention required. Notification has been pushed.
W/GLSActivity(  909): 	at com.google.android.gms.auth.GoogleAuthUtil.a(Unknown Source)
W/GLSActivity(  909): 	at com.google.android.gms.auth.GoogleAuthUtil.getTokenWithNotification(Unknown Source)
W/GLSActivity(  909): 	at com.google.android.gsf.loginservice.GoogleLoginService$AccountAuthenticatorImpl.getAuthToken(GoogleLoginService.java:296)
W/GLSActivity(  909): 	at android.accounts.AbstractAccountAuthenticator$Transport.getAuthToken(AbstractAccountAuthenticator.java:196)
W/GLSActivity(  909): 	at android.accounts.IAccountAuthenticator$Stub.onTransact(IAccountAuthenticator.java:113)
W/GLSActivity(  909): 	at android.os.Binder.execTransact(Binder.java:404)
W/GLSActivity(  909): 	at dalvik.system.NativeStart.run(Native Method)
E/BooksAccountManager( 1612): Authentication error
E/BooksAccountManager( 1612): android.accounts.AuthenticatorException: User intervention required. Notification has been pushed.
E/BooksAccountManager( 1612): 	at android.accounts.AccountManager.convertErrorToException(AccountManager.java:1726)
E/BooksAccountManager( 1612): 	at android.accounts.AccountManager.access$400(AccountManager.java:144)
E/BooksAccountManager( 1612): 	at android.accounts.AccountManager$AmsTask$Response.onError(AccountManager.java:1572)
E/BooksAccountManager( 1612): 	at android.accounts.IAccountManagerResponse$Stub.onTransact(IAccountManagerResponse.java:69)
E/BooksAccountManager( 1612): 	at android.os.Binder.execTransact(Binder.java:404)
E/BooksAccountManager( 1612): 	at dalvik.system.NativeStart.run(Native Method)
E/HttpHelper( 1612): null auth token
D/dalvikvm( 3349): Trying to load lib /data/app-lib/org.mozilla.fennec-1/libmozglue.so 0x429a7238
D/dalvikvm( 3349): Added shared lib /data/app-lib/org.mozilla.fennec-1/libmozglue.so 0x429a7238
D/dalvikvm( 3349): No JNI_OnLoad found in /data/app-lib/org.mozilla.fennec-1/libmozglue.so 0x429a7238, skipping init
D/GeckoScreenOrientation( 3349): updating to new orientation PORTRAIT_PRIMARY
W/ApiaryClient( 1612): Error response from books API: {
W/ApiaryClient( 1612):  "error": {
W/ApiaryClient( 1612):   "errors": [
W/ApiaryClient( 1612):    {
W/ApiaryClient( 1612):     "domain": "global",
W/ApiaryClient( 1612):     "reason": "required",
W/ApiaryClient( 1612):     "message": "Login Required",
W/ApiaryClient( 1612):     "locationType": "header",
W/ApiaryClient( 1612):     "location": "Authorization"
W/ApiaryClient( 1612):    }
W/ApiaryClient( 1612):   ],
W/ApiaryClient( 1612):   "code": 401,
W/ApiaryClient( 1612):   "message": "Login Required"
W/ApiaryClient( 1612):  }
W/ApiaryClient( 1612): }
W/ApiaryClient( 1612): errCount = 3: com.google.android.apps.books.net.HttpHelper$TokenExpiredException: com.google.api.client.http.HttpResponseException: 401: Unauthorized
W/ApiaryClient( 1612): URL: https://www.googleapis.com/books/v1/myconfig/syncVolumeLicenses?cpksver=2%3Di6eHPUIWM7E&nonce=-1162775319243977381&features=RENTALS&key=AIzaSyCuLL2piIVBGOtu196oSi3-ndISBYPOjCU&source=ge-android-app
W/ApiaryClient( 1612): Headers:
W/ApiaryClient( 1612): accept-encoding: [gzip]
W/ApiaryClient( 1612): user-agent: [BooksAndroid Dalvik/1.6.0 (Linux; U; Android 4.4.2; Nexus 4 Build/KOT49H) com.google.android.apps.books/3.1.33 (30133) Safari/]
W/ApiaryClient( 1612): gdata-version: 2
I/Adreno-EGL( 3349): <qeglDrvAPI_eglInitialize:320>: EGL 1.4 QUALCOMM Build: I0404c4692afb8623f95c43aeb6d5e13ed4b30ddbDate: 11/06/13
D/dalvikvm( 3349): GC_CONCURRENT freed 202K, 3% free 9290K/9524K, paused 5ms+4ms, total 45ms
D/dalvikvm( 3349): WAIT_FOR_CONCURRENT_GC blocked 35ms
D/GeckoSharedPrefs( 3349): Current version = 1, prefs version = 1
D/GeckoSessInfo( 3349): Building SessionInformation from prefs: 0, 0, true, false
D/GeckoProfile( 3349): Found profile dir.
I/GeckoApp( 3349): Creating HealthRecorder.
D/GeckoApp( 3349): OS locale is en_US, app locale is null
I/GeckoWebappImpl( 3349): Waiting for existing install to complete
D/GeckoSessInfo( 3349): Recording start of session: 1398369024161
D/GeckoApp( 3349): No URL bar in GeckoApp. Not loading localized hint string.
D/GeckoApp( 3349): onConfigurationChanged: en_US
D/OpenGLRenderer( 3349): Enabling debug mode 0
W/GeckoGLController( 3349): GLController::serverSurfaceChanged(768, 1134)
I/GeckoAxis( 3349): Prefs: 0.85,0.97,10.0,0.1,0.04,0.3,0.5
I/ActivityManager(  593): Displayed org.mozilla.fennec/.WebApps$WebApp0: +460ms (total +621ms)
D/dalvikvm( 3349): GC_CONCURRENT freed 283K, 4% free 9472K/9788K, paused 2ms+4ms, total 31ms
D/GeckoLoader( 3349): Gecko environment env0: null
W/GeckoGLController( 3349): GLController::updateCompositor with mCompositorCreated=false
D/GeckoHardwareUtils( 3349): System memory: 1834MB.
W/GeckoGLController( 3349): done GLController::updateCompositor
E/GeckoLibLoad( 3349): Load sqlite start
E/GeckoLinker( 3349): /data/app/org.mozilla.fennec-1.apk!/assets/libnss3.so: Warning: unhandled flags #8 not handled
E/GeckoLinker( 3349): /data/app/org.mozilla.fennec-1.apk!/assets/libnss3.so: Warning: relocation to NULL @0x00190c24
E/GeckoLinker( 3349): /data/app/org.mozilla.fennec-1.apk!/assets/libnss3.so: Warning: relocation to NULL @0x00190fdc for symbol "__cxa_begin_cleanup"
E/GeckoLinker( 3349): /data/app/org.mozilla.fennec-1.apk!/assets/libnss3.so: Warning: relocation to NULL @0x00190fe0 for symbol "__cxa_type_match"
E/GeckoLibLoad( 3349): Load sqlite done
E/GeckoLibLoad( 3349): Load nss start
E/GeckoLibLoad( 3349): Load nss done
E/GeckoLinker( 3349): /data/app/org.mozilla.fennec-1.apk!/assets/libxul.so: Warning: unhandled flags #8 not handled
E/GeckoLinker( 3349): /data/app/org.mozilla.fennec-1.apk!/assets/libmozalloc.so: Warning: unhandled flags #8 not handled
E/GeckoLinker( 3349): /data/app/org.mozilla.fennec-1.apk!/assets/libmozalloc.so: Warning: relocation to NULL @0x00003f68
E/GeckoLinker( 3349): /data/app/org.mozilla.fennec-1.apk!/assets/libmozalloc.so: Warning: relocation to NULL @0x00003fdc for symbol "__cxa_begin_cleanup"
E/GeckoLinker( 3349): /data/app/org.mozilla.fennec-1.apk!/assets/libmozalloc.so: Warning: relocation to NULL @0x00003fe0 for symbol "__cxa_type_match"
I/GeckoAnnounce( 1835): fennec :: AnnounceBrSvc :: Registering AnnouncementsService.
I/GeckoAnnounce( 1835): fennec :: BackgroundService :: Setting inexact repeating alarm for interval 43200000
I/GeckoHealth( 1835): fennec :: HealthReportBroadcastService :: Registering HealthReportUploadService.
I/GeckoHealth( 1835): fennec :: BackgroundService :: Setting inexact repeating alarm for interval 3600000
E/GeckoLibLoad( 3349): Loaded libs in 219ms total, 110ms(170ms) user, 80ms(100ms) system, 0(0) faults
W/GeckoThread( 3349): zerdatime 285981 - runGecko
I/GeckoThread( 3349): RunGecko - args =  -P webapp0
D/GeckoAppShell( 3349): GeckoLoader.nativeRun /data/app/org.mozilla.fennec-1.apk -greomni /data/app/org.mozilla.fennec-1.apk  -P webapp0 -url http://deltron3030.testmanifest.com/manifest.webapp -width 768 -height 1184
I/Gecko:DumpUtils( 3349): Fifo watcher disabled via pref.
E/GeckoConsole( 3349): Could not read chrome manifest 'file:///data/data/org.mozilla.fennec/chrome.manifest'.
E/BooksSync( 1612): Soft error: 
E/BooksSync( 1612): com.google.android.apps.books.net.HttpHelper$TokenExpiredException: com.google.api.client.http.HttpResponseException: 401: Unauthorized
E/BooksSync( 1612): URL: https://www.googleapis.com/books/v1/myconfig/syncVolumeLicenses?cpksver=2%3Di6eHPUIWM7E&nonce=-1162775319243977381&features=RENTALS&key=AIzaSyCuLL2piIVBGOtu196oSi3-ndISBYPOjCU&source=ge-android-app
E/BooksSync( 1612): Headers:
E/BooksSync( 1612): accept-encoding: [gzip]
E/BooksSync( 1612): user-agent: [BooksAndroid Dalvik/1.6.0 (Linux; U; Android 4.4.2; Nexus 4 Build/KOT49H) com.google.android.apps.books/3.1.33 (30133) Safari/]
E/BooksSync( 1612): gdata-version: 2
E/BooksSync( 1612): 
E/BooksSync( 1612): 	at com.google.android.apps.books.net.HttpHelper.wrapExceptionBasedOnStatus(HttpHelper.java:209)
E/BooksSync( 1612): 	at com.google.android.apps.books.api.ApiaryClientImpl.executeOnce(ApiaryClientImpl.java:223)
E/BooksSync( 1612): 	at com.google.android.apps.books.api.ApiaryClientImpl.execute(ApiaryClientImpl.java:146)
E/BooksSync( 1612): 	at com.google.android.apps.books.net.NetworkBooksServer.syncVolumeLicenses(NetworkBooksServer.java:227)
E/BooksSync( 1612): 	at com.google.android.apps.books.sync.MyEbooksFetcher.fetch(MyEbooksFetcher.java:113)
E/BooksSync( 1612): 	at com.google.android.apps.books.sync.MyEbooksFetcher.fetch(MyEbooksFetcher.java:41)
E/BooksSync( 1612): 	at com.google.android.apps.books.sync.FetchDispatcher.ensure(FetchDispatcher.java:99)
E/BooksSync( 1612): 	at com.google.android.apps.books.service.BooksContentFetcher.ensureMyEbooksVolumes(BooksContentFetcher.java:118)
E/BooksSync( 1612): 	at com.google.android.apps.books.service.SyncAdapter.tryEnsureMyEbooksVolumes(SyncAdapter.java:437)
E/BooksSync( 1612): 	at com.google.android.apps.books.service.SyncAdapter.onPerformSync(SyncAdapter.java:235)
E/BooksSync( 1612): 	at android.content.AbstractThreadedSyncAdapter$SyncThread.run(AbstractThreadedSyncAdapter.java:259)
E/BooksSync( 1612): Caused by: com.google.api.client.http.HttpResponseException: 401 Unauthorized
E/BooksSync( 1612): {
E/BooksSync( 1612):  "error": {
E/BooksSync( 1612):   "errors": [
E/BooksSync( 1612):    {
E/BooksSync( 1612):     "domain": "global",
E/BooksSync( 1612):     "reason": "required",
E/BooksSync( 1612):     "message": "Login Required",
E/BooksSync( 1612):     "locationType": "header",
E/BooksSync( 1612):     "location": "Authorization"
E/BooksSync( 1612):    }
E/BooksSync( 1612):   ],
E/BooksSync( 1612):   "code": 401,
E/BooksSync( 1612):   "message": "Login Required"
E/BooksSync( 1612):  }
E/BooksSync( 1612): }
E/BooksSync( 1612): 
E/BooksSync( 1612): 	at com.google.api.client.http.HttpRequest.execute(HttpRequest.java:1054)
E/BooksSync( 1612): 	at com.google.android.apps.books.api.ApiaryClientImpl.executeOnce(ApiaryClientImpl.java:192)
E/BooksSync( 1612): 	... 9 more
E/BooksSync( 1612): Sync error
E/BooksSync( 1612): com.google.android.apps.books.net.HttpHelper$TokenExpiredException: com.google.api.client.http.HttpResponseException: 401: Unauthorized
E/BooksSync( 1612): URL: https://www.googleapis.com/books/v1/myconfig/syncVolumeLicenses?cpksver=2%3Di6eHPUIWM7E&nonce=-1162775319243977381&features=RENTALS&key=AIzaSyCuLL2piIVBGOtu196oSi3-ndISBYPOjCU&source=ge-android-app
E/BooksSync( 1612): Headers:
E/BooksSync( 1612): accept-encoding: [gzip]
E/BooksSync( 1612): user-agent: [BooksAndroid Dalvik/1.6.0 (Linux; U; Android 4.4.2; Nexus 4 Build/KOT49H) com.google.android.apps.books/3.1.33 (30133) Safari/]
E/BooksSync( 1612): gdata-version: 2
E/BooksSync( 1612): 
E/BooksSync( 1612): 	at com.google.android.apps.books.net.HttpHelper.wrapExceptionBasedOnStatus(HttpHelper.java:209)
E/BooksSync( 1612): 	at com.google.android.apps.books.api.ApiaryClientImpl.executeOnce(ApiaryClientImpl.java:223)
E/BooksSync( 1612): 	at com.google.android.apps.books.api.ApiaryClientImpl.execute(ApiaryClientImpl.java:146)
E/BooksSync( 1612): 	at com.google.android.apps.books.net.NetworkBooksServer.syncVolumeLicenses(NetworkBooksServer.java:227)
E/BooksSync( 1612): 	at com.google.android.apps.books.sync.MyEbooksFetcher.fetch(MyEbooksFetcher.java:113)
E/BooksSync( 1612): 	at com.google.android.apps.books.sync.MyEbooksFetcher.fetch(MyEbooksFetcher.java:41)
E/BooksSync( 1612): 	at com.google.android.apps.books.sync.FetchDispatcher.ensure(FetchDispatcher.java:99)
E/BooksSync( 1612): 	at com.google.android.apps.books.service.BooksContentFetcher.ensureMyEbooksVolumes(BooksContentFetcher.java:118)
E/BooksSync( 1612): 	at com.google.android.apps.books.service.SyncAdapter.tryEnsureMyEbooksVolumes(SyncAdapter.java:437)
E/BooksSync( 1612): 	at com.google.android.apps.books.service.SyncAdapter.onPerformSync(SyncAdapter.java:235)
E/BooksSync( 1612): 	at android.content.AbstractThreadedSyncAdapter$SyncThread.run(AbstractThreadedSyncAdapter.java:259)
E/BooksSync( 1612): Caused by: com.google.api.client.http.HttpResponseException: 401 Unauthorized
E/BooksSync( 1612): {
E/BooksSync( 1612):  "error": {
E/BooksSync( 1612):   "errors": [
E/BooksSync( 1612):    {
E/BooksSync( 1612):     "domain": "global",
E/BooksSync( 1612):     "reason": "required",
E/BooksSync( 1612):     "message": "Login Required",
E/BooksSync( 1612):     "locationType": "header",
E/BooksSync( 1612):     "location": "Authorization"
E/BooksSync( 1612):    }
E/BooksSync( 1612):   ],
E/BooksSync( 1612):   "code": 401,
E/BooksSync( 1612):   "message": "Login Required"
E/BooksSync( 1612):  }
E/BooksSync( 1612): }
E/BooksSync( 1612): 
E/BooksSync( 1612): 	at com.google.api.client.http.HttpRequest.execute(HttpRequest.java:1054)
E/BooksSync( 1612): 	at com.google.android.apps.books.api.ApiaryClientImpl.executeOnce(ApiaryClientImpl.java:192)
E/BooksSync( 1612): 	... 9 more
I/BooksSync( 1612): Finished books sync
D/SyncManager(  593): failed sync operation austin.ok@gmail.com u0 (com.google), com.google.android.apps.books, POLL, latestRunTime 150926, reason: AccountsUpdated, SyncResult: stats [ numIoExceptions: 1]
W/ResourceType( 3349): Too many attribute references, stopped at: 0x01010099
D/GeckoMemoryMonitor( 1835): onTrimMemory() notification received with level 20
E/GeckoConsole( 3349): zerdatime 1398369026171 - browser chrome startup finished.
W/GeckoEventDispatcher( 3349): No listeners for LightweightTheme:Disable
W/GeckoEventDispatcher( 3349): No listeners for CharEncoding:State
D/GeckoLayerClient( 3349): Screen-size changed to (768,1184)
D/GeckoLayerClient( 3349): Window-size changed to (768,1134)
W/GeckoGLController( 3349): GLController::updateCompositor with mCompositorCreated=false
I/Gecko   ( 3349): Attempting load of libEGL.so
W/GeckoGLController( 3349): GLController::compositorCreated
E/GeckoConsole( 3349): OpenGL compositor Initialized Succesfully.
E/GeckoConsole( 3349): Version: OpenGL ES 3.0 V@53.0 AU@  (CL@)
E/GeckoConsole( 3349): Vendor: Qualcomm
E/GeckoConsole( 3349): Renderer: Adreno (TM) 320
E/GeckoConsole( 3349): FBO Texture Target: TEXTURE_2D
W/GeckoGLController( 3349): done GLController::updateCompositor
W/GeckoScreenOrientation( 3349): screenOrientationFromString: unknown orientation string
I/GeckoAxis( 3349): Prefs: 0.85,0.97,10.0,0.1,0.04,0.3,0.5
D/GeckoTabs( 3349): handleMessage: Tab:Added
D/GeckoTabs( 3349): handleMessage: Content:StateChange
D/GeckoTabs( 3349): handleMessage: SessionHistory:New
D/GeckoTabs( 3349): handleMessage: Content:LocationChange
D/GeckoTabs( 3349): handleMessage: Content:SecurityChange
D/GeckoTabs( 3349): handleMessage: DOMTitleChanged
D/GeckoTabs( 3349): handleMessage: DOMContentLoaded
W/GeckoEventDispatcher( 3349): No listeners for Accounts:Exist
D/GeckoTabs( 3349): handleMessage: Content:PageShow
D/GeckoTabs( 3349): handleMessage: Tab:ViewportMetadata
D/GeckoTabs( 3349): handleMessage: Content:StateChange
E/GeckoConsole( 3349): Couldn't show snippets because cache does not exist yet.
D/dalvikvm( 3349): GC_CONCURRENT freed 342K, 4% free 9521K/9896K, paused 3ms+1ms, total 18ms
I/UpdateService( 2520): next update will be at: Thu Apr 24 14:09:25 PDT 2014
I/GeckoDisplayPort( 3349): Set strategy VelocityBiasStrategy mult=2.0, threshold=10.240001, reverse=0.2, dangerBaseX=1.0, dangerBaseY=1.0, dangerIncrX=0.0, dangerIncrY=0.0
I/IdleService( 3349): Registering Idle observer callback
I/IdleService( 3349): Register idle observer 0x84f87500 for 180 seconds
I/IdleService( 3349): Register: adjusting next switch from -1 to 180 seconds
I/IdleService( 3349): next timeout 180000 msec from now
I/IdleService( 3349): SetTimerExpiryIfBefore: next timeout 180000 msec from now
I/IdleService( 3349): reset timer expiry to 180010 msec from now
D/GeckoThumbnailHelper( 3349): Using new thumbnail size: 234240 (width 320)
D/GeckoThumbnailHelper( 3349): Sending thumbnail event: 320, 183
D/GeckoThumbnailHelper( 3349): handleThumbnailData: 234240
D/dalvikvm( 3349): GC_FOR_ALLOC freed 54K, 4% free 9520K/9896K, paused 43ms, total 44ms
I/dalvikvm-heap( 3349): Grow heap (frag case) to 9.549MB for 234256-byte allocation
D/dalvikvm( 3349): GC_FOR_ALLOC freed <1K, 4% free 9748K/10128K, paused 15ms, total 15ms
E/GeckoLinker( 3349): /data/app/org.mozilla.fennec-1.apk!/assets/libsoftokn3.so: Warning: unhandled flags #8 not handled
E/GeckoLinker( 3349): /data/app/org.mozilla.fennec-1.apk!/assets/libfreebl3.so: Warning: unhandled flags #8 not handled
E/GeckoLinker( 3349): /data/app/org.mozilla.fennec-1.apk!/assets/libnssckbi.so: Warning: unhandled flags #8 not handled
D/YouTube ( 3212): apps.youtube.common.e.j.b:27 Executed scheduled task of type com.google.android.apps.youtube.datalib.offline.p
D/YouTube ( 3212): apps.youtube.datalib.offline.p.a:55 Flushing offline queue.
D/YouTube ( 3212): apps.youtube.common.e.j.b:27 Executed scheduled task of type com.google.android.apps.youtube.datalib.offline.p
D/YouTube ( 3212): apps.youtube.datalib.offline.p.a:55 Flushing offline queue.
