I/IdleService( 2845): Registering Idle observer callback
I/IdleService( 2845): Register idle observer 0x860ad1c0 for 180 seconds
I/IdleService( 2845): Register: adjusting next switch from -1 to 180 seconds
I/IdleService( 2845): next timeout 180000 msec from now
I/IdleService( 2845): SetTimerExpiryIfBefore: next timeout 180000 msec from now
I/IdleService( 2845): reset timer expiry to 180010 msec from now
E/GeckoConsole( 2845): Couldn't show snippets because cache does not exist yet.
W/GLSUser (  909): GoogleAccountDataService.getToken()
W/GLSActivity(  909): [apc] Status from wire: BadAuthentication status: BAD_AUTHENTICATION
I/GLSUser (  909): GLS error: BadAuthentication austin.ok@gmail.com print
W/GLSActivity(  909): [apc] Status from wire: BadAuthentication status: BAD_AUTHENTICATION
D/dalvikvm(  673): GC_CONCURRENT freed 1083K, 18% free 13048K/15740K, paused 1ms+2ms, total 23ms
D/dalvikvm(  593): GC_FOR_ALLOC freed 777K, 13% free 19503K/22200K, paused 67ms, total 67ms
W/GLSActivity(  909): com.google.android.gms.auth.UserRecoverableNotifiedException: User intervention required. Notification has been pushed.
W/GLSActivity(  909): 	at com.google.android.gms.auth.GoogleAuthUtil.a(Unknown Source)
W/GLSActivity(  909): 	at com.google.android.gms.auth.GoogleAuthUtil.getTokenWithNotification(Unknown Source)
W/GLSActivity(  909): 	at com.google.android.gsf.loginservice.GoogleLoginService$AccountAuthenticatorImpl.getAuthToken(GoogleLoginService.java:296)
W/GLSActivity(  909): 	at android.accounts.AbstractAccountAuthenticator$Transport.getAuthToken(AbstractAccountAuthenticator.java:196)
W/GLSActivity(  909): 	at android.accounts.IAccountAuthenticator$Stub.onTransact(IAccountAuthenticator.java:113)
W/GLSActivity(  909): 	at android.os.Binder.execTransact(Binder.java:404)
W/GLSActivity(  909): 	at dalvik.system.NativeStart.run(Native Method)
E/BooksAccountManager( 1612): Authentication error
E/BooksAccountManager( 1612): android.accounts.AuthenticatorException: User intervention required. Notification has been pushed.
E/BooksAccountManager( 1612): 	at android.accounts.AccountManager.convertErrorToException(AccountManager.java:1726)
E/BooksAccountManager( 1612): 	at android.accounts.AccountManager.access$400(AccountManager.java:144)
E/BooksAccountManager( 1612): 	at android.accounts.AccountManager$AmsTask$Response.onError(AccountManager.java:1572)
E/BooksAccountManager( 1612): 	at android.accounts.IAccountManagerResponse$Stub.onTransact(IAccountManagerResponse.java:69)
E/BooksAccountManager( 1612): 	at android.os.Binder.execTransact(Binder.java:404)
E/BooksAccountManager( 1612): 	at dalvik.system.NativeStart.run(Native Method)
E/HttpHelper( 1612): null auth token
W/ApiaryClient( 1612): Error response from books API: {
W/ApiaryClient( 1612):  "error": {
W/ApiaryClient( 1612):   "errors": [
W/ApiaryClient( 1612):    {
W/ApiaryClient( 1612):     "domain": "global",
W/ApiaryClient( 1612):     "reason": "required",
W/ApiaryClient( 1612):     "message": "Login Required",
W/ApiaryClient( 1612):     "locationType": "header",
W/ApiaryClient( 1612):     "location": "Authorization"
W/ApiaryClient( 1612):    }
W/ApiaryClient( 1612):   ],
W/ApiaryClient( 1612):   "code": 401,
W/ApiaryClient( 1612):   "message": "Login Required"
W/ApiaryClient( 1612):  }
W/ApiaryClient( 1612): }
W/ApiaryClient( 1612): errCount = 2: com.google.android.apps.books.net.HttpHelper$TokenExpiredException: com.google.api.client.http.HttpResponseException: 401: Unauthorized
W/ApiaryClient( 1612): URL: https://www.googleapis.com/books/v1/myconfig/syncVolumeLicenses?cpksver=2%3Di6eHPUIWM7E&nonce=-1570282923673379584&features=RENTALS&key=AIzaSyCuLL2piIVBGOtu196oSi3-ndISBYPOjCU&source=ge-android-app
W/ApiaryClient( 1612): Headers:
W/ApiaryClient( 1612): accept-encoding: [gzip]
W/ApiaryClient( 1612): user-agent: [BooksAndroid Dalvik/1.6.0 (Linux; U; Android 4.4.2; Nexus 4 Build/KOT49H) com.google.android.apps.books/3.1.33 (30133) Safari/]
W/ApiaryClient( 1612): gdata-version: 2
D/dalvikvm( 1612): GC_CONCURRENT freed 383K, 5% free 9644K/10112K, paused 2ms+2ms, total 18ms
I/MediaSyncManager( 1285): [Clusters Thumbnail] downloaded: 0, duration: 0.930 seconds
D/GeckoThumbnailHelper( 2845): Using new thumbnail size: 234240 (width 320)
D/GeckoThumbnailHelper( 2845): Sending thumbnail event: 320, 183
D/GeckoThumbnailHelper( 2845): handleThumbnailData: 234240
D/dalvikvm( 2845): GC_FOR_ALLOC freed 349K, 4% free 9530K/9912K, paused 17ms, total 18ms
I/dalvikvm-heap( 2845): Grow heap (frag case) to 9.559MB for 234256-byte allocation
I/MediaSyncManager( 1285): [Clusters Thumbnail] downloaded: 0, duration: 0.097 seconds
D/dalvikvm( 2845): GC_FOR_ALLOC freed 1K, 4% free 9758K/10144K, paused 23ms, total 23ms
I/MediaSyncManager( 1285): [Clusters Thumbnail] downloaded: 0, duration: 0.050 seconds
I/MediaSyncManager( 1285): [Clusters Thumbnail] downloaded: 0, duration: 0.030 seconds
I/MediaSyncManager( 1285): [Clusters Thumbnail] downloaded: 0, duration: 0.026 seconds
I/MediaSyncManager( 1285): [Clusters Large] downloaded: 0, duration: 0.046 seconds
I/MediaSyncManager( 1285): [Clusters Large] downloaded: 0, duration: 0.541 seconds
W/GLSUser (  909): GoogleAccountDataService.getToken()
W/GLSActivity(  909): [apc] Status from wire: BadAuthentication status: BAD_AUTHENTICATION
I/GLSUser (  909): GLS error: BadAuthentication austin.ok@gmail.com print
D/dalvikvm( 1285): GC_CONCURRENT freed 7161K, 21% free 28206K/35404K, paused 3ms+3ms, total 39ms
W/GLSActivity(  909): [apc] Status from wire: BadAuthentication status: BAD_AUTHENTICATION
W/GLSActivity(  909): com.google.android.gms.auth.UserRecoverableNotifiedException: User intervention required. Notification has been pushed.
W/GLSActivity(  909): 	at com.google.android.gms.auth.GoogleAuthUtil.a(Unknown Source)
W/GLSActivity(  909): 	at com.google.android.gms.auth.GoogleAuthUtil.getTokenWithNotification(Unknown Source)
W/GLSActivity(  909): 	at com.google.android.gsf.loginservice.GoogleLoginService$AccountAuthenticatorImpl.getAuthToken(GoogleLoginService.java:296)
W/GLSActivity(  909): 	at android.accounts.AbstractAccountAuthenticator$Transport.getAuthToken(AbstractAccountAuthenticator.java:196)
W/GLSActivity(  909): 	at android.accounts.IAccountAuthenticator$Stub.onTransact(IAccountAuthenticator.java:113)
W/GLSActivity(  909): 	at android.os.Binder.execTransact(Binder.java:404)
W/GLSActivity(  909): 	at dalvik.system.NativeStart.run(Native Method)
E/BooksAccountManager( 1612): Authentication error
E/BooksAccountManager( 1612): android.accounts.AuthenticatorException: User intervention required. Notification has been pushed.
E/BooksAccountManager( 1612): 	at android.accounts.AccountManager.convertErrorToException(AccountManager.java:1726)
E/BooksAccountManager( 1612): 	at android.accounts.AccountManager.access$400(AccountManager.java:144)
E/BooksAccountManager( 1612): 	at android.accounts.AccountManager$AmsTask$Response.onError(AccountManager.java:1572)
E/BooksAccountManager( 1612): 	at android.accounts.IAccountManagerResponse$Stub.onTransact(IAccountManagerResponse.java:69)
E/BooksAccountManager( 1612): 	at android.os.Binder.execTransact(Binder.java:404)
E/BooksAccountManager( 1612): 	at dalvik.system.NativeStart.run(Native Method)
E/HttpHelper( 1612): null auth token
D/dalvikvm(  909): GC_CONCURRENT freed 368K, 7% free 9825K/10480K, paused 1ms+2ms, total 25ms
W/ApiaryClient( 1612): Error response from books API: {
W/ApiaryClient( 1612):  "error": {
W/ApiaryClient( 1612):   "errors": [
W/ApiaryClient( 1612):    {
W/ApiaryClient( 1612):     "domain": "global",
W/ApiaryClient( 1612):     "reason": "required",
W/ApiaryClient( 1612):     "message": "Login Required",
W/ApiaryClient( 1612):     "locationType": "header",
W/ApiaryClient( 1612):     "location": "Authorization"
W/ApiaryClient( 1612):    }
W/ApiaryClient( 1612):   ],
W/ApiaryClient( 1612):   "code": 401,
W/ApiaryClient( 1612):   "message": "Login Required"
W/ApiaryClient( 1612):  }
W/ApiaryClient( 1612): }
W/ApiaryClient( 1612): errCount = 3: com.google.android.apps.books.net.HttpHelper$TokenExpiredException: com.google.api.client.http.HttpResponseException: 401: Unauthorized
W/ApiaryClient( 1612): URL: https://www.googleapis.com/books/v1/myconfig/syncVolumeLicenses?cpksver=2%3Di6eHPUIWM7E&nonce=-1570282923673379584&features=RENTALS&key=AIzaSyCuLL2piIVBGOtu196oSi3-ndISBYPOjCU&source=ge-android-app
W/ApiaryClient( 1612): Headers:
W/ApiaryClient( 1612): accept-encoding: [gzip]
W/ApiaryClient( 1612): user-agent: [BooksAndroid Dalvik/1.6.0 (Linux; U; Android 4.4.2; Nexus 4 Build/KOT49H) com.google.android.apps.books/3.1.33 (30133) Safari/]
W/ApiaryClient( 1612): gdata-version: 2
I/MediaSyncManager( 1285): [Clusters Large] downloaded: 0, duration: 0.559 seconds
I/MediaSyncManager( 1285): [Clusters Large] downloaded: 0, duration: 0.473 seconds
E/BooksSync( 1612): Soft error: 
E/BooksSync( 1612): com.google.android.apps.books.net.HttpHelper$TokenExpiredException: com.google.api.client.http.HttpResponseException: 401: Unauthorized
E/BooksSync( 1612): URL: https://www.googleapis.com/books/v1/myconfig/syncVolumeLicenses?cpksver=2%3Di6eHPUIWM7E&nonce=-1570282923673379584&features=RENTALS&key=AIzaSyCuLL2piIVBGOtu196oSi3-ndISBYPOjCU&source=ge-android-app
E/BooksSync( 1612): Headers:
E/BooksSync( 1612): accept-encoding: [gzip]
E/BooksSync( 1612): user-agent: [BooksAndroid Dalvik/1.6.0 (Linux; U; Android 4.4.2; Nexus 4 Build/KOT49H) com.google.android.apps.books/3.1.33 (30133) Safari/]
E/BooksSync( 1612): gdata-version: 2
E/BooksSync( 1612): 
E/BooksSync( 1612): 	at com.google.android.apps.books.net.HttpHelper.wrapExceptionBasedOnStatus(HttpHelper.java:209)
E/BooksSync( 1612): 	at com.google.android.apps.books.api.ApiaryClientImpl.executeOnce(ApiaryClientImpl.java:223)
E/BooksSync( 1612): 	at com.google.android.apps.books.api.ApiaryClientImpl.execute(ApiaryClientImpl.java:146)
E/BooksSync( 1612): 	at com.google.android.apps.books.net.NetworkBooksServer.syncVolumeLicenses(NetworkBooksServer.java:227)
E/BooksSync( 1612): 	at com.google.android.apps.books.sync.MyEbooksFetcher.fetch(MyEbooksFetcher.java:113)
E/BooksSync( 1612): 	at com.google.android.apps.books.sync.MyEbooksFetcher.fetch(MyEbooksFetcher.java:41)
E/BooksSync( 1612): 	at com.google.android.apps.books.sync.FetchDispatcher.ensure(FetchDispatcher.java:99)
E/BooksSync( 1612): 	at com.google.android.apps.books.service.BooksContentFetcher.ensureMyEbooksVolumes(BooksContentFetcher.java:118)
E/BooksSync( 1612): 	at com.google.android.apps.books.service.SyncAdapter.tryEnsureMyEbooksVolumes(SyncAdapter.java:437)
E/BooksSync( 1612): 	at com.google.android.apps.books.service.SyncAdapter.onPerformSync(SyncAdapter.java:235)
E/BooksSync( 1612): 	at android.content.AbstractThreadedSyncAdapter$SyncThread.run(AbstractThreadedSyncAdapter.java:259)
E/BooksSync( 1612): Caused by: com.google.api.client.http.HttpResponseException: 401 Unauthorized
E/BooksSync( 1612): {
E/BooksSync( 1612):  "error": {
E/BooksSync( 1612):   "errors": [
E/BooksSync( 1612):    {
E/BooksSync( 1612):     "domain": "global",
E/BooksSync( 1612):     "reason": "required",
E/BooksSync( 1612):     "message": "Login Required",
E/BooksSync( 1612):     "locationType": "header",
E/BooksSync( 1612):     "location": "Authorization"
E/BooksSync( 1612):    }
E/BooksSync( 1612):   ],
E/BooksSync( 1612):   "code": 401,
E/BooksSync( 1612):   "message": "Login Required"
E/BooksSync( 1612):  }
E/BooksSync( 1612): }
E/BooksSync( 1612): 
E/BooksSync( 1612): 	at com.google.api.client.http.HttpRequest.execute(HttpRequest.java:1054)
E/BooksSync( 1612): 	at com.google.android.apps.books.api.ApiaryClientImpl.executeOnce(ApiaryClientImpl.java:192)
E/BooksSync( 1612): 	... 9 more
E/BooksSync( 1612): Sync error
E/BooksSync( 1612): com.google.android.apps.books.net.HttpHelper$TokenExpiredException: com.google.api.client.http.HttpResponseException: 401: Unauthorized
E/BooksSync( 1612): URL: https://www.googleapis.com/books/v1/myconfig/syncVolumeLicenses?cpksver=2%3Di6eHPUIWM7E&nonce=-1570282923673379584&features=RENTALS&key=AIzaSyCuLL2piIVBGOtu196oSi3-ndISBYPOjCU&source=ge-android-app
E/BooksSync( 1612): Headers:
E/BooksSync( 1612): accept-encoding: [gzip]
E/BooksSync( 1612): user-agent: [BooksAndroid Dalvik/1.6.0 (Linux; U; Android 4.4.2; Nexus 4 Build/KOT49H) com.google.android.apps.books/3.1.33 (30133) Safari/]
E/BooksSync( 1612): gdata-version: 2
E/BooksSync( 1612): 
E/BooksSync( 1612): 	at com.google.android.apps.books.net.HttpHelper.wrapExceptionBasedOnStatus(HttpHelper.java:209)
E/BooksSync( 1612): 	at com.google.android.apps.books.api.ApiaryClientImpl.executeOnce(ApiaryClientImpl.java:223)
E/BooksSync( 1612): 	at com.google.android.apps.books.api.ApiaryClientImpl.execute(ApiaryClientImpl.java:146)
E/BooksSync( 1612): 	at com.google.android.apps.books.net.NetworkBooksServer.syncVolumeLicenses(NetworkBooksServer.java:227)
E/BooksSync( 1612): 	at com.google.android.apps.books.sync.MyEbooksFetcher.fetch(MyEbooksFetcher.java:113)
E/BooksSync( 1612): 	at com.google.android.apps.books.sync.MyEbooksFetcher.fetch(MyEbooksFetcher.java:41)
E/BooksSync( 1612): 	at com.google.android.apps.books.sync.FetchDispatcher.ensure(FetchDispatcher.java:99)
E/BooksSync( 1612): 	at com.google.android.apps.books.service.BooksContentFetcher.ensureMyEbooksVolumes(BooksContentFetcher.java:118)
E/BooksSync( 1612): 	at com.google.android.apps.books.service.SyncAdapter.tryEnsureMyEbooksVolumes(SyncAdapter.java:437)
E/BooksSync( 1612): 	at com.google.android.apps.books.service.SyncAdapter.onPerformSync(SyncAdapter.java:235)
E/BooksSync( 1612): 	at android.content.AbstractThreadedSyncAdapter$SyncThread.run(AbstractThreadedSyncAdapter.java:259)
E/BooksSync( 1612): Caused by: com.google.api.client.http.HttpResponseException: 401 Unauthorized
E/BooksSync( 1612): {
E/BooksSync( 1612):  "error": {
E/BooksSync( 1612):   "errors": [
E/BooksSync( 1612):    {
E/BooksSync( 1612):     "domain": "global",
E/BooksSync( 1612):     "reason": "required",
E/BooksSync( 1612):     "message": "Login Required",
E/BooksSync( 1612):     "locationType": "header",
E/BooksSync( 1612):     "location": "Authorization"
E/BooksSync( 1612):    }
E/BooksSync( 1612):   ],
E/BooksSync( 1612):   "code": 401,
E/BooksSync( 1612):   "message": "Login Required"
E/BooksSync( 1612):  }
E/BooksSync( 1612): }
E/BooksSync( 1612): 
E/BooksSync( 1612): 	at com.google.api.client.http.HttpRequest.execute(HttpRequest.java:1054)
E/BooksSync( 1612): 	at com.google.android.apps.books.api.ApiaryClientImpl.executeOnce(ApiaryClientImpl.java:192)
E/BooksSync( 1612): 	... 9 more
I/BooksSync( 1612): Finished books sync
D/SyncManager(  593): failed sync operation austin.ok@gmail.com u0 (com.google), com.google.android.apps.books, POLL, latestRunTime 73677, reason: AccountsUpdated, SyncResult: stats [ numIoExceptions: 1]
I/MediaSyncManager( 1285): [Clusters Large] downloaded: 0, duration: 0.527 seconds
I/MediaSyncManager( 1285): [Clusters Large] downloaded: 0, duration: 0.313 seconds
I/MediaSyncManager( 1285): [Clusters Large] downloaded: 0, duration: 0.014 seconds
I/MediaSyncManager( 1285): [Clusters Large] downloaded: 0, duration: 0.011 seconds
I/MediaSyncManager( 1285): [Clusters Large] downloaded: 0, duration: 0.022 seconds
I/MediaSyncManager( 1285): [Clusters Large] downloaded: 0, duration: 0.051 seconds
I/MediaSyncManager( 1285): [Clusters Large] downloaded: 0, duration: 0.011 seconds
I/MediaSyncManager( 1285): [Clusters Large] downloaded: 0, duration: 0.031 seconds
I/MediaSyncManager( 1285): [Clusters Large] downloaded: 0, duration: 0.036 seconds
I/MediaSyncManager( 1285): [Clusters Large] downloaded: 0, duration: 0.010 seconds
I/MediaSyncManager( 1285): [Clusters Large] downloaded: 0, duration: 0.011 seconds
I/MediaSyncManager( 1285): [Clusters Large] downloaded: 0, duration: 0.010 seconds
I/MediaSyncManager( 1285): [Clusters Large] downloaded: 0, duration: 0.035 seconds
D/dalvikvm( 1285): GC_FOR_ALLOC freed 5636K, 21% free 28214K/35404K, paused 20ms, total 21ms
I/MediaSyncManager( 1285): [Clusters Large] downloaded: 0, duration: 0.322 seconds
I/MediaSyncManager( 1285): [Clusters Large] downloaded: 0, duration: 0.010 seconds
I/MediaSyncManager( 1285): [Clusters Large] downloaded: 0, duration: 0.026 seconds
I/MediaSyncManager( 1285): [Clusters Large] downloaded: 0, duration: 0.077 seconds
I/MediaSyncManager( 1285): [Clusters Large] downloaded: 0, duration: 0.041 seconds
I/MediaSyncManager( 1285): [Clusters Large] downloaded: 0, duration: 0.024 seconds
I/MediaSyncManager( 1285): [Clusters Large] downloaded: 0, duration: 0.026 seconds
I/MediaSyncManager( 1285): [Clusters Large] downloaded: 0, duration: 0.014 seconds
I/MediaSyncManager( 1285): [Clusters Large] downloaded: 0, duration: 0.143 seconds
I/MediaSyncManager( 1285): [Clusters Large] downloaded: 0, duration: 0.065 seconds
I/MediaSyncManager( 1285): [Clusters Large] downloaded: 0, duration: 0.019 seconds
I/MediaSyncManager( 1285): [Clusters Large] downloaded: 0, duration: 0.041 seconds
I/MediaSyncManager( 1285): [Clusters Large] downloaded: 0, duration: 0.065 seconds
I/MediaSyncManager( 1285): [Clusters Large] downloaded: 0, duration: 0.027 seconds
I/MediaSyncManager( 1285): [Clusters Large] downloaded: 0, duration: 0.014 seconds
I/MediaSyncManager( 1285): [Clusters Large] downloaded: 0, duration: 0.060 seconds
I/MediaSyncManager( 1285): [Clusters Large] downloaded: 0, duration: 0.024 seconds
I/MediaSyncManager( 1285): [Clusters Large] downloaded: 0, duration: 0.143 seconds
I/MediaSyncManager( 1285): [Clusters Large] downloaded: 0, duration: 0.036 seconds
I/MediaSyncManager( 1285): [Clusters Large] downloaded: 0, duration: 0.190 seconds
I/MediaSyncManager( 1285): [Clusters Large] downloaded: 0, duration: 0.054 seconds
I/MediaSyncManager( 1285): [Clusters Large] downloaded: 0, duration: 0.085 seconds
I/MediaSyncManager( 1285): [Clusters Large] downloaded: 0, duration: 0.083 seconds
I/MediaSyncManager( 1285): [Clusters Large] downloaded: 0, duration: 0.019 seconds
I/MediaSyncManager( 1285): [Clusters Large] downloaded: 0, duration: 0.071 seconds
I/MediaSyncManager( 1285): [Clusters Large] downloaded: 0, duration: 0.015 seconds
I/MediaSyncManager( 1285): [Clusters Large] downloaded: 0, duration: 0.174 seconds
I/MediaSyncManager( 1285): [Clusters Large] downloaded: 0, duration: 0.031 seconds
I/MediaSyncManager( 1285): [Clusters Large] downloaded: 0, duration: 0.032 seconds
I/MediaSyncManager( 1285): [Clusters Large] downloaded: 0, duration: 0.068 seconds
I/MediaSyncManager( 1285): [Clusters Large] downloaded: 0, duration: 0.013 seconds
I/MediaSyncManager( 1285): [Clusters Large] downloaded: 0, duration: 0.019 seconds
I/MediaSyncManager( 1285): [Clusters Large] downloaded: 0, duration: 0.106 seconds
I/MediaSyncManager( 1285): [Clusters Large] downloaded: 0, duration: 0.049 seconds
I/MediaSyncManager( 1285): [Clusters Large] downloaded: 0, duration: 0.067 seconds
I/MediaSyncManager( 1285): [Clusters Large] downloaded: 0, duration: 0.010 seconds
I/MediaSyncManager( 1285): [Clusters Large] downloaded: 0, duration: 0.062 seconds
I/MediaSyncManager( 1285): [Clusters Large] downloaded: 0, duration: 0.024 seconds
I/MediaSyncManager( 1285): [Clusters Large] downloaded: 0, duration: 0.027 seconds
I/MediaSyncManager( 1285): [Clusters Large] downloaded: 0, duration: 0.027 seconds
I/MediaSyncManager( 1285): [Clusters Large] downloaded: 0, duration: 0.031 seconds
I/MediaSyncManager( 1285): [Clusters Large] downloaded: 0, duration: 0.011 seconds
I/MediaSyncManager( 1285): [Clusters Large] downloaded: 0, duration: 0.015 seconds
I/MediaSyncManager( 1285): [Clusters Large] downloaded: 0, duration: 0.009 seconds
I/MediaSyncManager( 1285): [Clusters Large] downloaded: 0, duration: 0.009 seconds
I/MediaSyncManager( 1285): [Clusters Large] downloaded: 0, duration: 0.079 seconds
I/MediaSyncManager( 1285): [Clusters Large] downloaded: 0, duration: 0.008 seconds
I/MediaSyncManager( 1285): [Clusters Large] downloaded: 0, duration: 0.069 seconds
I/MediaSyncManager( 1285): [Clusters Large] downloaded: 0, duration: 0.070 seconds
D/dalvikvm( 1285): GC_CONCURRENT freed 6305K, 21% free 28288K/35404K, paused 3ms+3ms, total 48ms
I/MediaSyncManager( 1285): [Clusters Large] downloaded: 0, duration: 0.095 seconds
I/MediaSyncManager( 1285): [Clusters Large] downloaded: 0, duration: 0.010 seconds
I/MediaSyncManager( 1285): [Clusters Large] downloaded: 0, duration: 0.099 seconds
I/MediaSyncManager( 1285): [Clusters Large] downloaded: 0, duration: 0.107 seconds
I/MediaSyncManager( 1285): [Clusters Large] downloaded: 0, duration: 0.077 seconds
I/MediaSyncManager( 1285): [Clusters Large] downloaded: 0, duration: 0.018 seconds
I/MediaSyncManager( 1285): [Clusters Large] downloaded: 0, duration: 0.043 seconds
I/MediaSyncManager( 1285): [Clusters Large] downloaded: 0, duration: 0.131 seconds
I/MediaSyncManager( 1285): [Clusters Large] downloaded: 0, duration: 0.056 seconds
I/MediaSyncManager( 1285): [Clusters Large] downloaded: 0, duration: 0.111 seconds
I/MediaSyncManager( 1285): [Clusters Large] downloaded: 0, duration: 0.067 seconds
I/MediaSyncManager( 1285): [Clusters Large] downloaded: 0, duration: 0.026 seconds
I/MediaSyncManager( 1285): [Clusters Large] downloaded: 0, duration: 0.052 seconds
I/MediaSyncManager( 1285): [Clusters Large] downloaded: 0, duration: 0.013 seconds
I/MediaSyncManager( 1285): [Clusters Large] downloaded: 0, duration: 0.031 seconds
I/MediaSyncManager( 1285): [Clusters Large] downloaded: 0, duration: 0.836 seconds
I/MediaSyncManager( 1285): [Clusters Large] downloaded: 0, duration: 0.097 seconds
I/MediaSyncManager( 1285): [Clusters Large] downloaded: 0, duration: 0.053 seconds
I/MediaSyncManager( 1285): [Clusters Large] downloaded: 0, duration: 0.023 seconds
I/MediaSyncManager( 1285): [Clusters Large] downloaded: 0, duration: 0.067 seconds
I/MediaSyncManager( 1285): [Clusters Large] downloaded: 0, duration: 0.009 seconds
I/MediaSyncManager( 1285): [Clusters Large] downloaded: 0, duration: 0.033 seconds
I/MediaSyncManager( 1285): [Clusters Large] downloaded: 0, duration: 0.679 seconds
I/MediaSyncManager( 1285): [Clusters Large] downloaded: 0, duration: 0.091 seconds
I/MediaSyncManager( 1285): [Clusters Large] downloaded: 0, duration: 0.055 seconds
D/dalvikvm( 1285): GC_CONCURRENT freed 6392K, 21% free 28251K/35404K, paused 3ms+3ms, total 31ms
I/MediaSyncManager( 1285): [Clusters Large] downloaded: 0, duration: 0.025 seconds
I/MediaSyncManager( 1285): [Clusters Large] downloaded: 0, duration: 0.019 seconds
I/MediaSyncManager( 1285): [downloadMedia] duration: 40.059 seconds
E/iu.SyncService( 1285): ----> performMediaDownSync error for account: austin.ok@gmail.com
E/iu.SyncService( 1285): java.lang.NullPointerException
E/iu.SyncService( 1285): 	at cui.toString(PG:2036)
E/iu.SyncService( 1285): 	at java.lang.StringBuilder.append(StringBuilder.java:202)
E/iu.SyncService( 1285): 	at ctv.a(PG:317)
E/iu.SyncService( 1285): 	at dwa.b(PG:441)
E/iu.SyncService( 1285): 	at dwa.a(PG:295)
E/iu.SyncService( 1285): 	at dwa.onPerformSync(PG:205)
E/iu.SyncService( 1285): 	at android.content.AbstractThreadedSyncAdapter$SyncThread.run(AbstractThreadedSyncAdapter.java:259)
I/iu.SyncService( 1285): ----> Movie maker for account: austin.ok@gmail.com
I/iu.SyncService( 1285): ====> Sync complete
I/iu.SyncService( 1285): Google+ Photos Sync finished. Elapsed time: 41057ms
I/iu.SyncService( 1285):   [Photo up-sync] items: 0, sub-items: 0, bytes: 0, duration: 40ms, avg: 40ms
I/iu.SyncService( 1285):   [Photo down-sync] items: 0, sub-items: 0, bytes: 0, duration: 41017ms, avg: 41017ms
D/SyncManager(  593): failed sync operation austin.ok@gmail.com u0 (com.google), com.google.android.apps.plus.iu.EsGoogleIuProvider, SERVER, latestRunTime 69344, reason: 10051, SyncResult: stats [ numIoExceptions: 2]
W/GLSUser (  909): GoogleAccountDataService.getToken()
W/GLSActivity(  909): [apc] Status from wire: BadAuthentication status: BAD_AUTHENTICATION
I/GLSUser (  909): GLS error: BadAuthentication austin.ok@gmail.com oauth2:https://www.googleapis.com/auth/plus.me https://www.googleapis.com/auth/plus.stream.read https://www.googleapis.com/auth/plus.stream.write https://www.googleapis.com/auth/plus.circles.write https://www.googleapis.com/auth/plus.circles.read https://www.googleapis.com/auth/plus.photos.readwrite https://www.googleapis.com/auth/plus.native
W/GLSActivity(  909): [apc] Status from wire: BadAuthentication status: BAD_AUTHENTICATION
E/HttpOperation( 1285): Unexpected exception
E/HttpOperation( 1285): java.lang.RuntimeException: Cannot obtain authentication token
E/HttpOperation( 1285): 	at gie.a(PG:60)
E/HttpOperation( 1285): 	at gil.f(PG:193)
E/HttpOperation( 1285): 	at gim.a(PG:601)
E/HttpOperation( 1285): 	at gil.h(PG:148)
E/HttpOperation( 1285): 	at gil.n(PG:120)
E/HttpOperation( 1285): 	at ene.run(PG:5381)
E/HttpOperation( 1285): 	at java.lang.Thread.run(Thread.java:841)
E/HttpOperation( 1285): Caused by: android.accounts.AuthenticatorException: Cannot get Oath2 token from GMS
E/HttpOperation( 1285): 	at gau.a(PG:22)
E/HttpOperation( 1285): 	at gic.a(PG:88)
E/HttpOperation( 1285): 	at gie.a(PG:57)
E/HttpOperation( 1285): 	... 6 more
E/HttpOperation( 1285): Caused by: fii: User intervention required. Notification has been pushed.
E/HttpOperation( 1285): 	at fif.b(Unknown Source)
E/HttpOperation( 1285): 	at fif.b(Unknown Source)
E/HttpOperation( 1285): 	at gau.a(PG:19)
E/HttpOperation( 1285): 	... 8 more
I/HttpOperation( 1285): [postclientlogs] failed due to error: 0 java.lang.RuntimeException: Cannot obtain authentication token
E/EsService( 1285): PostClientLogsOperation failed ex java.lang.RuntimeException: Cannot obtain authentication token errorCode 0
D/dalvikvm(  593): GC_CONCURRENT freed 2535K, 12% free 19586K/22200K, paused 2ms+9ms, total 81ms
D/dalvikvm(  593): WAIT_FOR_CONCURRENT_GC blocked 82ms
D/dalvikvm( 1285): GC_CONCURRENT freed 6270K, 20% free 28367K/35404K, paused 2ms+5ms, total 49ms
I/dalvikvm( 1285): Jit: resizing JitTable from 4096 to 8192
D/dalvikvm( 1285): GC_CONCURRENT freed 5820K, 19% free 29003K/35404K, paused 4ms+9ms, total 57ms
D/dalvikvm( 1285): WAIT_FOR_CONCURRENT_GC blocked 27ms
D/dalvikvm( 1285): GC_CONCURRENT freed 6631K, 19% free 29054K/35712K, paused 5ms+25ms, total 98ms
I/ActivityManager(  593): Killing 1748:com.google.android.gm/u0a22 (adj 15): empty #17
W/GeckoBatteryManager( 2845): When charging, level should increase!
W/GeckoBatteryManager( 1835): When charging, level should increase!
D/dalvikvm(  593): GC_FOR_ALLOC freed 612K, 13% free 19321K/22160K, paused 65ms, total 66ms
D/dalvikvm(  593): GC_FOR_ALLOC freed 388K, 13% free 19304K/22160K, paused 61ms, total 61ms
D/audio_hw_primary(  176): select_devices: out_snd_device(2: speaker) in_snd_device(0: )
D/ACDB-LOADER(  176): ACDB -> send_afe_cal
D/dalvikvm(  593): GC_FOR_ALLOC freed 376K, 13% free 19305K/22160K, paused 77ms, total 77ms
D/dalvikvm(  593): GC_FOR_ALLOC freed 372K, 13% free 19305K/22160K, paused 62ms, total 62ms
I/ActivityManager(  593): START u0 {act=com.android.systemui.recent.action.TOGGLE_RECENTS flg=0x10800000 cmp=com.android.systemui/.recent.RecentsActivity (has extras)} from pid 673
D/dalvikvm(  673): GC_CONCURRENT freed 591K, 13% free 13718K/15732K, paused 2ms+2ms, total 19ms
D/dalvikvm(  593): GC_FOR_ALLOC freed 374K, 13% free 19310K/22160K, paused 65ms, total 66ms
D/dalvikvm(  593): GC_FOR_ALLOC freed <1K, 12% free 19682K/22160K, paused 62ms, total 62ms
I/dalvikvm-heap(  593): Grow heap (frag case) to 19.619MB for 380496-byte allocation
D/dalvikvm(  593): GC_FOR_ALLOC freed 1K, 12% free 20052K/22532K, paused 75ms, total 75ms
D/dalvikvm(  673): GC_FOR_ALLOC freed 9K, 13% free 13714K/15732K, paused 31ms, total 31ms
I/dalvikvm-heap(  673): Grow heap (frag case) to 13.781MB for 380496-byte allocation
D/dalvikvm(  673): GC_FOR_ALLOC freed 0K, 13% free 14085K/16104K, paused 20ms, total 20ms
D/GeckoBrowserProvider( 1835): Expiring history.
D/GeckoBrowserProvider( 1835): Expiring thumbnails.
I/GeckoHealth( 1835): fennec :: HealthReportBroadcastService :: Registering HealthReportPruneService.
I/GeckoHealth( 1835): fennec :: BackgroundService :: Setting inexact repeating alarm for interval 86400000
I/ActivityManager(  593): Displayed com.android.systemui/.recent.RecentsActivity: +192ms
W/GeckoGLController( 2845): GLController::serverSurfaceDestroyed() with mCompositorCreated=true
W/GeckoGLController( 2845): done GLController::serverSurfaceDestroyed()
D/GeckoMemoryMonitor( 2845): onTrimMemory() notification received with level 20
I/ActivityManager(  593): Killing 1633:com.google.android.calendar/u0a6 (adj 15): empty #17
I/ActivityManager(  593): Killing 2824:com.testmanifest.deltron3030.p9e0be02021ec689fade96642d8a5a3fe/u0a40 (adj 16): remove task
I/Process ( 1835): Sending signal. PID: 2845 SIG: 9
I/ActivityManager(  593): Process org.mozilla.fennec:org.mozilla.fennec.Webapp0 (pid 2845) has died.
I/WindowState(  593): WIN DEATH: Window{433de590 u0 org.mozilla.fennec/org.mozilla.fennec.WebApps$WebApp0}
W/WindowManager(  593): Force-removing child win Window{431712b0 u0 SurfaceView} from container Window{433de590 u0 org.mozilla.fennec/org.mozilla.fennec.WebApps$WebApp0}
W/WindowManager(  593): Failed looking up window
W/WindowManager(  593): java.lang.IllegalArgumentException: Requested window android.os.BinderProxy@430606c8 does not exist
W/WindowManager(  593): 	at com.android.server.wm.WindowManagerService.windowForClientLocked(WindowManagerService.java:7923)
W/WindowManager(  593): 	at com.android.server.wm.WindowManagerService.windowForClientLocked(WindowManagerService.java:7914)
W/WindowManager(  593): 	at com.android.server.wm.WindowState$DeathRecipient.binderDied(WindowState.java:1047)
W/WindowManager(  593): 	at android.os.BinderProxy.sendDeathNotice(Binder.java:493)
W/WindowManager(  593): 	at dalvik.system.NativeStart.run(Native Method)
I/WindowState(  593): WIN DEATH: null
D/dalvikvm(  593): GC_FOR_ALLOC freed 1545K, 18% free 18573K/22532K, paused 76ms, total 76ms
W/GeckoBatteryManager( 1835): Already started!
W/GeckoGLController( 1835): GLController::serverSurfaceChanged(768, 1134)
W/GeckoGLController( 1835): GLController::resumeCompositor(768, 1134) and mCompositorCreated=true
D/GeckoSessInfo( 1835): Recording start of session: 1398368928678
W/GeckoGLController( 1835): done GLController::resumeCompositor
W/GeckoGLController( 1835): GLController::updateCompositor with mCompositorCreated=true
W/GeckoGLController( 1835): GLController::resumeCompositor(768, 1134) and mCompositorCreated=true
W/GeckoGLController( 1835): done GLController::resumeCompositor
W/GeckoGLController( 1835): done GLController::updateCompositor with compositor resume
I/dalvikvm(  593): Jit: resizing JitTable from 8192 to 16384
D/dalvikvm(  593): GC_FOR_ALLOC freed 1560K, 18% free 18558K/22532K, paused 72ms, total 72ms
D/audio_hw_primary(  176): select_devices: out_snd_device(2: speaker) in_snd_device(0: )
D/ACDB-LOADER(  176): ACDB -> send_afe_cal
D/GeckoHealthRec( 1835): Recording session end: P
I/ActivityManager(  593): START u0 {act=android.intent.action.MAIN cat=[android.intent.category.HOME] flg=0x10200000 cmp=com.android.launcher/com.android.launcher2.Launcher} from pid 593
V/GeckoHealthRec( 1835): Recorded session entry for env 16, current is 16
D/GeckoSessInfo( 1835): Recording session done: 1398368928678
D/dalvikvm(  673): GC_FOR_ALLOC freed 588K, 15% free 13830K/16104K, paused 36ms, total 36ms
D/GeckoBrowserProvider( 1835): Expiring history.
D/GeckoBrowserProvider( 1835): Expiring thumbnails.
D/dalvikvm(  673): GC_FOR_ALLOC freed 385K, 15% free 13818K/16104K, paused 26ms, total 26ms
I/GeckoHealth( 1835): fennec :: HealthReportBroadcastService :: Registering HealthReportPruneService.
I/GeckoHealth( 1835): fennec :: BackgroundService :: Setting inexact repeating alarm for interval 86400000
W/GeckoGLController( 1835): GLController::serverSurfaceDestroyed() with mCompositorCreated=true
W/GeckoGLController( 1835): done GLController::serverSurfaceDestroyed()
D/GeckoMemoryMonitor( 1835): onTrimMemory() notification received with level 20
V/DeadZone(  673): consuming errant click: (0.0,21.5)
I/ActivityManager(  593): START u0 {act=android.intent.action.MAIN cat=[android.intent.category.LAUNCHER] flg=0x10200000 cmp=org.mozilla.fennec/.App bnds=[216,585][376,785]} from pid 882
D/audio_hw_primary(  176): select_devices: out_snd_device(2: speaker) in_snd_device(0: )
D/ACDB-LOADER(  176): ACDB -> send_afe_cal
D/dalvikvm(  593): GC_FOR_ALLOC freed 1577K, 18% free 18566K/22532K, paused 97ms, total 98ms
W/GeckoBatteryManager( 1835): Already started!
D/GeckoSessInfo( 1835): Recording start of session: 1398368955388
W/GeckoGLController( 1835): GLController::serverSurfaceChanged(768, 1134)
W/GeckoGLController( 1835): GLController::resumeCompositor(768, 1134) and mCompositorCreated=true
W/GeckoGLController( 1835): done GLController::resumeCompositor
D/dalvikvm( 1835): GC_CONCURRENT freed 1078K, 20% free 11674K/14472K, paused 3ms+19ms, total 88ms
W/GeckoGLController( 1835): GLController::updateCompositor with mCompositorCreated=true
W/GeckoGLController( 1835): GLController::resumeCompositor(768, 1134) and mCompositorCreated=true
W/GeckoGLController( 1835): done GLController::resumeCompositor
W/GeckoGLController( 1835): done GLController::updateCompositor with compositor resume
V/PanelView(  673): animationTick called with dtms=0; nothing to do (h=861.0 v=4786.487)
D/dalvikvm(  673): GC_FOR_ALLOC freed 1017K, 17% free 13413K/16104K, paused 22ms, total 22ms
D/dalvikvm(  593): GC_FOR_ALLOC freed 1523K, 18% free 18562K/22532K, paused 70ms, total 70ms
V/PanelView(  673): animationTick called with dtms=0; nothing to do (h=471.5 v=-3189.2417)
W/InputMethodManagerService(  593): Window already focused, ignoring focus gain of: com.android.internal.view.IInputMethodClient$Stub$Proxy@4323d090 attribute=null, token = android.os.BinderProxy@431ddbb0
V/PanelView(  673): animationTick called with dtms=0; nothing to do (h=1184.0 v=6000.0)
V/PanelView(  673): animationTick called with dtms=-2; nothing to do (h=1184.0 v=6000.0)
I/iu.SyncService( 1285): Google+ Photos Sync started.
I/iu.SyncService( 1285): ====> Manual up and down sync account=austin.ok@gmail.com
I/iu.UploadsManager( 1285): End new media; added: 0, uploading: 0, time: 51 ms
I/iu.SyncService( 1285): ----> Start up sync for account: austin.ok@gmail.com
I/iu.UploadsManager( 1285): num queued entries: 0
I/iu.UploadsManager( 1285): num updated entries: 0
I/iu.SyncManager( 1285): NEXT; no task
I/iu.SyncService( 1285): ----> Up sync finished for account: austin.ok@gmail.com, cancelled? false
I/iu.SyncService( 1285): ----> Start all photos metadata down sync for account: austin.ok@gmail.com
I/iu.UploadsManager( 1285): num queued entries: 0
I/iu.UploadsManager( 1285): num updated entries: 0
I/iu.SyncManager( 1285): NEXT; no task
W/GLSUser (  909): GoogleAccountDataService.getToken()
W/GLSActivity(  909): [apc] Status from wire: BadAuthentication status: BAD_AUTHENTICATION
I/GLSUser (  909): GLS error: BadAuthentication austin.ok@gmail.com oauth2:https://www.googleapis.com/auth/plus.me https://www.googleapis.com/auth/plus.stream.read https://www.googleapis.com/auth/plus.stream.write https://www.googleapis.com/auth/plus.circles.write https://www.googleapis.com/auth/plus.circles.read https://www.googleapis.com/auth/plus.photos.readwrite https://www.googleapis.com/auth/plus.native
W/GLSActivity(  909): [apc] Status from wire: BadAuthentication status: BAD_AUTHENTICATION
D/dalvikvm(  909): GC_FOR_ALLOC freed 294K, 7% free 9796K/10472K, paused 39ms, total 39ms
E/HttpOperation( 1285): Unexpected exception
E/HttpOperation( 1285): java.lang.RuntimeException: Cannot obtain authentication token
E/HttpOperation( 1285): 	at gie.a(PG:60)
E/HttpOperation( 1285): 	at gil.f(PG:193)
E/HttpOperation( 1285): 	at gim.a(PG:601)
E/HttpOperation( 1285): 	at gil.h(PG:148)
E/HttpOperation( 1285): 	at gil.n(PG:120)
E/HttpOperation( 1285): 	at cta.a(PG:69)
E/HttpOperation( 1285): 	at cta.c(PG:90)
E/HttpOperation( 1285): 	at elu.a(PG:378)
E/HttpOperation( 1285): 	at dwa.a(PG:284)
E/HttpOperation( 1285): 	at dwa.onPerformSync(PG:205)
E/HttpOperation( 1285): 	at android.content.AbstractThreadedSyncAdapter$SyncThread.run(AbstractThreadedSyncAdapter.java:259)
E/HttpOperation( 1285): Caused by: android.accounts.AuthenticatorException: Cannot get Oath2 token from GMS
E/HttpOperation( 1285): 	at gau.a(PG:22)
E/HttpOperation( 1285): 	at gic.a(PG:88)
E/HttpOperation( 1285): 	at gie.a(PG:57)
E/HttpOperation( 1285): 	... 10 more
E/HttpOperation( 1285): Caused by: fii: User intervention required. Notification has been pushed.
E/HttpOperation( 1285): 	at fif.b(Unknown Source)
E/HttpOperation( 1285): 	at fif.b(Unknown Source)
E/HttpOperation( 1285): 	at gau.a(PG:19)
E/HttpOperation( 1285): 	... 12 more
I/HttpOperation( 1285): [getphotossettings] failed due to error: 0 java.lang.RuntimeException: Cannot obtain authentication token
E/EsTileSyncSettings( 1285): [getphotossettings] failed due to exception: java.lang.RuntimeException: Cannot obtain authentication token
E/EsTileSyncSettings( 1285): java.lang.RuntimeException: Cannot obtain authentication token
E/EsTileSyncSettings( 1285): 	at gie.a(PG:60)
E/EsTileSyncSettings( 1285): 	at gil.f(PG:193)
E/EsTileSyncSettings( 1285): 	at gim.a(PG:601)
E/EsTileSyncSettings( 1285): 	at gil.h(PG:148)
E/EsTileSyncSettings( 1285): 	at gil.n(PG:120)
E/EsTileSyncSettings( 1285): 	at cta.a(PG:69)
E/EsTileSyncSettings( 1285): 	at cta.c(PG:90)
E/EsTileSyncSettings( 1285): 	at elu.a(PG:378)
E/EsTileSyncSettings( 1285): 	at dwa.a(PG:284)
E/EsTileSyncSettings( 1285): 	at dwa.onPerformSync(PG:205)
E/EsTileSyncSettings( 1285): 	at android.content.AbstractThreadedSyncAdapter$SyncThread.run(AbstractThreadedSyncAdapter.java:259)
E/EsTileSyncSettings( 1285): Caused by: android.accounts.AuthenticatorException: Cannot get Oath2 token from GMS
E/EsTileSyncSettings( 1285): 	at gau.a(PG:22)
E/EsTileSyncSettings( 1285): 	at gic.a(PG:88)
E/EsTileSyncSettings( 1285): 	at gie.a(PG:57)
E/EsTileSyncSettings( 1285): 	... 10 more
E/EsTileSyncSettings( 1285): Caused by: fii: User intervention required. Notification has been pushed.
E/EsTileSyncSettings( 1285): 	at fif.b(Unknown Source)
E/EsTileSyncSettings( 1285): 	at fif.b(Unknown Source)
E/EsTileSyncSettings( 1285): 	at gau.a(PG:19)
E/EsTileSyncSettings( 1285): 	... 12 more
E/iu.SyncService( 1285): ----> doAllPhotosMetadataDownSync error for account: austin.ok@gmail.com
E/iu.SyncService( 1285): java.lang.IllegalArgumentException: Unable to retrieve all photos sync settings
E/iu.SyncService( 1285): 	at elu.a(PG:382)
E/iu.SyncService( 1285): 	at dwa.a(PG:284)
E/iu.SyncService( 1285): 	at dwa.onPerformSync(PG:205)
E/iu.SyncService( 1285): 	at android.content.AbstractThreadedSyncAdapter$SyncThread.run(AbstractThreadedSyncAdapter.java:259)
I/iu.SyncService( 1285): ----> Start highlights metadata down sync for account: austin.ok@gmail.com
I/EsTileSync( 1285): syncHighlightsPhotos: Starting. type=PERIODIC
W/GLSUser (  909): GoogleAccountDataService.getToken()
W/GLSActivity(  909): [apc] Status from wire: BadAuthentication status: BAD_AUTHENTICATION
I/GLSUser (  909): GLS error: BadAuthentication austin.ok@gmail.com oauth2:https://www.googleapis.com/auth/plus.me https://www.googleapis.com/auth/plus.stream.read https://www.googleapis.com/auth/plus.stream.write https://www.googleapis.com/auth/plus.circles.write https://www.googleapis.com/auth/plus.circles.read https://www.googleapis.com/auth/plus.photos.readwrite https://www.googleapis.com/auth/plus.native
W/GLSActivity(  909): [apc] Status from wire: BadAuthentication status: BAD_AUTHENTICATION
D/dalvikvm( 1285): GC_CONCURRENT freed 6157K, 18% free 29592K/35780K, paused 2ms+9ms, total 51ms
D/dalvikvm( 1285): WAIT_FOR_CONCURRENT_GC blocked 27ms
E/HttpOperation( 1285): Unexpected exception
E/HttpOperation( 1285): java.lang.RuntimeException: Cannot obtain authentication token
E/HttpOperation( 1285): 	at gie.a(PG:60)
E/HttpOperation( 1285): 	at gil.f(PG:193)
E/HttpOperation( 1285): 	at gim.a(PG:601)
E/HttpOperation( 1285): 	at gil.h(PG:148)
E/HttpOperation( 1285): 	at gil.n(PG:120)
E/HttpOperation( 1285): 	at cta.a(PG:69)
E/HttpOperation( 1285): 	at cta.b(PG:84)
E/HttpOperation( 1285): 	at csm.a(PG:604)
E/HttpOperation( 1285): 	at dwa.a(PG:412)
E/HttpOperation( 1285): 	at dwa.a(PG:361)
E/HttpOperation( 1285): 	at dwa.a(PG:289)
E/HttpOperation( 1285): 	at dwa.onPerformSync(PG:205)
E/HttpOperation( 1285): 	at android.content.AbstractThreadedSyncAdapter$SyncThread.run(AbstractThreadedSyncAdapter.java:259)
E/HttpOperation( 1285): Caused by: android.accounts.AuthenticatorException: Cannot get Oath2 token from GMS
E/HttpOperation( 1285): 	at gau.a(PG:22)
E/HttpOperation( 1285): 	at gic.a(PG:88)
E/HttpOperation( 1285): 	at gie.a(PG:57)
E/HttpOperation( 1285): 	... 12 more
E/HttpOperation( 1285): Caused by: fii: User intervention required. Notification has been pushed.
E/HttpOperation( 1285): 	at fif.b(Unknown Source)
E/HttpOperation( 1285): 	at fif.b(Unknown Source)
E/HttpOperation( 1285): 	at gau.a(PG:19)
E/HttpOperation( 1285): 	... 14 more
I/HttpOperation( 1285): [getphotossettings] failed due to error: 0 java.lang.RuntimeException: Cannot obtain authentication token
E/EsTileSyncSettings( 1285): [getphotossettings] failed due to exception: java.lang.RuntimeException: Cannot obtain authentication token
E/EsTileSyncSettings( 1285): java.lang.RuntimeException: Cannot obtain authentication token
E/EsTileSyncSettings( 1285): 	at gie.a(PG:60)
E/EsTileSyncSettings( 1285): 	at gil.f(PG:193)
E/EsTileSyncSettings( 1285): 	at gim.a(PG:601)
E/EsTileSyncSettings( 1285): 	at gil.h(PG:148)
E/EsTileSyncSettings( 1285): 	at gil.n(PG:120)
E/EsTileSyncSettings( 1285): 	at cta.a(PG:69)
E/EsTileSyncSettings( 1285): 	at cta.b(PG:84)
E/EsTileSyncSettings( 1285): 	at csm.a(PG:604)
E/EsTileSyncSettings( 1285): 	at dwa.a(PG:412)
E/EsTileSyncSettings( 1285): 	at dwa.a(PG:361)
E/EsTileSyncSettings( 1285): 	at dwa.a(PG:289)
E/EsTileSyncSettings( 1285): 	at dwa.onPerformSync(PG:205)
E/EsTileSyncSettings( 1285): 	at android.content.AbstractThreadedSyncAdapter$SyncThread.run(AbstractThreadedSyncAdapter.java:259)
E/EsTileSyncSettings( 1285): Caused by: android.accounts.AuthenticatorException: Cannot get Oath2 token from GMS
E/EsTileSyncSettings( 1285): 	at gau.a(PG:22)
E/EsTileSyncSettings( 1285): 	at gic.a(PG:88)
E/EsTileSyncSettings( 1285): 	at gie.a(PG:57)
E/EsTileSyncSettings( 1285): 	... 12 more
E/EsTileSyncSettings( 1285): Caused by: fii: User intervention required. Notification has been pushed.
E/EsTileSyncSettings( 1285): 	at fif.b(Unknown Source)
E/EsTileSyncSettings( 1285): 	at fif.b(Unknown Source)
E/EsTileSyncSettings( 1285): 	at gau.a(PG:19)
E/EsTileSyncSettings( 1285): 	... 14 more
I/EsTileSync( 1285): syncHighlightsPhotos: highlightsSyncSettings missing
I/iu.SyncService( 1285): ----> Start media down sync for account: austin.ok@gmail.com
W/GLSUser (  909): GoogleAccountDataService.getToken()
W/GLSUser (  909): GoogleAccountDataService.getToken()
W/GLSActivity(  909): [apc] Status from wire: BadAuthentication status: BAD_AUTHENTICATION
I/GLSUser (  909): GLS error: BadAuthentication austin.ok@gmail.com oauth2:https://www.googleapis.com/auth/plus.me https://www.googleapis.com/auth/plus.stream.read https://www.googleapis.com/auth/plus.stream.write https://www.googleapis.com/auth/plus.circles.write https://www.googleapis.com/auth/plus.circles.read https://www.googleapis.com/auth/plus.photos.readwrite https://www.googleapis.com/auth/plus.native
W/GLSActivity(  909): [apc] Status from wire: BadAuthentication status: BAD_AUTHENTICATION
D/dalvikvm(  909): GC_FOR_ALLOC freed 361K, 7% free 9801K/10472K, paused 14ms, total 15ms
W/GLSActivity(  909): [apc] Status from wire: BadAuthentication status: BAD_AUTHENTICATION
I/GLSUser (  909): GLS error: BadAuthentication austin.ok@gmail.com oauth2:https://www.googleapis.com/auth/plus.me https://www.googleapis.com/auth/plus.stream.read https://www.googleapis.com/auth/plus.stream.write https://www.googleapis.com/auth/plus.circles.write https://www.googleapis.com/auth/plus.circles.read https://www.googleapis.com/auth/plus.photos.readwrite https://www.googleapis.com/auth/plus.native
W/GLSActivity(  909): [apc] Status from wire: BadAuthentication status: BAD_AUTHENTICATION
E/HttpOperation( 1285): Unexpected exception
E/HttpOperation( 1285): java.lang.RuntimeException: Cannot obtain authentication token
E/HttpOperation( 1285): 	at gie.a(PG:60)
E/HttpOperation( 1285): 	at gil.f(PG:193)
E/HttpOperation( 1285): 	at gim.a(PG:601)
E/HttpOperation( 1285): 	at gil.h(PG:148)
E/HttpOperation( 1285): 	at gil.n(PG:120)
E/HttpOperation( 1285): 	at ene.run(PG:5381)
E/HttpOperation( 1285): 	at java.lang.Thread.run(Thread.java:841)
E/HttpOperation( 1285): Caused by: android.accounts.AuthenticatorException: Cannot get Oath2 token from GMS
E/HttpOperation( 1285): 	at gau.a(PG:22)
E/HttpOperation( 1285): 	at gic.a(PG:88)
E/HttpOperation( 1285): 	at gie.a(PG:57)
E/HttpOperation( 1285): 	... 6 more
E/HttpOperation( 1285): Caused by: fii: User intervention required. Notification has been pushed.
E/HttpOperation( 1285): 	at fif.b(Unknown Source)
E/HttpOperation( 1285): 	at fif.b(Unknown Source)
E/HttpOperation( 1285): 	at gau.a(PG:19)
E/HttpOperation( 1285): 	... 8 more
I/HttpOperation( 1285): [postclientlogs] failed due to error: 0 java.lang.RuntimeException: Cannot obtain authentication token
E/EsService( 1285): PostClientLogsOperation failed ex java.lang.RuntimeException: Cannot obtain authentication token errorCode 0
E/HttpOperation( 1285): Unexpected exception
E/HttpOperation( 1285): java.lang.RuntimeException: Cannot obtain authentication token
E/HttpOperation( 1285): 	at gie.a(PG:60)
E/HttpOperation( 1285): 	at gil.f(PG:193)
E/HttpOperation( 1285): 	at gim.a(PG:601)
E/HttpOperation( 1285): 	at gil.h(PG:148)
E/HttpOperation( 1285): 	at gil.n(PG:120)
E/HttpOperation( 1285): 	at cta.a(PG:69)
E/HttpOperation( 1285): 	at cta.c(PG:90)
E/HttpOperation( 1285): 	at ctv.a(PG:297)
E/HttpOperation( 1285): 	at dwa.b(PG:441)
E/HttpOperation( 1285): 	at dwa.a(PG:295)
E/HttpOperation( 1285): 	at dwa.onPerformSync(PG:205)
E/HttpOperation( 1285): 	at android.content.AbstractThreadedSyncAdapter$SyncThread.run(AbstractThreadedSyncAdapter.java:259)
E/HttpOperation( 1285): Caused by: android.accounts.AuthenticatorException: Cannot get Oath2 token from GMS
E/HttpOperation( 1285): 	at gau.a(PG:22)
E/HttpOperation( 1285): 	at gic.a(PG:88)
E/HttpOperation( 1285): 	at gie.a(PG:57)
E/HttpOperation( 1285): 	... 11 more
E/HttpOperation( 1285): Caused by: fii: User intervention required. Notification has been pushed.
E/HttpOperation( 1285): 	at fif.b(Unknown Source)
E/HttpOperation( 1285): 	at fif.b(Unknown Source)
E/HttpOperation( 1285): 	at gau.a(PG:19)
E/HttpOperation( 1285): 	... 13 more
I/HttpOperation( 1285): [getphotossettings] failed due to error: 0 java.lang.RuntimeException: Cannot obtain authentication token
E/EsTileSyncSettings( 1285): [getphotossettings] failed due to exception: java.lang.RuntimeException: Cannot obtain authentication token
E/EsTileSyncSettings( 1285): java.lang.RuntimeException: Cannot obtain authentication token
E/EsTileSyncSettings( 1285): 	at gie.a(PG:60)
E/EsTileSyncSettings( 1285): 	at gil.f(PG:193)
E/EsTileSyncSettings( 1285): 	at gim.a(PG:601)
E/EsTileSyncSettings( 1285): 	at gil.h(PG:148)
E/EsTileSyncSettings( 1285): 	at gil.n(PG:120)
E/EsTileSyncSettings( 1285): 	at cta.a(PG:69)
E/EsTileSyncSettings( 1285): 	at cta.c(PG:90)
E/EsTileSyncSettings( 1285): 	at ctv.a(PG:297)
E/EsTileSyncSettings( 1285): 	at dwa.b(PG:441)
E/EsTileSyncSettings( 1285): 	at dwa.a(PG:295)
E/EsTileSyncSettings( 1285): 	at dwa.onPerformSync(PG:205)
E/EsTileSyncSettings( 1285): 	at android.content.AbstractThreadedSyncAdapter$SyncThread.run(AbstractThreadedSyncAdapter.java:259)
E/EsTileSyncSettings( 1285): Caused by: android.accounts.AuthenticatorException: Cannot get Oath2 token from GMS
E/EsTileSyncSettings( 1285): 	at gau.a(PG:22)
E/EsTileSyncSettings( 1285): 	at gic.a(PG:88)
E/EsTileSyncSettings( 1285): 	at gie.a(PG:57)
E/EsTileSyncSettings( 1285): 	... 11 more
E/EsTileSyncSettings( 1285): Caused by: fii: User intervention required. Notification has been pushed.
E/EsTileSyncSettings( 1285): 	at fif.b(Unknown Source)
E/EsTileSyncSettings( 1285): 	at fif.b(Unknown Source)
E/EsTileSyncSettings( 1285): 	at gau.a(PG:19)
E/EsTileSyncSettings( 1285): 	... 13 more
I/MediaSyncManager( 1285): [Delete Unknown] deleted: 0, failed: 0
I/MediaSyncManager( 1285): [Delete Unreferenced] deleted: 0, duration: 0.209 seconds
I/MediaSyncManager( 1285): usedSpace: 75411358, available: 998330466, needed: 0
D/dalvikvm( 1285): GC_CONCURRENT freed 7250K, 20% free 29246K/36488K, paused 3ms+4ms, total 78ms
I/ActivityManager(  593): START u0 {act=android.intent.action.MAIN cat=[android.intent.category.LAUNCHER] flg=0x10008000 cmp=com.android.settings/.DevelopmentSettings bnds=[0,382][768,510]} from pid -1
D/audio_hw_primary(  176): select_devices: out_snd_device(2: speaker) in_snd_device(0: )
D/ACDB-LOADER(  176): ACDB -> send_afe_cal
D/dalvikvm(  593): GC_FOR_ALLOC freed 1918K, 18% free 18587K/22532K, paused 65ms, total 65ms
D/GeckoHealthRec( 1835): Recording session end: P
V/GeckoHealthRec( 1835): Recorded session entry for env 16, current is 16
D/GeckoSessInfo( 1835): Recording session done: 1398368955388
D/GeckoBrowserProvider( 1835): Expiring history.
D/GeckoBrowserProvider( 1835): Expiring thumbnails.
V/PanelView(  673): animationTick called with dtms=0; nothing to do (h=1184.0 v=-4000.0)
I/ActivityManager(  593): Start proc com.android.settings for activity com.android.settings/.DevelopmentSettings: pid=3087 uid=1000 gids={41000, 1028, 1015, 3002, 3001, 3003}
I/GeckoHealth( 1835): fennec :: HealthReportBroadcastService :: Registering HealthReportPruneService.
I/GeckoHealth( 1835): fennec :: BackgroundService :: Setting inexact repeating alarm for interval 86400000
