W/GeckoGLController( 1835): GLController::serverSurfaceDestroyed() with mCompositorCreated=true
D/dalvikvm( 3087): GC_CONCURRENT freed 199K, 3% free 9215K/9448K, paused 4ms+2ms, total 23ms
W/Settings( 3087): Setting bugreport_in_power_menu has moved from android.provider.Settings.Secure to android.provider.Settings.Global.
E/Cryptfs (  167): not running with encryption, aborting
D/PermissionCache(  173): checking android.permission.HARDWARE_TEST for uid=1000 => granted (213 us)
W/GeckoGLController( 1835): done GLController::serverSurfaceDestroyed()
I/Adreno-EGL( 3087): <qeglDrvAPI_eglInitialize:320>: EGL 1.4 QUALCOMM Build: I0404c4692afb8623f95c43aeb6d5e13ed4b30ddbDate: 11/06/13
I/MediaSyncManager( 1285): [AllPhotos Thumbnail] downloaded: 0, duration: 0.909 seconds
D/OpenGLRenderer( 3087): Enabling debug mode 0
D/dalvikvm( 3087): GC_CONCURRENT freed 99K, 2% free 9542K/9676K, paused 2ms+3ms, total 17ms
I/ActivityManager(  593): Displayed com.android.settings/.DevelopmentSettings: +641ms
D/GeckoMemoryMonitor( 1835): onTrimMemory() notification received with level 20
I/MediaSyncManager( 1285): [Highlights Thumbnail] downloaded: 0, duration: 0.734 seconds
D/dalvikvm( 1285): GC_FOR_ALLOC freed 5027K, 23% free 28235K/36488K, paused 26ms, total 27ms
I/MediaSyncManager( 1285): [AllPhotos Large] downloaded: 0, duration: 0.704 seconds
I/MediaSyncManager( 1285): [Highlights Large] downloaded: 0, duration: 0.561 seconds
D/dalvikvm( 1285): GC_FOR_ALLOC freed 5710K, 23% free 28255K/36488K, paused 21ms, total 22ms
D/dalvikvm( 1285): GC_CONCURRENT freed 6315K, 23% free 28307K/36488K, paused 3ms+5ms, total 32ms
D/dalvikvm(  673): GC_CONCURRENT freed 1352K, 17% free 13413K/16104K, paused 2ms+2ms, total 29ms
D/dalvikvm(  593): GC_CONCURRENT freed 1727K, 15% free 19154K/22532K, paused 3ms+6ms, total 81ms
I/MediaSyncManager( 1285): [AllPhotos Thumbnail] downloaded: 0, duration: 6.803 seconds
D/dalvikvm( 1285): GC_CONCURRENT freed 6387K, 23% free 28285K/36488K, paused 3ms+3ms, total 31ms
I/MediaSyncManager( 1285): [Highlights Thumbnail] downloaded: 0, duration: 3.029 seconds
D/dalvikvm( 1285): GC_CONCURRENT freed 6361K, 23% free 28284K/36488K, paused 3ms+3ms, total 32ms
D/dalvikvm( 1285): GC_CONCURRENT freed 6353K, 23% free 28312K/36488K, paused 2ms+3ms, total 28ms
D/dalvikvm( 1285): GC_CONCURRENT freed 6386K, 23% free 28312K/36488K, paused 3ms+4ms, total 34ms
I/MediaSyncManager( 1285): [AllPhotos Large] downloaded: 0, duration: 6.281 seconds
I/MediaSyncManager( 1285): [Clusters Thumbnail] downloaded: 0, duration: 0.040 seconds
I/MediaSyncManager( 1285): [Clusters Thumbnail] downloaded: 0, duration: 0.508 seconds
I/MediaSyncManager( 1285): [Clusters Thumbnail] downloaded: 0, duration: 0.519 seconds
I/MediaSyncManager( 1285): [Clusters Thumbnail] downloaded: 0, duration: 0.557 seconds
D/dalvikvm( 1285): GC_CONCURRENT freed 6399K, 23% free 28319K/36488K, paused 3ms+5ms, total 39ms
I/MediaSyncManager( 1285): [Clusters Thumbnail] downloaded: 0, duration: 0.619 seconds
D/dalvikvm(  593): GC_CONCURRENT freed 2479K, 15% free 19110K/22376K, paused 2ms+7ms, total 84ms
I/MediaSyncManager( 1285): [Clusters Thumbnail] downloaded: 0, duration: 0.369 seconds
I/MediaSyncManager( 1285): [Clusters Thumbnail] downloaded: 0, duration: 0.010 seconds
I/MediaSyncManager( 1285): [Clusters Thumbnail] downloaded: 0, duration: 0.015 seconds
I/MediaSyncManager( 1285): [Clusters Thumbnail] downloaded: 0, duration: 0.020 seconds
I/MediaSyncManager( 1285): [Clusters Thumbnail] downloaded: 0, duration: 0.056 seconds
I/MediaSyncManager( 1285): [Clusters Thumbnail] downloaded: 0, duration: 0.015 seconds
I/MediaSyncManager( 1285): [Clusters Thumbnail] downloaded: 0, duration: 0.030 seconds
I/MediaSyncManager( 1285): [Clusters Thumbnail] downloaded: 0, duration: 0.035 seconds
I/MediaSyncManager( 1285): [Clusters Thumbnail] downloaded: 0, duration: 0.011 seconds
I/MediaSyncManager( 1285): [Clusters Thumbnail] downloaded: 0, duration: 0.019 seconds
I/MediaSyncManager( 1285): [Clusters Thumbnail] downloaded: 0, duration: 0.018 seconds
I/MediaSyncManager( 1285): [Clusters Thumbnail] downloaded: 0, duration: 0.030 seconds
I/MediaSyncManager( 1285): [Clusters Thumbnail] downloaded: 0, duration: 0.298 seconds
I/MediaSyncManager( 1285): [Clusters Thumbnail] downloaded: 0, duration: 0.010 seconds
I/MediaSyncManager( 1285): [Clusters Thumbnail] downloaded: 0, duration: 0.024 seconds
I/MediaSyncManager( 1285): [Clusters Thumbnail] downloaded: 0, duration: 0.076 seconds
I/MediaSyncManager( 1285): [Clusters Thumbnail] downloaded: 0, duration: 0.043 seconds
I/MediaSyncManager( 1285): [Clusters Thumbnail] downloaded: 0, duration: 0.010 seconds
I/MediaSyncManager( 1285): [Clusters Thumbnail] downloaded: 0, duration: 0.037 seconds
I/MediaSyncManager( 1285): [Clusters Thumbnail] downloaded: 0, duration: 0.010 seconds
I/MediaSyncManager( 1285): [Clusters Thumbnail] downloaded: 0, duration: 0.150 seconds
I/MediaSyncManager( 1285): [Clusters Thumbnail] downloaded: 0, duration: 0.067 seconds
I/MediaSyncManager( 1285): [Clusters Thumbnail] downloaded: 0, duration: 0.021 seconds
I/MediaSyncManager( 1285): [Clusters Thumbnail] downloaded: 0, duration: 0.044 seconds
I/MediaSyncManager( 1285): [Clusters Thumbnail] downloaded: 0, duration: 0.083 seconds
I/MediaSyncManager( 1285): [Clusters Thumbnail] downloaded: 0, duration: 0.039 seconds
I/MediaSyncManager( 1285): [Clusters Thumbnail] downloaded: 0, duration: 0.012 seconds
I/MediaSyncManager( 1285): [Clusters Thumbnail] downloaded: 0, duration: 0.071 seconds
I/MediaSyncManager( 1285): [Clusters Thumbnail] downloaded: 0, duration: 0.021 seconds
I/MediaSyncManager( 1285): [Clusters Thumbnail] downloaded: 0, duration: 0.165 seconds
I/MediaSyncManager( 1285): [Clusters Thumbnail] downloaded: 0, duration: 0.032 seconds
I/MediaSyncManager( 1285): [Clusters Thumbnail] downloaded: 0, duration: 0.198 seconds
I/MediaSyncManager( 1285): [Clusters Thumbnail] downloaded: 0, duration: 0.055 seconds
D/dalvikvm( 1285): GC_CONCURRENT freed 6387K, 23% free 28367K/36488K, paused 4ms+3ms, total 55ms
I/MediaSyncManager( 1285): [Clusters Thumbnail] downloaded: 0, duration: 0.104 seconds
I/MediaSyncManager( 1285): [Clusters Thumbnail] downloaded: 0, duration: 0.088 seconds
I/MediaSyncManager( 1285): [Clusters Thumbnail] downloaded: 0, duration: 0.010 seconds
I/MediaSyncManager( 1285): [Clusters Thumbnail] downloaded: 0, duration: 0.074 seconds
I/MediaSyncManager( 1285): [Clusters Thumbnail] downloaded: 0, duration: 0.010 seconds
I/MediaSyncManager( 1285): [Clusters Thumbnail] downloaded: 0, duration: 0.182 seconds
I/MediaSyncManager( 1285): [Clusters Thumbnail] downloaded: 0, duration: 0.027 seconds
I/MediaSyncManager( 1285): [Clusters Thumbnail] downloaded: 0, duration: 0.033 seconds
I/MediaSyncManager( 1285): [Clusters Thumbnail] downloaded: 0, duration: 0.073 seconds
I/MediaSyncManager( 1285): [Clusters Thumbnail] downloaded: 0, duration: 0.010 seconds
I/MediaSyncManager( 1285): [Clusters Thumbnail] downloaded: 0, duration: 0.029 seconds
I/MediaSyncManager( 1285): [Clusters Thumbnail] downloaded: 0, duration: 0.102 seconds
I/MediaSyncManager( 1285): [Clusters Thumbnail] downloaded: 0, duration: 0.052 seconds
I/MediaSyncManager( 1285): [Clusters Thumbnail] downloaded: 0, duration: 0.067 seconds
I/MediaSyncManager( 1285): [Clusters Thumbnail] downloaded: 0, duration: 0.010 seconds
I/MediaSyncManager( 1285): [Clusters Thumbnail] downloaded: 0, duration: 0.053 seconds
I/MediaSyncManager( 1285): [Clusters Thumbnail] downloaded: 0, duration: 0.026 seconds
I/MediaSyncManager( 1285): [Clusters Thumbnail] downloaded: 0, duration: 0.019 seconds
I/MediaSyncManager( 1285): [Clusters Thumbnail] downloaded: 0, duration: 0.034 seconds
I/MediaSyncManager( 1285): [Clusters Thumbnail] downloaded: 0, duration: 0.034 seconds
I/MediaSyncManager( 1285): [Clusters Thumbnail] downloaded: 0, duration: 0.010 seconds
I/MediaSyncManager( 1285): [Clusters Thumbnail] downloaded: 0, duration: 0.010 seconds
I/MediaSyncManager( 1285): [Clusters Thumbnail] downloaded: 0, duration: 0.017 seconds
I/MediaSyncManager( 1285): [Clusters Thumbnail] downloaded: 0, duration: 0.010 seconds
I/MediaSyncManager( 1285): [Clusters Thumbnail] downloaded: 0, duration: 0.088 seconds
I/MediaSyncManager( 1285): [Clusters Thumbnail] downloaded: 0, duration: 0.010 seconds
I/MediaSyncManager( 1285): [Clusters Thumbnail] downloaded: 0, duration: 0.065 seconds
I/MediaSyncManager( 1285): [Clusters Thumbnail] downloaded: 0, duration: 0.083 seconds
I/MediaSyncManager( 1285): [Clusters Thumbnail] downloaded: 0, duration: 0.190 seconds
I/MediaSyncManager( 1285): [Clusters Thumbnail] downloaded: 0, duration: 0.010 seconds
I/MediaSyncManager( 1285): [Clusters Thumbnail] downloaded: 0, duration: 0.080 seconds
I/MediaSyncManager( 1285): [Clusters Thumbnail] downloaded: 0, duration: 0.089 seconds
I/MediaSyncManager( 1285): [Clusters Thumbnail] downloaded: 0, duration: 0.073 seconds
I/MediaSyncManager( 1285): [Clusters Thumbnail] downloaded: 0, duration: 0.018 seconds
I/MediaSyncManager( 1285): [Clusters Thumbnail] downloaded: 0, duration: 0.041 seconds
I/MediaSyncManager( 1285): [Clusters Thumbnail] downloaded: 0, duration: 0.129 seconds
I/MediaSyncManager( 1285): [Clusters Thumbnail] downloaded: 0, duration: 0.057 seconds
I/MediaSyncManager( 1285): [Clusters Thumbnail] downloaded: 0, duration: 0.061 seconds
I/MediaSyncManager( 1285): [Clusters Thumbnail] downloaded: 0, duration: 0.067 seconds
I/MediaSyncManager( 1285): [Clusters Thumbnail] downloaded: 0, duration: 0.019 seconds
I/MediaSyncManager( 1285): [Clusters Thumbnail] downloaded: 0, duration: 0.045 seconds
I/MediaSyncManager( 1285): [Clusters Thumbnail] downloaded: 0, duration: 0.011 seconds
I/MediaSyncManager( 1285): [Clusters Thumbnail] downloaded: 0, duration: 0.024 seconds
D/dalvikvm( 1285): GC_CONCURRENT freed 6356K, 23% free 28381K/36488K, paused 3ms+4ms, total 31ms
I/MediaSyncManager( 1285): [Clusters Thumbnail] downloaded: 0, duration: 0.655 seconds
I/MediaSyncManager( 1285): [Clusters Thumbnail] downloaded: 0, duration: 0.040 seconds
I/MediaSyncManager( 1285): [Clusters Thumbnail] downloaded: 0, duration: 0.043 seconds
I/MediaSyncManager( 1285): [Clusters Thumbnail] downloaded: 0, duration: 0.018 seconds
I/MediaSyncManager( 1285): [Clusters Thumbnail] downloaded: 0, duration: 0.068 seconds
I/MediaSyncManager( 1285): [Clusters Thumbnail] downloaded: 0, duration: 0.010 seconds
I/MediaSyncManager( 1285): [Clusters Thumbnail] downloaded: 0, duration: 0.048 seconds
I/MediaSyncManager( 1285): [Clusters Thumbnail] downloaded: 0, duration: 0.650 seconds
I/MediaSyncManager( 1285): [Clusters Thumbnail] downloaded: 0, duration: 0.081 seconds
I/MediaSyncManager( 1285): [Clusters Thumbnail] downloaded: 0, duration: 0.042 seconds
I/MediaSyncManager( 1285): [Clusters Thumbnail] downloaded: 0, duration: 0.020 seconds
I/MediaSyncManager( 1285): [Clusters Thumbnail] downloaded: 0, duration: 0.025 seconds
I/MediaSyncManager( 1285): [Clusters Large] downloaded: 0, duration: 0.044 seconds
I/MediaSyncManager( 1285): [Clusters Large] downloaded: 0, duration: 0.521 seconds
I/MediaSyncManager( 1285): [Clusters Large] downloaded: 0, duration: 0.520 seconds
D/dalvikvm( 1285): GC_CONCURRENT freed 6446K, 23% free 28307K/36488K, paused 2ms+4ms, total 33ms
I/MediaSyncManager( 1285): [Clusters Large] downloaded: 0, duration: 0.402 seconds
I/MediaSyncManager( 1285): [Clusters Large] downloaded: 0, duration: 0.522 seconds
I/MediaSyncManager( 1285): [Clusters Large] downloaded: 0, duration: 0.317 seconds
I/MediaSyncManager( 1285): [Clusters Large] downloaded: 0, duration: 0.009 seconds
I/MediaSyncManager( 1285): [Clusters Large] downloaded: 0, duration: 0.009 seconds
I/MediaSyncManager( 1285): [Clusters Large] downloaded: 0, duration: 0.025 seconds
I/MediaSyncManager( 1285): [Clusters Large] downloaded: 0, duration: 0.052 seconds
I/MediaSyncManager( 1285): [Clusters Large] downloaded: 0, duration: 0.010 seconds
I/MediaSyncManager( 1285): [Clusters Large] downloaded: 0, duration: 0.033 seconds
I/MediaSyncManager( 1285): [Clusters Large] downloaded: 0, duration: 0.033 seconds
I/MediaSyncManager( 1285): [Clusters Large] downloaded: 0, duration: 0.009 seconds
I/MediaSyncManager( 1285): [Clusters Large] downloaded: 0, duration: 0.010 seconds
I/MediaSyncManager( 1285): [Clusters Large] downloaded: 0, duration: 0.017 seconds
I/MediaSyncManager( 1285): [Clusters Large] downloaded: 0, duration: 0.026 seconds
I/MediaSyncManager( 1285): [Clusters Large] downloaded: 0, duration: 0.278 seconds
I/MediaSyncManager( 1285): [Clusters Large] downloaded: 0, duration: 0.010 seconds
I/MediaSyncManager( 1285): [Clusters Large] downloaded: 0, duration: 0.024 seconds
I/MediaSyncManager( 1285): [Clusters Large] downloaded: 0, duration: 0.174 seconds
I/MediaSyncManager( 1285): [Clusters Large] downloaded: 0, duration: 0.052 seconds
I/MediaSyncManager( 1285): [Clusters Large] downloaded: 0, duration: 0.018 seconds
I/MediaSyncManager( 1285): [Clusters Large] downloaded: 0, duration: 0.028 seconds
I/MediaSyncManager( 1285): [Clusters Large] downloaded: 0, duration: 0.016 seconds
I/MediaSyncManager( 1285): [Clusters Large] downloaded: 0, duration: 0.145 seconds
I/MediaSyncManager( 1285): [Clusters Large] downloaded: 0, duration: 0.066 seconds
I/MediaSyncManager( 1285): [Clusters Large] downloaded: 0, duration: 0.019 seconds
I/MediaSyncManager( 1285): [Clusters Large] downloaded: 0, duration: 0.043 seconds
I/MediaSyncManager( 1285): [Clusters Large] downloaded: 0, duration: 0.067 seconds
I/MediaSyncManager( 1285): [Clusters Large] downloaded: 0, duration: 0.030 seconds
I/MediaSyncManager( 1285): [Clusters Large] downloaded: 0, duration: 0.015 seconds
I/MediaSyncManager( 1285): [Clusters Large] downloaded: 0, duration: 0.061 seconds
I/MediaSyncManager( 1285): [Clusters Large] downloaded: 0, duration: 0.023 seconds
D/dalvikvm( 1285): GC_CONCURRENT freed 6353K, 23% free 28359K/36488K, paused 3ms+7ms, total 45ms
I/MediaSyncManager( 1285): [Clusters Large] downloaded: 0, duration: 0.157 seconds
I/MediaSyncManager( 1285): [Clusters Large] downloaded: 0, duration: 0.031 seconds
I/MediaSyncManager( 1285): [Clusters Large] downloaded: 0, duration: 0.169 seconds
I/MediaSyncManager( 1285): [Clusters Large] downloaded: 0, duration: 0.052 seconds
I/MediaSyncManager( 1285): [Clusters Large] downloaded: 0, duration: 0.087 seconds
I/MediaSyncManager( 1285): [Clusters Large] downloaded: 0, duration: 0.082 seconds
I/MediaSyncManager( 1285): [Clusters Large] downloaded: 0, duration: 0.014 seconds
I/MediaSyncManager( 1285): [Clusters Large] downloaded: 0, duration: 0.067 seconds
I/MediaSyncManager( 1285): [Clusters Large] downloaded: 0, duration: 0.014 seconds
I/MediaSyncManager( 1285): [Clusters Large] downloaded: 0, duration: 0.175 seconds
I/MediaSyncManager( 1285): [Clusters Large] downloaded: 0, duration: 0.043 seconds
I/MediaSyncManager( 1285): [Clusters Large] downloaded: 0, duration: 0.031 seconds
D/dalvikvm(  593): GC_CONCURRENT freed 2423K, 15% free 19111K/22376K, paused 2ms+7ms, total 82ms
I/MediaSyncManager( 1285): [Clusters Large] downloaded: 0, duration: 0.073 seconds
I/MediaSyncManager( 1285): [Clusters Large] downloaded: 0, duration: 0.011 seconds
I/MediaSyncManager( 1285): [Clusters Large] downloaded: 0, duration: 0.024 seconds
I/MediaSyncManager( 1285): [Clusters Large] downloaded: 0, duration: 0.101 seconds
I/MediaSyncManager( 1285): [Clusters Large] downloaded: 0, duration: 0.057 seconds
I/MediaSyncManager( 1285): [Clusters Large] downloaded: 0, duration: 0.059 seconds
I/MediaSyncManager( 1285): [Clusters Large] downloaded: 0, duration: 0.011 seconds
I/MediaSyncManager( 1285): [Clusters Large] downloaded: 0, duration: 0.069 seconds
I/MediaSyncManager( 1285): [Clusters Large] downloaded: 0, duration: 0.019 seconds
I/MediaSyncManager( 1285): [Clusters Large] downloaded: 0, duration: 0.022 seconds
I/MediaSyncManager( 1285): [Clusters Large] downloaded: 0, duration: 0.027 seconds
I/MediaSyncManager( 1285): [Clusters Large] downloaded: 0, duration: 0.031 seconds
I/MediaSyncManager( 1285): [Clusters Large] downloaded: 0, duration: 0.009 seconds
I/MediaSyncManager( 1285): [Clusters Large] downloaded: 0, duration: 0.015 seconds
I/MediaSyncManager( 1285): [Clusters Large] downloaded: 0, duration: 0.009 seconds
I/MediaSyncManager( 1285): [Clusters Large] downloaded: 0, duration: 0.010 seconds
I/MediaSyncManager( 1285): [Clusters Large] downloaded: 0, duration: 0.079 seconds
I/MediaSyncManager( 1285): [Clusters Large] downloaded: 0, duration: 0.014 seconds
I/MediaSyncManager( 1285): [Clusters Large] downloaded: 0, duration: 0.057 seconds
I/MediaSyncManager( 1285): [Clusters Large] downloaded: 0, duration: 0.065 seconds
I/MediaSyncManager( 1285): [Clusters Large] downloaded: 0, duration: 0.092 seconds
I/MediaSyncManager( 1285): [Clusters Large] downloaded: 0, duration: 0.009 seconds
I/MediaSyncManager( 1285): [Clusters Large] downloaded: 0, duration: 0.082 seconds
I/MediaSyncManager( 1285): [Clusters Large] downloaded: 0, duration: 0.093 seconds
I/MediaSyncManager( 1285): [Clusters Large] downloaded: 0, duration: 0.077 seconds
I/MediaSyncManager( 1285): [Clusters Large] downloaded: 0, duration: 0.027 seconds
I/MediaSyncManager( 1285): [Clusters Large] downloaded: 0, duration: 0.044 seconds
I/MediaSyncManager( 1285): [Clusters Large] downloaded: 0, duration: 0.136 seconds
I/MediaSyncManager( 1285): [Clusters Large] downloaded: 0, duration: 0.052 seconds
I/MediaSyncManager( 1285): [Clusters Large] downloaded: 0, duration: 0.065 seconds
I/MediaSyncManager( 1285): [Clusters Large] downloaded: 0, duration: 0.064 seconds
I/MediaSyncManager( 1285): [Clusters Large] downloaded: 0, duration: 0.025 seconds
I/MediaSyncManager( 1285): [Clusters Large] downloaded: 0, duration: 0.047 seconds
I/MediaSyncManager( 1285): [Clusters Large] downloaded: 0, duration: 0.012 seconds
I/MediaSyncManager( 1285): [Clusters Large] downloaded: 0, duration: 0.024 seconds
D/dalvikvm( 1285): GC_CONCURRENT freed 6388K, 23% free 28393K/36488K, paused 3ms+6ms, total 43ms
I/MediaSyncManager( 1285): [Clusters Large] downloaded: 0, duration: 0.654 seconds
I/MediaSyncManager( 1285): [Clusters Large] downloaded: 0, duration: 0.041 seconds
I/MediaSyncManager( 1285): [Clusters Large] downloaded: 0, duration: 0.041 seconds
I/MediaSyncManager( 1285): [Clusters Large] downloaded: 0, duration: 0.020 seconds
I/MediaSyncManager( 1285): [Clusters Large] downloaded: 0, duration: 0.067 seconds
I/MediaSyncManager( 1285): [Clusters Large] downloaded: 0, duration: 0.011 seconds
I/MediaSyncManager( 1285): [Clusters Large] downloaded: 0, duration: 0.036 seconds
I/ActivityManager(  593): Start proc com.google.android.gallery3d for broadcast com.google.android.gallery3d/com.google.android.picasasync.BatteryReceiver: pid=3146 uid=10020 gids={50020, 3003, 1028, 1015}
D/dalvikvm( 3146): GC_CONCURRENT freed 318K, 4% free 9113K/9464K, paused 2ms+17ms, total 35ms
I/ActivityManager(  593): Start proc com.android.chrome for broadcast com.android.chrome/com.google.android.apps.chrome.precache.PrecacheServiceLauncher: pid=3169 uid=10010 gids={50010, 3003, 1028, 1015}
D/UploadsManager( 3146):    wifiOnlyPhoto changed to true
D/UploadsManager( 3146):    wifiOnlyVideo changed to true
D/UploadsManager( 3146):    syncOnBattery changed to true
I/MediaSyncManager( 1285): [Clusters Large] downloaded: 0, duration: 0.821 seconds
D/PicasaSync( 3146): sync account database
D/PicasaSync( 3146): accounts in DB=1
I/iu.Environment( 1285): update battery state; isPlugged? false*
I/iu.UploadsManager( 1285): num queued entries: 0
I/iu.UploadsManager( 1285): num updated entries: 0
I/iu.SyncManager( 1285): NEXT; no task
D/PicasaSyncManager( 3146): active network: NetworkInfo: type: WIFI[], state: CONNECTED/CONNECTED, reason: (unspecified), extra: "okweefee2", roaming: false, failover: false, isAvailable: true, isConnectedToProvisioningNetwork: false
D/PicasaSyncManager( 3146): background data: true
D/dalvikvm( 2232): GC_CONCURRENT freed 477K, 6% free 9498K/10008K, paused 3ms+2ms, total 21ms
W/Sidekick_LocationOracleImpl( 2232): Best location was null
D/PicasaSyncManager( 3146): battery info: false
I/MediaSyncManager( 1285): [Clusters Large] downloaded: 0, duration: 0.137 seconds
D/dalvikvm( 3146): GC_CONCURRENT freed 177K, 3% free 9321K/9532K, paused 4ms+1ms, total 18ms
I/MediaSyncManager( 1285): [Clusters Large] downloaded: 0, duration: 0.072 seconds
I/MediaSyncManager( 1285): [Clusters Large] downloaded: 0, duration: 0.025 seconds
I/MediaSyncManager( 1285): [Clusters Large] downloaded: 0, duration: 0.020 seconds
I/MediaSyncManager( 1285): [downloadMedia] duration: 36.127 seconds
E/iu.SyncService( 1285): ----> performMediaDownSync error for account: austin.ok@gmail.com
E/iu.SyncService( 1285): java.lang.NullPointerException
E/iu.SyncService( 1285): 	at cui.toString(PG:2036)
E/iu.SyncService( 1285): 	at java.lang.StringBuilder.append(StringBuilder.java:202)
E/iu.SyncService( 1285): 	at ctv.a(PG:317)
E/iu.SyncService( 1285): 	at dwa.b(PG:441)
E/iu.SyncService( 1285): 	at dwa.a(PG:295)
E/iu.SyncService( 1285): 	at dwa.onPerformSync(PG:205)
E/iu.SyncService( 1285): 	at android.content.AbstractThreadedSyncAdapter$SyncThread.run(AbstractThreadedSyncAdapter.java:259)
I/iu.SyncService( 1285): ----> Movie maker for account: austin.ok@gmail.com
I/iu.SyncService( 1285): ====> Sync complete
I/iu.SyncService( 1285): Google+ Photos Sync finished. Elapsed time: 36899ms
I/iu.SyncService( 1285):   [Photo up-sync] items: 0, sub-items: 0, bytes: 0, duration: 69ms, avg: 69ms
I/iu.SyncService( 1285):   [Photo down-sync] items: 0, sub-items: 0, bytes: 0, duration: 36829ms, avg: 36829ms
D/SyncManager(  593): failed sync operation austin.ok@gmail.com u0 (com.google), com.google.android.apps.plus.iu.EsGoogleIuProvider, SERVER, latestRunTime 157740, reason: 10051, SyncResult: stats [ numIoExceptions: 2]
W/GLSUser (  909): GoogleAccountDataService.getToken()
W/GLSActivity(  909): [apc] Status from wire: BadAuthentication status: BAD_AUTHENTICATION
I/GLSUser (  909): GLS error: BadAuthentication austin.ok@gmail.com oauth2:https://www.googleapis.com/auth/plus.me https://www.googleapis.com/auth/plus.stream.read https://www.googleapis.com/auth/plus.stream.write https://www.googleapis.com/auth/plus.circles.write https://www.googleapis.com/auth/plus.circles.read https://www.googleapis.com/auth/plus.photos.readwrite https://www.googleapis.com/auth/plus.native
W/GLSActivity(  909): [apc] Status from wire: BadAuthentication status: BAD_AUTHENTICATION
D/dalvikvm(  909): GC_FOR_ALLOC freed 272K, 7% free 9799K/10472K, paused 23ms, total 24ms
D/dalvikvm(  593): GC_FOR_ALLOC freed 1442K, 15% free 19167K/22376K, paused 102ms, total 102ms
E/HttpOperation( 1285): Unexpected exception
E/HttpOperation( 1285): java.lang.RuntimeException: Cannot obtain authentication token
E/HttpOperation( 1285): 	at gie.a(PG:60)
E/HttpOperation( 1285): 	at gil.f(PG:193)
E/HttpOperation( 1285): 	at gim.a(PG:601)
E/HttpOperation( 1285): 	at gil.h(PG:148)
E/HttpOperation( 1285): 	at gil.n(PG:120)
E/HttpOperation( 1285): 	at ene.run(PG:5381)
E/HttpOperation( 1285): 	at java.lang.Thread.run(Thread.java:841)
E/HttpOperation( 1285): Caused by: android.accounts.AuthenticatorException: Cannot get Oath2 token from GMS
E/HttpOperation( 1285): 	at gau.a(PG:22)
E/HttpOperation( 1285): 	at gic.a(PG:88)
E/HttpOperation( 1285): 	at gie.a(PG:57)
E/HttpOperation( 1285): 	... 6 more
E/HttpOperation( 1285): Caused by: fii: User intervention required. Notification has been pushed.
E/HttpOperation( 1285): 	at fif.b(Unknown Source)
E/HttpOperation( 1285): 	at fif.b(Unknown Source)
E/HttpOperation( 1285): 	at gau.a(PG:19)
E/HttpOperation( 1285): 	... 8 more
I/HttpOperation( 1285): [postclientlogs] failed due to error: 0 java.lang.RuntimeException: Cannot obtain authentication token
E/EsService( 1285): PostClientLogsOperation failed ex java.lang.RuntimeException: Cannot obtain authentication token errorCode 0
D/dalvikvm( 1285): GC_CONCURRENT freed 5506K, 20% free 29312K/36488K, paused 1ms+3ms, total 39ms
D/dalvikvm( 1067): GC_CONCURRENT freed 412K, 5% free 9954K/10400K, paused 3ms+3ms, total 21ms
D/dalvikvm( 1285): GC_CONCURRENT freed 7327K, 22% free 28675K/36488K, paused 3ms+21ms, total 102ms
D/PicasaSyncManager( 3146): battery info: true
I/EntropyMixer(  593): Writing entropy...
I/iu.Environment( 1285): update battery state; isPlugged? true*
I/iu.FingerprintManager( 1285): Start processing all media
I/iu.FingerprintManager( 1285): Start processing media store URI: content://media/external/images/media
I/ActivityManager(  593): Start proc com.google.android.youtube for broadcast com.google.android.youtube/com.google.android.apps.youtube.app.prefetch.PrefetchService$DeviceStateReceiver: pid=3212 uid=10066 gids={50066, 3003, 1028, 1015}
I/iu.UploadsManager( 1285): num queued entries: 0
I/iu.UploadsManager( 1285): num updated entries: 0
I/iu.SyncManager( 1285): NEXT; no task
I/iu.FingerprintManager( 1285): Start processing media store URI: content://media/external/video/media
I/iu.FingerprintManager( 1285): Start processing media store URI: content://media/phoneStorage/images/media
I/iu.FingerprintManager( 1285): Start processing media store URI: content://media/phoneStorage/video/media
I/iu.FingerprintManager( 1285): Finished generating fingerprints; 0.054 seconds
I/iu.FingerprintManager( 1285):   numSeen=0 numGenerated=0 numDeleted=0 numFailed=0
D/dalvikvm( 3212): GC_CONCURRENT freed 289K, 4% free 9137K/9460K, paused 3ms+4ms, total 24ms
D/YouTube ( 3212): apps.youtube.core.utils.au.a:41 HttpClient.UserAgent: com.google.android.youtube/5.5.27(Linux; U; Android 4.4.2; en_US; Nexus 4 Build/KOT49H)
D/dalvikvm( 3212): GC_CONCURRENT freed 243K, 3% free 9298K/9580K, paused 3ms+2ms, total 16ms
D/YouTube ( 3212): apps.youtube.common.cache.f.run:163 Cache is below limit, no need to shrink: [size=0, limit=20971520]
D/dalvikvm( 3212): GC_CONCURRENT freed 266K, 4% free 9529K/9828K, paused 2ms+2ms, total 16ms
D/dalvikvm( 3212): DexOpt: --- BEGIN 'ads-1043342407.jar' (bootstrap=0) ---
D/dalvikvm( 3243): DexOpt: load 3ms, verify+opt 5ms, 158252 bytes
D/dalvikvm( 3212): DexOpt: --- END 'ads-1043342407.jar' (success) ---
D/dalvikvm( 3212): DEX prep '/data/data/com.google.android.youtube/cache/ads-1043342407.jar': unzip in 0ms, rewrite 66ms
D/YouTube ( 3212): apps.youtube.core.utils.au.a:41 HttpClient.UserAgent: com.google.android.youtube/5.5.27(Linux; U; Android 4.4.2; en_US; Nexus 4 Build/KOT49H)
D/dalvikvm( 3212): GC_CONCURRENT freed 357K, 4% free 9684K/10072K, paused 2ms+2ms, total 22ms
D/dalvikvm( 3212): WAIT_FOR_CONCURRENT_GC blocked 14ms
D/YouTube ( 3212): apps.youtube.core.player.Director.c:366 VideoStage: NEW
D/dalvikvm( 3212): GC_CONCURRENT freed 221K, 3% free 9917K/10172K, paused 3ms+3ms, total 26ms
I/MediaRouter( 3212): Found default route: MediaRouter.RouteInfo{ uniqueId=android/.support.v7.media.bf:DEFAULT_ROUTE, name=Phone, description=null, enabled=true, connecting=false, playbackType=0, playbackStream=3, volumeHandling=1, volume=11, volumeMax=15, presentationDisplayId=-1, extras=null, providerPackageName=android }
D/YouTube ( 3212): apps.youtube.core.client.x.a:114 event [version=5.5.27-s2000, action=Startup, label=NORMAL_STARTUP, value=-1]
I/GoogleConversionPing( 3212): Pinging: http://www.googleadservices.com/pagead/conversion/1001680686/?label=4dahCKKczAYQrt7R3QM&value=&muid=hB-LJ4F8k6IQpy_hdPXWxg&bundleid=com.google.android.youtube&appversion=5.5.27&osversion=4.4.2&sdkversion=ct-sdk-a-v1.1.0&remarketing_only=1&timestamp=1398369001&data=screen_name%3D%3CAndroid_YT_Open_App%3E
D/YouTube ( 3212): apps.youtube.common.e.j.e:170 Scheduling task com.google.android.apps.youtube.datalib.offline.p with ScheduledExecutorService for repeating execution.
D/YouTube ( 3212): apps.youtube.app.prefetch.PrefetchService$DeviceStateReceiver.onReceive:533 Got device state change intent: android.intent.action.ACTION_POWER_CONNECTED
D/MtpService( 1043): updating state; isCurrentUser=true, mMtpLocked=false
D/MtpService( 1043): addStorageLocked 65537 /storage/emulated/0
D/MtpService( 1043): updating state; isCurrentUser=true, mMtpLocked=false
D/MtpService( 1043): starting MTP server in MTP mode
D/MtpService( 1043): addStorageLocked 65537 /storage/emulated/0
D/dalvikvm( 3212): GC_CONCURRENT freed 292K, 4% free 10011K/10336K, paused 2ms+2ms, total 22ms
D/YouTube ( 3212): apps.youtube.core.transfer.TransferService.onCreate:113 creating transfer service
D/YouTube ( 3212): apps.youtube.common.e.d.a:25 Executing ConditionTask com.google.android.apps.youtube.datalib.offline.h
D/YouTube ( 3212): apps.youtube.datalib.offline.h.a:34 Network change detected, dispatch offline http requests.
D/YouTube ( 3212): apps.youtube.app.prefetch.PrefetchService.onStartCommand:166 PrefetchService started at 24 Apr 2014 19:50:01 GMT
D/YouTube ( 3212): apps.youtube.app.prefetch.PrefetchService.q_:245 Download snapshot restored
D/YouTube ( 3212): apps.youtube.app.prefetch.PrefetchService.onDestroy:215 PrefetchService destroyed at 24 Apr 2014 19:50:01 GMT
I/GoogleConversionPing( 3212): Ping responded with response code 200
W/GAV2    ( 3146): Thread[GAThread,5,main]: Service unavailable (code=1), will retry.
W/ActivityManager(  593): Unable to start service Intent { act=com.google.android.gms.analytics.service.START cmp=com.google.android.gms/.analytics.service.AnalyticsService (has extras) } U=0: not found
D/UsbDebuggingManager(  593): Received public key: QAAAANOC+Zyl2r2sceZfKiCEimvMGc7CMNWouWg5Gd87vGKRWkAaOLv947yl+JbDxhSRk8fh1BrkCBd3stBvU/+9tVNS96MqI7wlE78c1zZZbIe8Wm+hWw4WwSejz7/t+tW1K50HUN6gMFH7n/mm84YODYUrd0ojIiWDxP9n+cYdShAJCaQnhTVZNHwyBb1IiIBGE+aN7MegVOTyZom7jIY1UWmqOJr4e7R8YpVzvv5Dk1Dot1sDLvWJeoaeg+CkMAEtqKM3CPYYMOh9Zv08JyvlBkV35oczT2ZJsOjYmaVyHLc9rWqCPvIvewdAToxSW6RF7aJeljZkh19pLXkzByGBHlehRei3hzIlonjJFioy/4eXYH8x1b4DAgJ5jWZ64hiM5TJMFDn4WacyzJRZqIgoRxPjWYzsAmjRvnmg9q091yRhErtDvCIkpDR6IxQH4zcIMjHaqcXU1pstjKhS8iseTBnykOwZV7d3u6xyWMQzJ1yUhvWTeiiVnPDo6TiiFtw3j3fksJxZ4ZrFpf6O4kvJ3Ahs5msTw5TC74RKLIzik3oR1TDEkb96Zgr8BqfTcGZZ1WcKBi/SVXURgzOp9Y5JOd0R8tiQ3k0au2u1bWdN9kpkPYOE8N7LJNjt6/frD3OXUq7h8a/E+OiAAX/ml0QOCQDCnDdPIq1bU8nqd1oCCspModOuXgEAAQA= @lathe
W/ContextImpl(  593): Calling a method in the system process without a qualified user: android.app.ContextImpl.startActivity:1020 com.android.server.usb.UsbDebuggingManager.showConfirmationDialog:255 com.android.server.usb.UsbDebuggingManager.access$900:45 com.android.server.usb.UsbDebuggingManager$UsbDebuggingHandler.handleMessage:211 android.os.Handler.dispatchMessage:102 
W/ContextImpl(  593): Calling a method in the system process without a qualified user: android.app.ContextImpl.startActivity:1032 android.app.ContextImpl.startActivity:1021 com.android.server.usb.UsbDebuggingManager.showConfirmationDialog:255 com.android.server.usb.UsbDebuggingManager.access$900:45 com.android.server.usb.UsbDebuggingManager$UsbDebuggingHandler.handleMessage:211 
I/ActivityManager(  593): START u0 {flg=0x10000000 cmp=com.android.systemui/.usb.UsbDebuggingActivity (has extras)} from pid 593
I/GAV2    ( 3146): Thread[GAThread,5,main]: No campaign data found.
D/dalvikvm(  593): GC_FOR_ALLOC freed 626K, 16% free 18976K/22376K, paused 83ms, total 83ms
I/dalvikvm-heap(  593): Grow heap (frag case) to 18.929MB for 380496-byte allocation
D/dalvikvm(  593): GC_FOR_ALLOC freed 14K, 16% free 19333K/22748K, paused 91ms, total 91ms
D/dalvikvm(  593): GC_FOR_ALLOC freed 372K, 17% free 18963K/22748K, paused 69ms, total 69ms
I/ActivityManager(  593): Displayed com.android.systemui/.usb.UsbDebuggingActivity: +80ms
D/dalvikvm( 1285): GC_CONCURRENT freed 6125K, 21% free 29024K/36488K, paused 3ms+9ms, total 44ms
D/dalvikvm( 1285): GC_CONCURRENT freed 6556K, 21% free 29153K/36488K, paused 3ms+13ms, total 69ms
D/audio_hw_primary(  176): select_devices: out_snd_device(2: speaker) in_snd_device(0: )
D/ACDB-LOADER(  176): ACDB -> send_afe_cal
D/dalvikvm(  593): GC_FOR_ALLOC freed 420K, 17% free 18969K/22748K, paused 65ms, total 65ms
D/dalvikvm(  593): GC_FOR_ALLOC freed 383K, 17% free 18957K/22748K, paused 65ms, total 66ms
W/Settings( 3087): Setting bugreport_in_power_menu has moved from android.provider.Settings.Secure to android.provider.Settings.Global.
E/Cryptfs (  167): not running with encryption, aborting
W/InputMethodManagerService(  593): Window already focused, ignoring focus gain of: com.android.internal.view.IInputMethodClient$Stub$Proxy@4305ebe8 attribute=null, token = android.os.BinderProxy@42f69070
I/ActivityManager(  593): Killing 2272:com.google.android.videos/u0a61 (adj 15): empty #17
W/GAV2    ( 3146): Thread[Service Reconnect,5,main]: Service unavailable (code=1), using local store.
W/ActivityManager(  593): Unable to start service Intent { act=com.google.android.gms.analytics.service.START cmp=com.google.android.gms/.analytics.service.AnalyticsService (has extras) } U=0: not found
D/dalvikvm(  593): GC_FOR_ALLOC freed 447K, 17% free 18961K/22748K, paused 72ms, total 72ms
D/dalvikvm(  593): GC_FOR_ALLOC freed 383K, 17% free 18949K/22748K, paused 65ms, total 65ms
D/dalvikvm(  593): GC_FOR_ALLOC freed 378K, 17% free 18944K/22748K, paused 64ms, total 64ms
D/dalvikvm(  593): GC_FOR_ALLOC freed 372K, 17% free 18944K/22748K, paused 65ms, total 65ms
I/ActivityManager(  593): START u0 {act=android.intent.action.MAIN cat=[android.intent.category.HOME] flg=0x10200000 cmp=com.android.launcher/com.android.launcher2.Launcher} from pid 593
D/dalvikvm(  673): GC_CONCURRENT freed 927K, 14% free 13960K/16104K, paused 7ms+5ms, total 48ms
D/dalvikvm(  593): GC_FOR_ALLOC freed 379K, 17% free 18942K/22748K, paused 78ms, total 78ms
W/InputMethodManagerService(  593): Starting input on non-focused client com.android.internal.view.IInputMethodClient$Stub$Proxy@4306d380 (uid=1000 pid=3087)
D/YouTube ( 3212): apps.youtube.common.e.j.e:170 Scheduling task com.google.android.apps.youtube.datalib.offline.p with ScheduledExecutorService for repeating execution.
D/YouTube ( 3212): apps.youtube.common.e.j.e:170 Scheduling task com.google.android.apps.youtube.datalib.offline.r with ScheduledExecutorService for repeating execution.
I/ActivityManager(  593): Waited long enough for: ServiceRecord{4367c0b0 u0 com.google.android.googlequicksearchbox/com.google.android.search.core.service.SearchService}
I/EsSyncAdapterService( 1285): G+ sync (full, explicit) started.
W/GLSUser (  909): GoogleAccountDataService.getToken()
W/GLSActivity(  909): [apc] Status from wire: BadAuthentication status: BAD_AUTHENTICATION
I/GLSUser (  909): GLS error: BadAuthentication austin.ok@gmail.com oauth2:https://www.googleapis.com/auth/memento
W/GLSActivity(  909): [apc] Status from wire: BadAuthentication status: BAD_AUTHENTICATION
E/KeepSync( 2372): IOException
E/KeepSync( 2372): com.google.android.apiary.AuthenticationException: Could not get an auth token
E/KeepSync( 2372): 	at com.google.android.apiary.GoogleRequestInitializer.getAuthToken(SourceFile:152)
E/KeepSync( 2372): 	at com.google.android.apiary.GoogleRequestInitializer.intercept(SourceFile:89)
E/KeepSync( 2372): 	at com.google.android.keep.syncadapter.b$a.intercept(SourceFile:213)
E/KeepSync( 2372): 	at com.google.api.client.http.HttpRequest.execute(SourceFile:858)
E/KeepSync( 2372): 	at com.google.api.client.googleapis.services.AbstractGoogleClientRequest.executeUnparsed(SourceFile:410)
E/KeepSync( 2372): 	at com.google.api.client.googleapis.services.AbstractGoogleClientRequest.executeUnparsed(SourceFile:343)
E/KeepSync( 2372): 	at com.google.api.client.googleapis.services.AbstractGoogleClientRequest.execute(SourceFile:460)
E/KeepSync( 2372): 	at com.google.android.keep.syncadapter.b.a(SourceFile:187)
E/KeepSync( 2372): 	at com.google.android.keep.syncadapter.KeepSyncAdapter.a(SourceFile:208)
E/KeepSync( 2372): 	at com.google.android.keep.syncadapter.KeepSyncAdapter.onPerformSync(SourceFile:143)
E/KeepSync( 2372): 	at android.content.AbstractThreadedSyncAdapter$SyncThread.run(AbstractThreadedSyncAdapter.java:259)
E/KeepSync( 2372): Caused by: com.google.android.gms.auth.UserRecoverableNotifiedException: User intervention required. Notification has been pushed.
E/KeepSync( 2372): 	at com.google.android.gms.auth.GoogleAuthUtil.a(Unknown Source)
E/KeepSync( 2372): 	at com.google.android.gms.auth.GoogleAuthUtil.getTokenWithNotification(Unknown Source)
E/KeepSync( 2372): 	at com.google.android.apiary.GoogleRequestInitializer.getAuthToken(SourceFile:140)
E/KeepSync( 2372): 	... 10 more
W/KeepSync( 2372): Sync result 2
D/SyncManager(  593): failed sync operation austin.ok@gmail.com u0 (com.google), com.google.android.keep, POLL, latestRunTime 147373, reason: AccountsUpdated, SyncResult: stats [ numIoExceptions: 1]
I/EsNotificationData( 1285): syncNotifications starting sync stream
I/BooksSync( 1612): Starting books sync
W/GLSUser (  909): GoogleAccountDataService.getToken()
W/GLSUser (  909): GoogleAccountDataService.getToken()
W/GLSActivity(  909): [apc] Status from wire: BadAuthentication status: BAD_AUTHENTICATION
I/GLSUser (  909): GLS error: BadAuthentication austin.ok@gmail.com oauth2:https://www.googleapis.com/auth/plus.me https://www.googleapis.com/auth/plus.stream.read https://www.googleapis.com/auth/plus.stream.write https://www.googleapis.com/auth/plus.circles.write https://www.googleapis.com/auth/plus.circles.read https://www.googleapis.com/auth/plus.photos.readwrite https://www.googleapis.com/auth/plus.native
W/GLSActivity(  909): [apc] Status from wire: BadAuthentication status: BAD_AUTHENTICATION
W/GLSActivity(  909): [apc] Status from wire: BadAuthentication status: BAD_AUTHENTICATION
I/GLSUser (  909): GLS error: BadAuthentication austin.ok@gmail.com oauth2:https://www.googleapis.com/auth/plus.me https://www.googleapis.com/auth/plus.stream.read https://www.googleapis.com/auth/plus.stream.write https://www.googleapis.com/auth/plus.circles.write https://www.googleapis.com/auth/plus.circles.read https://www.googleapis.com/auth/plus.photos.readwrite https://www.googleapis.com/auth/plus.native
W/GLSActivity(  909): [apc] Status from wire: BadAuthentication status: BAD_AUTHENTICATION
D/dalvikvm(  909): GC_CONCURRENT freed 429K, 7% free 9806K/10472K, paused 3ms+2ms, total 25ms
D/dalvikvm(  673): GC_EXPLICIT freed 1194K, 17% free 13426K/16104K, paused 2ms+3ms, total 30ms
D/dalvikvm(  593): GC_FOR_ALLOC freed 1145K, 16% free 19165K/22748K, paused 67ms, total 67ms
W/GLSUser (  909): GoogleAccountDataService.getToken()
E/HttpOperation( 1285): Unexpected exception
E/HttpOperation( 1285): java.lang.RuntimeException: Cannot obtain authentication token
E/HttpOperation( 1285): 	at gie.a(PG:60)
E/HttpOperation( 1285): 	at gil.f(PG:193)
E/HttpOperation( 1285): 	at gim.a(PG:601)
E/HttpOperation( 1285): 	at gil.h(PG:148)
E/HttpOperation( 1285): 	at gil.n(PG:120)
E/HttpOperation( 1285): 	at crf.a(PG:748)
E/HttpOperation( 1285): 	at com.google.android.apps.plus.service.EsSyncAdapterService.a(PG:728)
E/HttpOperation( 1285): 	at com.google.android.apps.plus.service.EsSyncAdapterService.a(PG:73)
E/HttpOperation( 1285): 	at eod.onPerformSync(PG:316)
E/HttpOperation( 1285): 	at android.content.AbstractThreadedSyncAdapter$SyncThread.run(AbstractThreadedSyncAdapter.java:259)
E/HttpOperation( 1285): Caused by: android.accounts.AuthenticatorException: Cannot get Oath2 token from GMS
E/HttpOperation( 1285): 	at gau.a(PG:22)
E/HttpOperation( 1285): 	at gic.a(PG:88)
E/HttpOperation( 1285): 	at gie.a(PG:57)
E/HttpOperation( 1285): 	... 9 more
E/HttpOperation( 1285): Caused by: fii: User intervention required. Notification has been pushed.
E/HttpOperation( 1285): 	at fif.b(Unknown Source)
E/HttpOperation( 1285): 	at fif.b(Unknown Source)
E/HttpOperation( 1285): 	at gau.a(PG:19)
E/HttpOperation( 1285): 	... 11 more
I/HttpOperation( 1285): [Sync:gid] failed due to error: 0 java.lang.RuntimeException: Cannot obtain authentication token
I/EsNotificationData( 1285): syncNotifications error with error code 0
E/EsSyncAdapterService( 1285): Sync failure
E/EsSyncAdapterService( 1285): java.io.IOException: Error: 0 [null]
E/EsSyncAdapterService( 1285): 	at crf.a(PG:748)
E/EsSyncAdapterService( 1285): 	at com.google.android.apps.plus.service.EsSyncAdapterService.a(PG:728)
E/EsSyncAdapterService( 1285): 	at com.google.android.apps.plus.service.EsSyncAdapterService.a(PG:73)
E/EsSyncAdapterService( 1285): 	at eod.onPerformSync(PG:316)
E/EsSyncAdapterService( 1285): 	at android.content.AbstractThreadedSyncAdapter$SyncThread.run(AbstractThreadedSyncAdapter.java:259)
I/EsSyncAdapterService( 1285): G+ sync (full, explicit) finished. Elapsed time: 373ms
E/HttpOperation( 1285): Unexpected exception
E/HttpOperation( 1285): java.lang.RuntimeException: Cannot obtain authentication token
E/HttpOperation( 1285): 	at gie.a(PG:60)
E/HttpOperation( 1285): 	at gil.f(PG:193)
E/HttpOperation( 1285): 	at gim.a(PG:601)
E/HttpOperation( 1285): 	at gil.h(PG:148)
E/HttpOperation( 1285): 	at gil.n(PG:120)
E/HttpOperation( 1285): 	at ene.run(PG:5381)
E/HttpOperation( 1285): 	at java.lang.Thread.run(Thread.java:841)
E/HttpOperation( 1285): Caused by: android.accounts.AuthenticatorException: Cannot get Oath2 token from GMS
E/HttpOperation( 1285): 	at gau.a(PG:22)
E/HttpOperation( 1285): 	at gic.a(PG:88)
E/HttpOperation( 1285): 	at gie.a(PG:57)
E/HttpOperation( 1285): 	... 6 more
E/HttpOperation( 1285): Caused by: fii: User intervention required. Notification has been pushed.
E/HttpOperation( 1285): 	at fif.b(Unknown Source)
E/HttpOperation( 1285): 	at fif.b(Unknown Source)
E/HttpOperation( 1285): 	at gau.a(PG:19)
E/HttpOperation( 1285): 	... 8 more
I/HttpOperation( 1285): [postclientlogs] failed due to error: 0 java.lang.RuntimeException: Cannot obtain authentication token
E/EsService( 1285): PostClientLogsOperation failed ex java.lang.RuntimeException: Cannot obtain authentication token errorCode 0
W/GLSActivity(  909): [apc] Status from wire: BadAuthentication status: BAD_AUTHENTICATION
I/GLSUser (  909): GLS error: BadAuthentication austin.ok@gmail.com print
W/GLSActivity(  909): [apc] Status from wire: BadAuthentication status: BAD_AUTHENTICATION
D/dalvikvm(  909): GC_FOR_ALLOC freed 306K, 7% free 9790K/10472K, paused 33ms, total 33ms
W/GLSActivity(  909): com.google.android.gms.auth.UserRecoverableNotifiedException: User intervention required. Notification has been pushed.
W/GLSActivity(  909): 	at com.google.android.gms.auth.GoogleAuthUtil.a(Unknown Source)
W/GLSActivity(  909): 	at com.google.android.gms.auth.GoogleAuthUtil.getTokenWithNotification(Unknown Source)
W/GLSActivity(  909): 	at com.google.android.gsf.loginservice.GoogleLoginService$AccountAuthenticatorImpl.getAuthToken(GoogleLoginService.java:296)
W/GLSActivity(  909): 	at android.accounts.AbstractAccountAuthenticator$Transport.getAuthToken(AbstractAccountAuthenticator.java:196)
W/GLSActivity(  909): 	at android.accounts.IAccountAuthenticator$Stub.onTransact(IAccountAuthenticator.java:113)
W/GLSActivity(  909): 	at android.os.Binder.execTransact(Binder.java:404)
W/GLSActivity(  909): 	at dalvik.system.NativeStart.run(Native Method)
E/BooksAccountManager( 1612): Authentication error
E/BooksAccountManager( 1612): android.accounts.AuthenticatorException: User intervention required. Notification has been pushed.
E/BooksAccountManager( 1612): 	at android.accounts.AccountManager.convertErrorToException(AccountManager.java:1726)
E/BooksAccountManager( 1612): 	at android.accounts.AccountManager.access$400(AccountManager.java:144)
E/BooksAccountManager( 1612): 	at android.accounts.AccountManager$AmsTask$Response.onError(AccountManager.java:1572)
E/BooksAccountManager( 1612): 	at android.accounts.IAccountManagerResponse$Stub.onTransact(IAccountManagerResponse.java:69)
E/BooksAccountManager( 1612): 	at android.os.Binder.execTransact(Binder.java:404)
E/BooksAccountManager( 1612): 	at dalvik.system.NativeStart.run(Native Method)
E/HttpHelper( 1612): null auth token
W/ApiaryClient( 1612): Error response from books API: {
W/ApiaryClient( 1612):  "error": {
W/ApiaryClient( 1612):   "errors": [
W/ApiaryClient( 1612):    {
W/ApiaryClient( 1612):     "domain": "global",
W/ApiaryClient( 1612):     "reason": "required",
W/ApiaryClient( 1612):     "message": "Login Required",
W/ApiaryClient( 1612):     "locationType": "header",
W/ApiaryClient( 1612):     "location": "Authorization"
W/ApiaryClient( 1612):    }
W/ApiaryClient( 1612):   ],
W/ApiaryClient( 1612):   "code": 401,
W/ApiaryClient( 1612):   "message": "Login Required"
W/ApiaryClient( 1612):  }
W/ApiaryClient( 1612): }
W/ApiaryClient( 1612): errCount = 1: com.google.android.apps.books.net.HttpHelper$TokenExpiredException: com.google.api.client.http.HttpResponseException: 401: Unauthorized
W/ApiaryClient( 1612): URL: https://www.googleapis.com/books/v1/myconfig/syncVolumeLicenses?cpksver=2%3Di6eHPUIWM7E&nonce=-1162775319243977381&features=RENTALS&key=AIzaSyCuLL2piIVBGOtu196oSi3-ndISBYPOjCU&source=ge-android-app
W/ApiaryClient( 1612): Headers:
W/ApiaryClient( 1612): accept-encoding: [gzip]
W/ApiaryClient( 1612): user-agent: [BooksAndroid Dalvik/1.6.0 (Linux; U; Android 4.4.2; Nexus 4 Build/KOT49H) com.google.android.apps.books/3.1.33 (30133) Safari/]
W/ApiaryClient( 1612): gdata-version: 2
D/dalvikvm( 1612): GC_CONCURRENT freed 454K, 5% free 9651K/10140K, paused 2ms+1ms, total 18ms
W/GLSUser (  909): GoogleAccountDataService.getToken()
W/GLSActivity(  909): [apc] Status from wire: BadAuthentication status: BAD_AUTHENTICATION
I/GLSUser (  909): GLS error: BadAuthentication austin.ok@gmail.com oauth2:https://www.googleapis.com/auth/plus.me https://www.googleapis.com/auth/plus.stream.read https://www.googleapis.com/auth/plus.stream.write https://www.googleapis.com/auth/plus.circles.write https://www.googleapis.com/auth/plus.circles.read https://www.googleapis.com/auth/plus.photos.readwrite https://www.googleapis.com/auth/plus.native
W/GLSActivity(  909): [apc] Status from wire: BadAuthentication status: BAD_AUTHENTICATION
E/HttpOperation( 1285): Unexpected exception
E/HttpOperation( 1285): java.lang.RuntimeException: Cannot obtain authentication token
E/HttpOperation( 1285): 	at gie.a(PG:60)
E/HttpOperation( 1285): 	at gil.f(PG:193)
E/HttpOperation( 1285): 	at gim.a(PG:601)
E/HttpOperation( 1285): 	at gil.h(PG:148)
E/HttpOperation( 1285): 	at gil.n(PG:120)
E/HttpOperation( 1285): 	at com.google.android.apps.plus.service.EsSyncAdapterService.h(PG:529)
E/HttpOperation( 1285): 	at com.google.android.apps.plus.service.EsSyncAdapterService.f(PG:497)
E/HttpOperation( 1285): 	at com.google.android.apps.plus.service.EsSyncAdapterService.a(PG:73)
E/HttpOperation( 1285): 	at eod.onPerformSync(PG:316)
E/HttpOperation( 1285): 	at android.content.AbstractThreadedSyncAdapter$SyncThread.run(AbstractThreadedSyncAdapter.java:259)
E/HttpOperation( 1285): Caused by: android.accounts.AuthenticatorException: Cannot get Oath2 token from GMS
E/HttpOperation( 1285): 	at gau.a(PG:22)
E/HttpOperation( 1285): 	at gic.a(PG:88)
E/HttpOperation( 1285): 	at gie.a(PG:57)
E/HttpOperation( 1285): 	... 9 more
E/HttpOperation( 1285): Caused by: fii: User intervention required. Notification has been pushed.
E/HttpOperation( 1285): 	at fif.b(Unknown Source)
E/HttpOperation( 1285): 	at fif.b(Unknown Source)
E/HttpOperation( 1285): 	at gau.a(PG:19)
E/HttpOperation( 1285): 	... 11 more
I/HttpOperation( 1285): [getaccountstatus] failed due to error: 0 java.lang.RuntimeException: Cannot obtain authentication token
E/EsSyncAdapterService( 1285): [getaccountstatus] failed due to exception: java.lang.RuntimeException: Cannot obtain authentication token
E/EsSyncAdapterService( 1285): java.lang.RuntimeException: Cannot obtain authentication token
E/EsSyncAdapterService( 1285): 	at gie.a(PG:60)
E/EsSyncAdapterService( 1285): 	at gil.f(PG:193)
E/EsSyncAdapterService( 1285): 	at gim.a(PG:601)
E/EsSyncAdapterService( 1285): 	at gil.h(PG:148)
E/EsSyncAdapterService( 1285): 	at gil.n(PG:120)
E/EsSyncAdapterService( 1285): 	at com.google.android.apps.plus.service.EsSyncAdapterService.h(PG:529)
E/EsSyncAdapterService( 1285): 	at com.google.android.apps.plus.service.EsSyncAdapterService.f(PG:497)
E/EsSyncAdapterService( 1285): 	at com.google.android.apps.plus.service.EsSyncAdapterService.a(PG:73)
E/EsSyncAdapterService( 1285): 	at eod.onPerformSync(PG:316)
E/EsSyncAdapterService( 1285): 	at android.content.AbstractThreadedSyncAdapter$SyncThread.run(AbstractThreadedSyncAdapter.java:259)
E/EsSyncAdapterService( 1285): Caused by: android.accounts.AuthenticatorException: Cannot get Oath2 token from GMS
E/EsSyncAdapterService( 1285): 	at gau.a(PG:22)
E/EsSyncAdapterService( 1285): 	at gic.a(PG:88)
E/EsSyncAdapterService( 1285): 	at gie.a(PG:57)
E/EsSyncAdapterService( 1285): 	... 9 more
E/EsSyncAdapterService( 1285): Caused by: fii: User intervention required. Notification has been pushed.
E/EsSyncAdapterService( 1285): 	at fif.b(Unknown Source)
E/EsSyncAdapterService( 1285): 	at fif.b(Unknown Source)
E/EsSyncAdapterService( 1285): 	at gau.a(PG:19)
E/EsSyncAdapterService( 1285): 	... 11 more
E/EsSyncAdapterService( 1285): Cannot get account status
E/EsSyncAdapterService( 1285): java.io.IOException: getaccountstatus operation failed
E/EsSyncAdapterService( 1285): 	at gil.u(PG:572)
E/EsSyncAdapterService( 1285): 	at gil.d(PG:585)
E/EsSyncAdapterService( 1285): 	at com.google.android.apps.plus.service.EsSyncAdapterService.h(PG:530)
E/EsSyncAdapterService( 1285): 	at com.google.android.apps.plus.service.EsSyncAdapterService.f(PG:497)
E/EsSyncAdapterService( 1285): 	at com.google.android.apps.plus.service.EsSyncAdapterService.a(PG:73)
E/EsSyncAdapterService( 1285): 	at eod.onPerformSync(PG:316)
E/EsSyncAdapterService( 1285): 	at android.content.AbstractThreadedSyncAdapter$SyncThread.run(AbstractThreadedSyncAdapter.java:259)
E/EsSyncAdapterService( 1285): Caused by: java.lang.RuntimeException: Cannot obtain authentication token
E/EsSyncAdapterService( 1285): 	at gie.a(PG:60)
E/EsSyncAdapterService( 1285): 	at gil.f(PG:193)
E/EsSyncAdapterService( 1285): 	at gim.a(PG:601)
